Archive member included to satisfy reference by file (symbol)

app/libapp.a(main.c.obj)      (--whole-archive)
zephyr/libzephyr.a(cbprintf.c.obj)
                              (--whole-archive)
zephyr/libzephyr.a(cbprintf_packaged.c.obj)
                              (--whole-archive)
zephyr/libzephyr.a(crc32c_sw.c.obj)
                              (--whole-archive)
zephyr/libzephyr.a(crc32_sw.c.obj)
                              (--whole-archive)
zephyr/libzephyr.a(crc16_sw.c.obj)
                              (--whole-archive)
zephyr/libzephyr.a(crc8_sw.c.obj)
                              (--whole-archive)
zephyr/libzephyr.a(crc7_sw.c.obj)
                              (--whole-archive)
zephyr/libzephyr.a(dec.c.obj)
                              (--whole-archive)
zephyr/libzephyr.a(fdtable.c.obj)
                              (--whole-archive)
zephyr/libzephyr.a(hex.c.obj)
                              (--whole-archive)
zephyr/libzephyr.a(notify.c.obj)
                              (--whole-archive)
zephyr/libzephyr.a(printk.c.obj)
                              (--whole-archive)
zephyr/libzephyr.a(onoff.c.obj)
                              (--whole-archive)
zephyr/libzephyr.a(rb.c.obj)  (--whole-archive)
zephyr/libzephyr.a(sem.c.obj)
                              (--whole-archive)
zephyr/libzephyr.a(thread_entry.c.obj)
                              (--whole-archive)
zephyr/libzephyr.a(timeutil.c.obj)
                              (--whole-archive)
zephyr/libzephyr.a(heap.c.obj)
                              (--whole-archive)
zephyr/libzephyr.a(heap-validate.c.obj)
                              (--whole-archive)
zephyr/libzephyr.a(bitarray.c.obj)
                              (--whole-archive)
zephyr/libzephyr.a(multi_heap.c.obj)
                              (--whole-archive)
zephyr/libzephyr.a(cbprintf_complete.c.obj)
                              (--whole-archive)
zephyr/libzephyr.a(assert.c.obj)
                              (--whole-archive)
zephyr/libzephyr.a(mpsc_pbuf.c.obj)
                              (--whole-archive)
zephyr/libzephyr.a(reboot.c.obj)
                              (--whole-archive)
zephyr/libzephyr.a(configs.c.obj)
                              (--whole-archive)
zephyr/libzephyr.a(soc_nrf_common.S.obj)
                              (--whole-archive)
zephyr/libzephyr.a(validate_base_addresses.c.obj)
                              (--whole-archive)
zephyr/libzephyr.a(validate_enabled_instances.c.obj)
                              (--whole-archive)
zephyr/libzephyr.a(thread_info.c.obj)
                              (--whole-archive)
zephyr/libzephyr.a(log_list.c.obj)
                              (--whole-archive)
zephyr/libzephyr.a(log_core.c.obj)
                              (--whole-archive)
zephyr/libzephyr.a(log_mgmt.c.obj)
                              (--whole-archive)
zephyr/libzephyr.a(log_msg.c.obj)
                              (--whole-archive)
zephyr/libzephyr.a(log_output.c.obj)
                              (--whole-archive)
zephyr/libzephyr.a(log_msg2.c.obj)
                              (--whole-archive)
zephyr/libzephyr.a(log_backend_uart.c.obj)
                              (--whole-archive)
zephyr/libzephyr.a(log_backend_rtt.c.obj)
                              (--whole-archive)
zephyr/libzephyr.a(pm.c.obj)  (--whole-archive)
zephyr/libzephyr.a(policy.c.obj)
                              (--whole-archive)
zephyr/libzephyr.a(state.c.obj)
                              (--whole-archive)
zephyr/libzephyr.a(tracing_none.c.obj)
                              (--whole-archive)
zephyr/libzephyr.a(nrf_cc3xx_platform_abort_zephyr.c.obj)
                              (--whole-archive)
zephyr/libzephyr.a(nrf_cc3xx_platform_mutex_zephyr.c.obj)
                              (--whole-archive)
zephyr/arch/common/libarch__common.a(sw_isr_common.c.obj)
                              (--whole-archive)
zephyr/arch/arch/arm/core/aarch32/libarch__arm__core__aarch32.a(cpu_idle.S.obj)
                              (--whole-archive)
zephyr/arch/arch/arm/core/aarch32/libarch__arm__core__aarch32.a(fatal.c.obj)
                              (--whole-archive)
zephyr/arch/arch/arm/core/aarch32/libarch__arm__core__aarch32.a(irq_manage.c.obj)
                              (--whole-archive)
zephyr/arch/arch/arm/core/aarch32/libarch__arm__core__aarch32.a(nmi.c.obj)
                              (--whole-archive)
zephyr/arch/arch/arm/core/aarch32/libarch__arm__core__aarch32.a(nmi_on_reset.S.obj)
                              (--whole-archive)
zephyr/arch/arch/arm/core/aarch32/libarch__arm__core__aarch32.a(prep_c.c.obj)
                              (--whole-archive)
zephyr/arch/arch/arm/core/aarch32/libarch__arm__core__aarch32.a(swap.c.obj)
                              (--whole-archive)
zephyr/arch/arch/arm/core/aarch32/libarch__arm__core__aarch32.a(swap_helper.S.obj)
                              (--whole-archive)
zephyr/arch/arch/arm/core/aarch32/libarch__arm__core__aarch32.a(thread.c.obj)
[...]
Memory Configuration

Name             Origin             Length             Attributes
FLASH            0x0000000000000000 0x0000000000100000 xr
SRAM             0x0000000020000000 0x0000000000040000 xw
IDT_LIST         0x00000000fffff7ff 0x0000000000000800 xw
*default*        0x0000000000000000 0xffffffffffffffff

Linker script and memory map

LOAD zephyr/CMakeFiles/zephyr_pre0.dir/misc/empty_file.c.obj
LOAD zephyr/CMakeFiles/offsets.dir/./arch/arm/core/offsets/offsets.c.obj
                0x0000000000000020                _region_min_align = 0x20

.rel.plt        0x0000000000000000        0x0
 *(SORT_BY_ALIGNMENT(.rel.plt))
                [!provide]                        PROVIDE (__rel_iplt_start = .)
 *(SORT_BY_ALIGNMENT(.rel.iplt))
 .rel.iplt      0x0000000000000000        0x0 app/libapp.a(main.c.obj)
                [!provide]                        PROVIDE (__rel_iplt_end = .)

.rela.plt       0x0000000000000000        0x0
 *(SORT_BY_ALIGNMENT(.rela.plt))
                [!provide]                        PROVIDE (__rela_iplt_start = .)
 *(SORT_BY_ALIGNMENT(.rela.iplt))
                [!provide]                        PROVIDE (__rela_iplt_end = .)

.rel.dyn
 *(SORT_BY_ALIGNMENT(.rel.*))

.rela.dyn
 *(SORT_BY_ALIGNMENT(.rela.*))

/DISCARD/
 *(SORT_BY_ALIGNMENT(.plt))
 *(SORT_BY_ALIGNMENT(.iplt))
 *(SORT_BY_ALIGNMENT(.got.plt))
 *(SORT_BY_ALIGNMENT(.igot.plt))
 *(SORT_BY_ALIGNMENT(.got))
 *(SORT_BY_ALIGNMENT(.igot))
 *(SORT_BY_ALIGNMENT(.note.GNU-stack))
                0x0000000000000000                __rom_region_start = 0x0

rom_start       0x0000000000000000      0x100
                0x0000000000000000                . = 0x0
                0x0000000000000000                . = ALIGN (0x4)
                0x0000000000000000                . = ALIGN (0x80)
                0x0000000000000000                . = ALIGN (0x100)
                0x0000000000000000                _vector_start = .
 *(SORT_BY_ALIGNMENT(.exc_vector_table))
 *(SORT_BY_ALIGNMENT(.exc_vector_table.*))
 .exc_vector_table._vector_table_section
                0x0000000000000000       0x40 zephyr/arch/arch/arm/core/aarch32/cortex_m/libarch__arm__core__aarch32__cortex_m.a(vector_table.S.obj)
                0x0000000000000000                _vector_table
 *(SORT_BY_ALIGNMENT(.gnu.linkonce.irq_vector_table*))
 .gnu.linkonce.irq_vector_table
                0x0000000000000040       0xc0 zephyr/arch/common/libisr_tables.a(isr_tables.c.obj)
                0x0000000000000040                _irq_vector_table
 *(SORT_BY_ALIGNMENT(.vectors))
                0x0000000000000100                _vector_end = .

text            0x0000000000000100     0xd06c
                0x0000000000000100                __text_region_start = .
 *(SORT_BY_ALIGNMENT(.text))
 .text          0x0000000000000100      0x168 /home/rt/zephyr-sdk-0.14.1/arm-zephyr-eabi/bin/../lib/gcc/arm-zephyr-eabi/10.3.0/thumb/v7e-m/nofp/libgcc.a(_arm_mulsf3.o)
                0x0000000000000100                __mulsf3
                0x0000000000000100                __aeabi_fmul
 .text          0x0000000000000268      0x21c /home/rt/zephyr-sdk-0.14.1/arm-zephyr-eabi/bin/../lib/gcc/arm-zephyr-eabi/10.3.0/thumb/v7e-m/nofp/libgcc.a(_arm_addsubsf3.o)
                0x0000000000000268                __aeabi_frsub
                0x0000000000000270                __subsf3
                0x0000000000000270                __aeabi_fsub
                0x0000000000000274                __aeabi_fadd
                0x0000000000000274                __addsf3
                0x00000000000003d4                __aeabi_ui2f
                0x00000000000003d4                __floatunsisf
                0x00000000000003dc                __aeabi_i2f
                0x00000000000003dc                __floatsisf
                0x00000000000003f8                __floatundisf
                0x00000000000003f8                __aeabi_ul2f
                0x0000000000000408                __floatdisf
                0x0000000000000408                __aeabi_l2f
 .text          0x0000000000000484       0x40 /home/rt/zephyr-sdk-0.14.1/arm-zephyr-eabi/bin/../lib/gcc/arm-zephyr-eabi/10.3.0/thumb/v7e-m/nofp/libgcc.a(_arm_fixunssfsi.o)
                0x0000000000000484                __aeabi_f2uiz
                0x0000000000000484                __fixunssfsi
 .text          0x00000000000004c4       0x30 /home/rt/zephyr-sdk-0.14.1/arm-zephyr-eabi/bin/../lib/gcc/arm-zephyr-eabi/10.3.0/thumb/v7e-m/nofp/libgcc.a(_aeabi_uldivmod.o)
                0x00000000000004c4                __aeabi_uldivmod
 .text          0x00000000000004f4        0x4 /home/rt/zephyr-sdk-0.14.1/arm-zephyr-eabi/bin/../lib/gcc/arm-zephyr-eabi/10.3.0/thumb/v7e-m/nofp/libgcc.a(_dvmd_tls.o)
                0x00000000000004f4                __aeabi_ldiv0
                0x00000000000004f4                __aeabi_idiv0
 .text          0x00000000000004f8      0x2a6 /home/rt/zephyr-sdk-0.14.1/arm-zephyr-eabi/bin/../lib/gcc/arm-zephyr-eabi/10.3.0/thumb/v7e-m/nofp/libgcc.a(_udivmoddi4.o)
                0x00000000000004f8                __udivmoddi4
 *(SORT_BY_ALIGNMENT(.text.*))
 *fill*         0x000000000000079e        0x2 
 .text.button_pressed
                0x00000000000007a0       0x10 app/libapp.a(main.c.obj)
                0x00000000000007a0                button_pressed
 .text.adc_sample
                0x00000000000007b0       0x60 app/libapp.a(main.c.obj)
 .text.z_impl_gpio_pin_configure
                0x0000000000000810      0x1c4 app/libapp.a(main.c.obj)
 .text.thread_sensor_code
                0x00000000000009d4      0x188 app/libapp.a(main.c.obj)
                0x00000000000009d4                thread_sensor_code
 .text.thread_button_code
                0x0000000000000b5c      0x3d0 app/libapp.a(main.c.obj)
                0x0000000000000b5c                thread_button_code
 .text.thread_output_code
                0x0000000000000f2c      0xafc app/libapp.a(main.c.obj)
                0x0000000000000f2c                thread_output_code
 .text.main     0x0000000000001a28      0x2ac app/libapp.a(main.c.obj)
                0x0000000000001a28                main
 .text.thread_processing_code
                0x0000000000001cd4      0x128 app/libapp.a(main.c.obj)
                0x0000000000001cd4                thread_processing_code
 .text.cbvprintf_package
                0x0000000000001dfc      0x560 zephyr/libzephyr.a(cbprintf_packaged.c.obj)
                0x0000000000001dfc                cbvprintf_package
 .text.sys_notify_finalize
                0x000000000000235c       0x48 zephyr/libzephyr.a(notify.c.obj)
                0x000000000000235c                sys_notify_finalize
 .text.__printk_hook_install
                0x00000000000023a4        0xc zephyr/libzephyr.a(printk.c.obj)
                0x00000000000023a4                __printk_hook_install
 .text.process_complete
                0x00000000000023b0       0xe8 zephyr/libzephyr.a(onoff.c.obj)
 .text.process_event
                0x0000000000002498      0x3d4 zephyr/libzephyr.a(onoff.c.obj)
 .text.transition_complete
                0x000000000000286c       0x6c zephyr/libzephyr.a(onoff.c.obj)
 .text.onoff_request
                0x00000000000028d8      0x17c zephyr/libzephyr.a(onoff.c.obj)
                0x00000000000028d8                onoff_request
 .text.sys_heap_init
                0x0000000000002a54      0x158 zephyr/libzephyr.a(heap.c.obj)
                0x0000000000002a54                sys_heap_init
 .text.extract_conversion
                0x0000000000002bac      0x314 zephyr/libzephyr.a(cbprintf_complete.c.obj)
 .text.cbvprintf
                0x0000000000002ec0      0x5d0 zephyr/libzephyr.a(cbprintf_complete.c.obj)
                0x0000000000002ec0                cbvprintf
 .text.sys_reboot
                0x0000000000003490       0x28 zephyr/libzephyr.a(reboot.c.obj)
                0x0000000000003490                sys_reboot
 .text.msg_process
                0x00000000000034b8       0xc0 zephyr/libzephyr.a(log_core.c.obj)
 .text.log_format_func_t_get
                0x0000000000003578        0xc zephyr/libzephyr.a(log_core.c.obj)
                0x0000000000003578                log_format_func_t_get
 .text.log_init
                0x0000000000003584       0x9c zephyr/libzephyr.a(log_core.c.obj)
                0x0000000000003584                log_init
 .text.log_set_timestamp_func
                0x0000000000003620       0x1c zephyr/libzephyr.a(log_core.c.obj)
                0x0000000000003620                log_set_timestamp_func
 .text.log_core_init
                0x000000000000363c       0x24 zephyr/libzephyr.a(log_core.c.obj)
                0x000000000000363c                log_core_init
 .text.z_impl_log_panic
                0x0000000000003660       0x9c zephyr/libzephyr.a(log_core.c.obj)
                0x0000000000003660                z_impl_log_panic
 .text.z_log_notify_backend_enabled
                0x00000000000036fc        0xc zephyr/libzephyr.a(log_core.c.obj)
                0x00000000000036fc                z_log_notify_backend_enabled
 .text.z_log_dropped
                0x0000000000003708       0x40 zephyr/libzephyr.a(log_core.c.obj)
                0x0000000000003708                z_log_dropped
 .text.z_log_msg2_commit
                0x0000000000003748       0x1c zephyr/libzephyr.a(log_core.c.obj)
                0x0000000000003748                z_log_msg2_commit
 .text.log_source_name_get
                0x0000000000003764       0x20 zephyr/libzephyr.a(log_mgmt.c.obj)
                0x0000000000003764                log_source_name_get
 .text.log_backend_enable
                0x0000000000003784       0x9c zephyr/libzephyr.a(log_mgmt.c.obj)
                0x0000000000003784                log_backend_enable
 .text.print_formatted
                0x0000000000003820       0x24 zephyr/libzephyr.a(log_output.c.obj)
 .text.timestamp_print
                0x0000000000003844       0x8c zephyr/libzephyr.a(log_output.c.obj)
 .text.color_print
                0x00000000000038d0       0x2c zephyr/libzephyr.a(log_output.c.obj)
 .text.newline_print
                0x00000000000038fc       0x28 zephyr/libzephyr.a(log_output.c.obj)
 .text.hexdump_line_print
                0x0000000000003924       0xbc zephyr/libzephyr.a(log_output.c.obj)
 .text.ids_print
                0x00000000000039e0       0x6c zephyr/libzephyr.a(log_output.c.obj)
 .text.prefix_print
                0x0000000000003a4c       0x78 zephyr/libzephyr.a(log_output.c.obj)
 .text.log_output_msg2_process
                0x0000000000003ac4       0xe8 zephyr/libzephyr.a(log_output.c.obj)
                0x0000000000003ac4                log_output_msg2_process
 .text.log_output_timestamp_freq_set
                0x0000000000003bac       0x2c zephyr/libzephyr.a(log_output.c.obj)
                0x0000000000003bac                log_output_timestamp_freq_set
 .text.z_impl_z_log_msg2_runtime_vcreate
                0x0000000000003bd8       0xd8 zephyr/libzephyr.a(log_msg2.c.obj)
                0x0000000000003bd8                z_impl_z_log_msg2_runtime_vcreate
 .text.char_out
                0x0000000000003cb0       0x24 zephyr/libzephyr.a(log_backend_uart.c.obj)
 .text.format_set
                0x0000000000003cd4        0xc zephyr/libzephyr.a(log_backend_uart.c.obj)
 .text.log_backend_uart_init
                0x0000000000003ce0       0x3c zephyr/libzephyr.a(log_backend_uart.c.obj)
 .text.panic    0x0000000000003d1c       0x18 zephyr/libzephyr.a(log_backend_uart.c.obj)
 .text.process  0x0000000000003d34       0x20 zephyr/libzephyr.a(log_backend_uart.c.obj)
 .text.log_backend_rtt_init
                0x0000000000003d54       0x1c zephyr/libzephyr.a(log_backend_rtt.c.obj)
 .text.format_set
                0x0000000000003d70        0xc zephyr/libzephyr.a(log_backend_rtt.c.obj)
 .text.on_failed_write
                0x0000000000003d7c       0x1c zephyr/libzephyr.a(log_backend_rtt.c.obj)
 .text.on_write
                0x0000000000003d98       0x38 zephyr/libzephyr.a(log_backend_rtt.c.obj)
 .text.data_out_block_mode
                0x0000000000003dd0       0x4c zephyr/libzephyr.a(log_backend_rtt.c.obj)
 .text.panic    0x0000000000003e1c       0x18 zephyr/libzephyr.a(log_backend_rtt.c.obj)
 .text.process  0x0000000000003e34       0x20 zephyr/libzephyr.a(log_backend_rtt.c.obj)
 .text.pm_system_resume
                0x0000000000003e54      0x134 zephyr/libzephyr.a(pm.c.obj)
                0x0000000000003e54                pm_system_resume
 .text.pm_system_suspend
                0x0000000000003f88      0x1f8 zephyr/libzephyr.a(pm.c.obj)
                0x0000000000003f88                pm_system_suspend
 .text.pm_policy_state_lock_is_active
                0x0000000000004180       0x1c zephyr/libzephyr.a(policy.c.obj)
                0x0000000000004180                pm_policy_state_lock_is_active
 .text.pm_policy_next_state
                0x000000000000419c       0x94 zephyr/libzephyr.a(policy.c.obj)
                0x000000000000419c                pm_policy_next_state
 .text.pm_state_cpu_get_all
                0x0000000000004230       0x10 zephyr/libzephyr.a(state.c.obj)
                0x0000000000004230                pm_state_cpu_get_all
 .text.nrf_cc3xx_platform_abort_init
                0x0000000000004240       0x10 zephyr/libzephyr.a(nrf_cc3xx_platform_abort_zephyr.c.obj)
                0x0000000000004240                nrf_cc3xx_platform_abort_init
 .text.mutex_unlock_platform
                0x0000000000004250       0x50 zephyr/libzephyr.a(nrf_cc3xx_platform_mutex_zephyr.c.obj)
 .text.mutex_lock_platform
                0x00000000000042a0       0x5c zephyr/libzephyr.a(nrf_cc3xx_platform_mutex_zephyr.c.obj)
 .text.mutex_free_platform
                0x00000000000042fc       0x4c zephyr/libzephyr.a(nrf_cc3xx_platform_mutex_zephyr.c.obj)
 .text.mutex_init_platform
                0x0000000000004348       0x74 zephyr/libzephyr.a(nrf_cc3xx_platform_mutex_zephyr.c.obj)
 .text.nrf_cc3xx_platform_mutex_init
                0x00000000000043bc       0x28 zephyr/libzephyr.a(nrf_cc3xx_platform_mutex_zephyr.c.obj)
                0x00000000000043bc                nrf_cc3xx_platform_mutex_init
 .text.z_arm_cpu_idle_init
                0x00000000000043e4        0xc zephyr/arch/arch/arm/core/aarch32/libarch__arm__core__aarch32.a(cpu_idle.S.obj)
                0x00000000000043e4                z_arm_cpu_idle_init
 .text.arch_cpu_idle
                0x00000000000043f0       0x1c zephyr/arch/arch/arm/core/aarch32/libarch__arm__core__aarch32.a(cpu_idle.S.obj)
                0x00000000000043f0                arch_cpu_idle
 .text.arch_cpu_atomic_idle
                0x000000000000440c       0x14 zephyr/arch/arch/arm/core/aarch32/libarch__arm__core__aarch32.a(cpu_idle.S.obj)
                0x000000000000440c                arch_cpu_atomic_idle
 .text.esf_dump
                0x0000000000004420       0x94 zephyr/arch/arch/arm/core/aarch32/libarch__arm__core__aarch32.a(fatal.c.obj)
 .text.arch_irq_enable
                0x00000000000044b4       0x1c zephyr/arch/arch/arm/core/aarch32/libarch__arm__core__aarch32.a(irq_manage.c.obj)
                0x00000000000044b4                arch_irq_enable
 .text.arch_irq_is_enabled
                0x00000000000044d0       0x1c zephyr/arch/arch/arm/core/aarch32/libarch__arm__core__aarch32.a(irq_manage.c.obj)
                0x00000000000044d0                arch_irq_is_enabled
 .text.z_arm_irq_priority_set
                0x00000000000044ec       0x6c zephyr/arch/arch/arm/core/aarch32/libarch__arm__core__aarch32.a(irq_manage.c.obj)
                0x00000000000044ec                z_arm_irq_priority_set
 .text.z_SysNmiOnReset
                0x0000000000004558        0x8 zephyr/arch/arch/arm/core/aarch32/libarch__arm__core__aarch32.a(nmi_on_reset.S.obj)
                0x0000000000004558                z_SysNmiOnReset
 .text.z_arm_prep_c
                0x0000000000004560       0x38 zephyr/arch/arch/arm/core/aarch32/libarch__arm__core__aarch32.a(prep_c.c.obj)
                0x0000000000004560                z_arm_prep_c
 .text.arch_swap
                0x0000000000004598       0x38 zephyr/arch/arch/arm/core/aarch32/libarch__arm__core__aarch32.a(swap.c.obj)
                0x0000000000004598                arch_swap
 .text.z_arm_pendsv
                0x00000000000045d0       0x58 zephyr/arch/arch/arm/core/aarch32/libarch__arm__core__aarch32.a(swap_helper.S.obj)
                0x00000000000045d0                z_arm_pendsv
 .text.z_arm_svc
                0x0000000000004628       0x20 zephyr/arch/arch/arm/core/aarch32/libarch__arm__core__aarch32.a(swap_helper.S.obj)
                0x0000000000004628                z_arm_svc
 .text.arch_new_thread
                0x0000000000004648       0x44 zephyr/arch/arch/arm/core/aarch32/libarch__arm__core__aarch32.a(thread.c.obj)
                0x0000000000004648                arch_new_thread
 .text.z_check_thread_stack_fail
                0x000000000000468c       0x50 zephyr/arch/arch/arm/core/aarch32/libarch__arm__core__aarch32.a(thread.c.obj)
                0x000000000000468c                z_check_thread_stack_fail
 .text.arch_switch_to_main_thread
                0x00000000000046dc       0x2c zephyr/arch/arch/arm/core/aarch32/libarch__arm__core__aarch32.a(thread.c.obj)
                0x00000000000046dc                arch_switch_to_main_thread
 .text._isr_wrapper
                0x0000000000004708       0x40 zephyr/arch/arch/arm/core/aarch32/libarch__arm__core__aarch32.a(isr_wrapper.S.obj)
                0x0000000000004708                _isr_wrapper
 .text._HandlerModeExit
                0x0000000000004748       0x1c zephyr/arch/arch/arm/core/aarch32/cortex_m/libarch__arm__core__aarch32__cortex_m.a(exc_exit.S.obj)
                0x0000000000004748                z_arm_exc_exit
                0x0000000000004748                z_arm_int_exit
 .text.bus_fault
                0x0000000000004764      0x150 zephyr/arch/arch/arm/core/aarch32/cortex_m/libarch__arm__core__aarch32__cortex_m.a(fault.c.obj)
 .text.usage_fault
                0x00000000000048b4      0x114 zephyr/arch/arch/arm/core/aarch32/cortex_m/libarch__arm__core__aarch32__cortex_m.a(fault.c.obj)
 .text.debug_monitor
                0x00000000000049c8       0x28 zephyr/arch/arch/arm/core/aarch32/cortex_m/libarch__arm__core__aarch32__cortex_m.a(fault.c.obj)
 .text.reserved_exception
                0x00000000000049f0       0x40 zephyr/arch/arch/arm/core/aarch32/cortex_m/libarch__arm__core__aarch32__cortex_m.a(fault.c.obj)
 .text.mem_manage_fault
                0x0000000000004a30      0x1bc zephyr/arch/arch/arm/core/aarch32/cortex_m/libarch__arm__core__aarch32__cortex_m.a(fault.c.obj)
 .text.hard_fault
                0x0000000000004bec      0x168 zephyr/arch/arch/arm/core/aarch32/cortex_m/libarch__arm__core__aarch32__cortex_m.a(fault.c.obj)
 .text.z_arm_fault
                0x0000000000004d54       0xe8 zephyr/arch/arch/arm/core/aarch32/cortex_m/libarch__arm__core__aarch32__cortex_m.a(fault.c.obj)
                0x0000000000004d54                z_arm_fault
 .text.z_arm_fault_init
                0x0000000000004e3c       0x10 zephyr/arch/arch/arm/core/aarch32/cortex_m/libarch__arm__core__aarch32__cortex_m.a(fault.c.obj)
                0x0000000000004e3c                z_arm_fault_init
 .text.__fault  0x0000000000004e4c       0x14 zephyr/arch/arch/arm/core/aarch32/cortex_m/libarch__arm__core__aarch32__cortex_m.a(fault_s.S.obj)
                0x0000000000004e4c                z_arm_bus_fault
                0x0000000000004e4c                z_arm_usage_fault
                0x0000000000004e4c                z_arm_mpu_fault
                0x0000000000004e4c                z_arm_exc_spurious
                0x0000000000004e4c                z_arm_debug_monitor
                0x0000000000004e4c                z_arm_hard_fault
 .text.z_arm_interrupt_init
                0x0000000000004e60       0x34 zephyr/arch/arch/arm/core/aarch32/cortex_m/libarch__arm__core__aarch32__cortex_m.a(irq_init.c.obj)
                0x0000000000004e60                z_arm_interrupt_init
 .text._reset_section
                0x0000000000004e94       0x54 zephyr/arch/arch/arm/core/aarch32/cortex_m/libarch__arm__core__aarch32__cortex_m.a(reset.S.obj)
                0x0000000000004e94                z_arm_reset
                0x0000000000004e94                __start
 .text.z_arm_clear_arm_mpu_config
                0x0000000000004ee8       0x28 zephyr/arch/arch/arm/core/aarch32/cortex_m/libarch__arm__core__aarch32__cortex_m.a(scb.c.obj)
                0x0000000000004ee8                z_arm_clear_arm_mpu_config
 .text.z_arm_init_arch_hw_at_boot
                0x0000000000004f10       0x54 zephyr/arch/arch/arm/core/aarch32/cortex_m/libarch__arm__core__aarch32__cortex_m.a(scb.c.obj)
                0x0000000000004f10                z_arm_init_arch_hw_at_boot
 .text.z_impl_k_thread_abort
                0x0000000000004f64       0x34 zephyr/arch/arch/arm/core/aarch32/cortex_m/libarch__arm__core__aarch32__cortex_m.a(thread_abort.c.obj)
                0x0000000000004f64                z_impl_k_thread_abort
 .text.z_arm_configure_static_mpu_regions
                0x0000000000004f98       0x1c zephyr/arch/arch/arm/core/aarch32/mpu/libarch__arm__core__aarch32__mpu.a(arm_core_mpu.c.obj)
                0x0000000000004f98                z_arm_configure_static_mpu_regions
 .text.z_arm_configure_dynamic_mpu_regions
                0x0000000000004fb4       0x24 zephyr/arch/arch/arm/core/aarch32/mpu/libarch__arm__core__aarch32__mpu.a(arm_core_mpu.c.obj)
                0x0000000000004fb4                z_arm_configure_dynamic_mpu_regions
 .text.region_init
                0x0000000000004fd8       0x28 zephyr/arch/arch/arm/core/aarch32/mpu/libarch__arm__core__aarch32__mpu.a(arm_mpu.c.obj)
 .text.region_allocate_and_init
                0x0000000000005000       0x38 zephyr/arch/arch/arm/core/aarch32/mpu/libarch__arm__core__aarch32__mpu.a(arm_mpu.c.obj)
 .text.mpu_configure_regions
                0x0000000000005038       0x70 zephyr/arch/arch/arm/core/aarch32/mpu/libarch__arm__core__aarch32__mpu.a(arm_mpu.c.obj)
 .text.mpu_configure_static_mpu_regions
                0x00000000000050a8       0x14 zephyr/arch/arch/arm/core/aarch32/mpu/libarch__arm__core__aarch32__mpu.a(arm_mpu.c.obj)
 .text.mpu_configure_dynamic_mpu_regions
                0x00000000000050bc       0x34 zephyr/arch/arch/arm/core/aarch32/mpu/libarch__arm__core__aarch32__mpu.a(arm_mpu.c.obj)
 .text.arm_core_mpu_enable
                0x00000000000050f0       0x18 zephyr/arch/arch/arm/core/aarch32/mpu/libarch__arm__core__aarch32__mpu.a(arm_mpu.c.obj)
                0x00000000000050f0                arm_core_mpu_enable
 .text.arm_core_mpu_disable
                0x0000000000005108       0x14 zephyr/arch/arch/arm/core/aarch32/mpu/libarch__arm__core__aarch32__mpu.a(arm_mpu.c.obj)
                0x0000000000005108                arm_core_mpu_disable
 .text.arm_core_mpu_configure_static_mpu_regions
                0x000000000000511c       0x44 zephyr/arch/arch/arm/core/aarch32/mpu/libarch__arm__core__aarch32__mpu.a(arm_mpu.c.obj)
                0x000000000000511c                arm_core_mpu_configure_static_mpu_regions
 .text.arm_core_mpu_configure_dynamic_mpu_regions
                0x0000000000005160       0x44 zephyr/arch/arch/arm/core/aarch32/mpu/libarch__arm__core__aarch32__mpu.a(arm_mpu.c.obj)
                0x0000000000005160                arm_core_mpu_configure_dynamic_mpu_regions
 .text.z_arm_mpu_init
                0x00000000000051a4       0xb8 zephyr/arch/arch/arm/core/aarch32/mpu/libarch__arm__core__aarch32__mpu.a(arm_mpu.c.obj)
                0x00000000000051a4                z_arm_mpu_init
 .text.__stdout_hook_install
                0x000000000000525c        0xc zephyr/lib/libc/minimal/liblib__libc__minimal.a(stdout_console.c.obj)
                0x000000000000525c                __stdout_hook_install
 .text.z_impl_zephyr_fputc
                0x0000000000005268       0x1c zephyr/lib/libc/minimal/liblib__libc__minimal.a(stdout_console.c.obj)
                0x0000000000005268                z_impl_zephyr_fputc
 .text.printf   0x0000000000005284       0x24 zephyr/lib/libc/minimal/liblib__libc__minimal.a(fprintf.c.obj)
                0x0000000000005284                printf
 .text.nordicsemi_nrf52_init
                0x00000000000052a8       0x4c zephyr/soc/arm/nordic_nrf/nrf52/libsoc__arm__nordic_nrf__nrf52.a(soc.c.obj)
 .text.sys_arch_reboot
                0x00000000000052f4       0x2c zephyr/soc/arm/nordic_nrf/nrf52/libsoc__arm__nordic_nrf__nrf52.a(soc.c.obj)
                0x00000000000052f4                sys_arch_reboot
 .text.arch_busy_wait
                0x0000000000005320       0x18 zephyr/soc/arm/nordic_nrf/nrf52/libsoc__arm__nordic_nrf__nrf52.a(soc.c.obj)
                0x0000000000005320                arch_busy_wait
 .text.adc_context_start_sampling
                0x0000000000005338       0x24 zephyr/drivers/adc/libdrivers__adc.a(adc_nrfx_saadc.c.obj)
 .text.adc_context_update_buffer_pointer
                0x000000000000535c       0x1c zephyr/drivers/adc/libdrivers__adc.a(adc_nrfx_saadc.c.obj)
 .text.set_resolution
                0x0000000000005378       0x60 zephyr/drivers/adc/libdrivers__adc.a(adc_nrfx_saadc.c.obj)
 .text.set_oversampling
                0x00000000000053d8       0x74 zephyr/drivers/adc/libdrivers__adc.a(adc_nrfx_saadc.c.obj)
 .text.check_buffer_size
                0x000000000000544c       0x44 zephyr/drivers/adc/libdrivers__adc.a(adc_nrfx_saadc.c.obj)
 .text.adc_nrfx_channel_setup
                0x0000000000005490      0x1d8 zephyr/drivers/adc/libdrivers__adc.a(adc_nrfx_saadc.c.obj)
 .text.start_read
                0x0000000000005668      0x184 zephyr/drivers/adc/libdrivers__adc.a(adc_nrfx_saadc.c.obj)
 .text.adc_nrfx_read
                0x00000000000057ec       0x30 zephyr/drivers/adc/libdrivers__adc.a(adc_nrfx_saadc.c.obj)
 .text.init_saadc
                0x000000000000581c       0x4c zephyr/drivers/adc/libdrivers__adc.a(adc_nrfx_saadc.c.obj)
 .text.saadc_irq_handler
                0x0000000000005868       0xec zephyr/drivers/adc/libdrivers__adc.a(adc_nrfx_saadc.c.obj)
 .text.get_hf_flags
                0x0000000000005954        0x8 zephyr/drivers/clock_control/libdrivers__clock_control.a(clock_control_nrf.c.obj)
 .text.get_subsys
                0x000000000000595c        0xc zephyr/drivers/clock_control/libdrivers__clock_control.a(clock_control_nrf.c.obj)
 .text.onoff_start
                0x0000000000005968       0x34 zephyr/drivers/clock_control/libdrivers__clock_control.a(clock_control_nrf.c.obj)
 .text.generic_hfclk_stop
                0x000000000000599c       0x30 zephyr/drivers/clock_control/libdrivers__clock_control.a(clock_control_nrf.c.obj)
 .text.get_status
                0x00000000000059cc       0x40 zephyr/drivers/clock_control/libdrivers__clock_control.a(clock_control_nrf.c.obj)
 .text.stop     0x0000000000005a0c       0x60 zephyr/drivers/clock_control/libdrivers__clock_control.a(clock_control_nrf.c.obj)
 .text.onoff_stop
                0x0000000000005a6c       0x20 zephyr/drivers/clock_control/libdrivers__clock_control.a(clock_control_nrf.c.obj)
 .text.clock_event_handler
                0x0000000000005a8c       0x78 zephyr/drivers/clock_control/libdrivers__clock_control.a(clock_control_nrf.c.obj)
 .text.api_blocking_start
                0x0000000000005b04       0x38 zephyr/drivers/clock_control/libdrivers__clock_control.a(clock_control_nrf.c.obj)
 .text.clk_init
                0x0000000000005b3c       0x60 zephyr/drivers/clock_control/libdrivers__clock_control.a(clock_control_nrf.c.obj)
 .text.lfclk_spinwait
                0x0000000000005b9c       0xe4 zephyr/drivers/clock_control/libdrivers__clock_control.a(clock_control_nrf.c.obj)
 .text.generic_hfclk_start
                0x0000000000005c80       0x68 zephyr/drivers/clock_control/libdrivers__clock_control.a(clock_control_nrf.c.obj)
 .text.z_nrf_clock_control_lf_on
                0x0000000000005ce8       0xa0 zephyr/drivers/clock_control/libdrivers__clock_control.a(clock_control_nrf.c.obj)
                0x0000000000005ce8                z_nrf_clock_control_lf_on
 .text.console_out
                0x0000000000005d88       0x2c zephyr/drivers/console/libdrivers__console.a(uart_console.c.obj)
 .text.uart_console_hook_install
                0x0000000000005db4       0x18 zephyr/drivers/console/libdrivers__console.a(uart_console.c.obj)
 .text.uart_console_init
                0x0000000000005dcc       0x24 zephyr/drivers/console/libdrivers__console.a(uart_console.c.obj)
 .text.get_dev  0x0000000000005df0       0x1c zephyr/drivers/gpio/libdrivers__gpio.a(gpio_nrfx.c.obj)
 .text.gpio_nrfx_manage_callback
                0x0000000000005e0c       0xcc zephyr/drivers/gpio/libdrivers__gpio.a(gpio_nrfx.c.obj)
 .text.nrfx_gpio_handler
                0x0000000000005ed8       0x88 zephyr/drivers/gpio/libdrivers__gpio.a(gpio_nrfx.c.obj)
 .text.gpio_nrfx_pin_interrupt_configure
                0x0000000000005f60      0x134 zephyr/drivers/gpio/libdrivers__gpio.a(gpio_nrfx.c.obj)
 .text.pin_uninit
                0x0000000000006094       0x48 zephyr/drivers/gpio/libdrivers__gpio.a(gpio_nrfx.c.obj)
 .text.gpio_nrfx_pin_configure
                0x00000000000060dc      0x104 zephyr/drivers/gpio/libdrivers__gpio.a(gpio_nrfx.c.obj)
 .text.gpio_nrfx_init
                0x00000000000061e0       0x3c zephyr/drivers/gpio/libdrivers__gpio.a(gpio_nrfx.c.obj)
 .text.baudrate_set
                0x000000000000621c      0x150 zephyr/drivers/serial/libdrivers__serial.a(uart_nrfx_uarte.c.obj)
 .text.uarte_nrfx_poll_out
                0x000000000000636c       0x70 zephyr/drivers/serial/libdrivers__serial.a(uart_nrfx_uarte.c.obj)
 .text.endtx_stoptx_ppi_init
                0x00000000000063dc       0x68 zephyr/drivers/serial/libdrivers__serial.a(uart_nrfx_uarte.c.obj)
 .text.set_comparator
                0x0000000000006444       0x14 zephyr/drivers/timer/libdrivers__timer.a(nrf_rtc_timer.c.obj)
 .text.get_comparator
                0x0000000000006458       0x10 zephyr/drivers/timer/libdrivers__timer.a(nrf_rtc_timer.c.obj)
 .text.event_enable
                0x0000000000006468       0x14 zephyr/drivers/timer/libdrivers__timer.a(nrf_rtc_timer.c.obj)
 .text.event_disable
                0x000000000000647c       0x14 zephyr/drivers/timer/libdrivers__timer.a(nrf_rtc_timer.c.obj)
 .text.counter  0x0000000000006490        0xc zephyr/drivers/timer/libdrivers__timer.a(nrf_rtc_timer.c.obj)
 .text.compare_int_lock
                0x000000000000649c       0x50 zephyr/drivers/timer/libdrivers__timer.a(nrf_rtc_timer.c.obj)
 .text.channel_processing_check_and_clear
                0x00000000000064ec       0x78 zephyr/drivers/timer/libdrivers__timer.a(nrf_rtc_timer.c.obj)
 .text.compare_int_unlock
                0x0000000000006564       0x60 zephyr/drivers/timer/libdrivers__timer.a(nrf_rtc_timer.c.obj)
 .text.sys_clock_timeout_handler
                0x00000000000065c4       0x78 zephyr/drivers/timer/libdrivers__timer.a(nrf_rtc_timer.c.obj)
 .text.z_nrf_rtc_timer_read
                0x000000000000663c       0x40 zephyr/drivers/timer/libdrivers__timer.a(nrf_rtc_timer.c.obj)
                0x000000000000663c                z_nrf_rtc_timer_read
 .text.compare_set_nolocks
                0x000000000000667c       0xa0 zephyr/drivers/timer/libdrivers__timer.a(nrf_rtc_timer.c.obj)
 .text.sys_clock_driver_init
                0x000000000000671c       0x94 zephyr/drivers/timer/libdrivers__timer.a(nrf_rtc_timer.c.obj)
 .text.process_channel
                0x00000000000067b0       0x74 zephyr/drivers/timer/libdrivers__timer.a(nrf_rtc_timer.c.obj)
 .text.rtc_nrf_isr
                0x0000000000006824       0x44 zephyr/drivers/timer/libdrivers__timer.a(nrf_rtc_timer.c.obj)
                0x0000000000006824                rtc_nrf_isr
 .text.sys_clock_set_timeout
                0x0000000000006868       0x64 zephyr/drivers/timer/libdrivers__timer.a(nrf_rtc_timer.c.obj)
                0x0000000000006868                sys_clock_set_timeout
 .text.sys_clock_elapsed
                0x00000000000068cc       0x14 zephyr/drivers/timer/libdrivers__timer.a(nrf_rtc_timer.c.obj)
                0x00000000000068cc                sys_clock_elapsed
 .text.nrf_pin_configure
                0x00000000000068e0       0xc0 zephyr/drivers/pinctrl/libdrivers__pinctrl.a(pinctrl_nrf.c.obj)
 .text.pinctrl_configure_pins
                0x00000000000069a0      0x910 zephyr/drivers/pinctrl/libdrivers__pinctrl.a(pinctrl_nrf.c.obj)
                0x00000000000069a0                pinctrl_configure_pins
 .text.k_sys_fatal_error_handler
                0x00000000000072b0       0x2c modules/nrf/lib/fatal_error/lib..__nrf__lib__fatal_error.a(fatal_error.c.obj)
                0x00000000000072b0                k_sys_fatal_error_handler
 .text.nvmc_wait
                0x00000000000072dc       0x10 modules/hal_nordic/nrfx/libmodules__hal_nordic__nrfx.a(system_nrf52840.c.obj)
                0x00000000000072dc                nvmc_wait
 .text.nvmc_config
                0x00000000000072ec       0x14 modules/hal_nordic/nrfx/libmodules__hal_nordic__nrfx.a(system_nrf52840.c.obj)
                0x00000000000072ec                nvmc_config
 .text.SystemCoreClockUpdate
                0x0000000000007300       0x10 modules/hal_nordic/nrfx/libmodules__hal_nordic__nrfx.a(system_nrf52840.c.obj)
                0x0000000000007300                SystemCoreClockUpdate
 .text.SystemInit
                0x0000000000007310      0x1ac modules/hal_nordic/nrfx/libmodules__hal_nordic__nrfx.a(system_nrf52840.c.obj)
                0x0000000000007310                SystemInit
 .text.nrfx_flag32_alloc
                0x00000000000074bc       0x50 modules/hal_nordic/nrfx/libmodules__hal_nordic__nrfx.a(nrfx_flag32_allocator.c.obj)
                0x00000000000074bc                nrfx_flag32_alloc
 .text.nrfx_flag32_free
                0x000000000000750c       0x44 modules/hal_nordic/nrfx/libmodules__hal_nordic__nrfx.a(nrfx_flag32_allocator.c.obj)
                0x000000000000750c                nrfx_flag32_free
 .text.clock_stop
                0x0000000000007550      0x118 modules/hal_nordic/nrfx/libmodules__hal_nordic__nrfx.a(nrfx_clock.c.obj)
 .text.nrfx_clock_init
                0x0000000000007668       0x54 modules/hal_nordic/nrfx/libmodules__hal_nordic__nrfx.a(nrfx_clock.c.obj)
                0x0000000000007668                nrfx_clock_init
 .text.nrfx_clock_enable
                0x00000000000076bc       0x50 modules/hal_nordic/nrfx/libmodules__hal_nordic__nrfx.a(nrfx_clock.c.obj)
                0x00000000000076bc                nrfx_clock_enable
 .text.nrfx_clock_start
                0x000000000000770c       0xec modules/hal_nordic/nrfx/libmodules__hal_nordic__nrfx.a(nrfx_clock.c.obj)
                0x000000000000770c                nrfx_clock_start
 .text.nrfx_clock_stop
                0x00000000000077f8       0x40 modules/hal_nordic/nrfx/libmodules__hal_nordic__nrfx.a(nrfx_clock.c.obj)
                0x00000000000077f8                nrfx_clock_stop
 .text.nrfx_power_clock_irq_handler
                0x0000000000007838       0x7c modules/hal_nordic/nrfx/libmodules__hal_nordic__nrfx.a(nrfx_clock.c.obj)
                0x0000000000007838                nrfx_power_clock_irq_handler
 .text.pin_in_use
                0x00000000000078b4       0x14 modules/hal_nordic/nrfx/libmodules__hal_nordic__nrfx.a(nrfx_gpiote.c.obj)
 .text.pin_in_use_by_te
                0x00000000000078c8       0x14 modules/hal_nordic/nrfx/libmodules__hal_nordic__nrfx.a(nrfx_gpiote.c.obj)
 .text.pin_has_trigger
                0x00000000000078dc       0x18 modules/hal_nordic/nrfx/libmodules__hal_nordic__nrfx.a(nrfx_gpiote.c.obj)
 .text.pin_is_output
                0x00000000000078f4       0x14 modules/hal_nordic/nrfx/libmodules__hal_nordic__nrfx.a(nrfx_gpiote.c.obj)
 .text.pin_te_get
                0x0000000000007908       0x10 modules/hal_nordic/nrfx/libmodules__hal_nordic__nrfx.a(nrfx_gpiote.c.obj)
 .text.handler_in_use
                0x0000000000007918       0x34 modules/hal_nordic/nrfx/libmodules__hal_nordic__nrfx.a(nrfx_gpiote.c.obj)
 .text.find_handler
                0x000000000000794c       0x2c modules/hal_nordic/nrfx/libmodules__hal_nordic__nrfx.a(nrfx_gpiote.c.obj)
 .text.channel_handler_get
                0x0000000000007978       0x20 modules/hal_nordic/nrfx/libmodules__hal_nordic__nrfx.a(nrfx_gpiote.c.obj)
 .text.call_handler
                0x0000000000007998       0x2c modules/hal_nordic/nrfx/libmodules__hal_nordic__nrfx.a(nrfx_gpiote.c.obj)
 .text.release_handler
                0x00000000000079c4       0x74 modules/hal_nordic/nrfx/libmodules__hal_nordic__nrfx.a(nrfx_gpiote.c.obj)
 .text.pin_handler_trigger_uninit
                0x0000000000007a38       0x38 modules/hal_nordic/nrfx/libmodules__hal_nordic__nrfx.a(nrfx_gpiote.c.obj)
 .text.pin_handler_set
                0x0000000000007a70       0x6c modules/hal_nordic/nrfx/libmodules__hal_nordic__nrfx.a(nrfx_gpiote.c.obj)
 .text.gpiote_evt_handle
                0x0000000000007adc       0x44 modules/hal_nordic/nrfx/libmodules__hal_nordic__nrfx.a(nrfx_gpiote.c.obj)
 .text.latch_pending_read_and_check
                0x0000000000007b20       0x50 modules/hal_nordic/nrfx/libmodules__hal_nordic__nrfx.a(nrfx_gpiote.c.obj)
 .text.next_sense_cond_call_handler
                0x0000000000007b70      0x284 modules/hal_nordic/nrfx/libmodules__hal_nordic__nrfx.a(nrfx_gpiote.c.obj)
 .text.port_event_handle
                0x0000000000007df4      0x1bc modules/hal_nordic/nrfx/libmodules__hal_nordic__nrfx.a(nrfx_gpiote.c.obj)
 .text.nrfx_gpiote_input_configure
                0x0000000000007fb0      0x1e8 modules/hal_nordic/nrfx/libmodules__hal_nordic__nrfx.a(nrfx_gpiote.c.obj)
                0x0000000000007fb0                nrfx_gpiote_input_configure
 .text.nrfx_gpiote_output_configure
                0x0000000000008198      0x1f4 modules/hal_nordic/nrfx/libmodules__hal_nordic__nrfx.a(nrfx_gpiote.c.obj)
                0x0000000000008198                nrfx_gpiote_output_configure
 .text.nrfx_gpiote_global_callback_set
                0x000000000000838c        0xc modules/hal_nordic/nrfx/libmodules__hal_nordic__nrfx.a(nrfx_gpiote.c.obj)
                0x000000000000838c                nrfx_gpiote_global_callback_set
 .text.nrfx_gpiote_channel_get
                0x0000000000008398       0x58 modules/hal_nordic/nrfx/libmodules__hal_nordic__nrfx.a(nrfx_gpiote.c.obj)
                0x0000000000008398                nrfx_gpiote_channel_get
 .text.nrfx_gpiote_init
                0x00000000000083f0       0x54 modules/hal_nordic/nrfx/libmodules__hal_nordic__nrfx.a(nrfx_gpiote.c.obj)
                0x00000000000083f0                nrfx_gpiote_init
 .text.nrfx_gpiote_is_init
                0x0000000000008444       0x14 modules/hal_nordic/nrfx/libmodules__hal_nordic__nrfx.a(nrfx_gpiote.c.obj)
                0x0000000000008444                nrfx_gpiote_is_init
 .text.nrfx_gpiote_channel_free
                0x0000000000008458       0x10 modules/hal_nordic/nrfx/libmodules__hal_nordic__nrfx.a(nrfx_gpiote.c.obj)
                0x0000000000008458                nrfx_gpiote_channel_free
 .text.nrfx_gpiote_channel_alloc
                0x0000000000008468       0x10 modules/hal_nordic/nrfx/libmodules__hal_nordic__nrfx.a(nrfx_gpiote.c.obj)
                0x0000000000008468                nrfx_gpiote_channel_alloc
 .text.nrfx_gpiote_trigger_enable
                0x0000000000008478      0x218 modules/hal_nordic/nrfx/libmodules__hal_nordic__nrfx.a(nrfx_gpiote.c.obj)
                0x0000000000008478                nrfx_gpiote_trigger_enable
 .text.nrfx_gpiote_trigger_disable
                0x0000000000008690       0xd0 modules/hal_nordic/nrfx/libmodules__hal_nordic__nrfx.a(nrfx_gpiote.c.obj)
                0x0000000000008690                nrfx_gpiote_trigger_disable
 .text.nrfx_gpiote_pin_uninit
                0x0000000000008760       0xb8 modules/hal_nordic/nrfx/libmodules__hal_nordic__nrfx.a(nrfx_gpiote.c.obj)
                0x0000000000008760                nrfx_gpiote_pin_uninit
 .text.nrfx_gpiote_irq_handler
                0x0000000000008818       0x60 modules/hal_nordic/nrfx/libmodules__hal_nordic__nrfx.a(nrfx_gpiote.c.obj)
                0x0000000000008818                nrfx_gpiote_irq_handler
 .text.nrfx_ppi_channel_alloc
                0x0000000000008878       0x10 modules/hal_nordic/nrfx/libmodules__hal_nordic__nrfx.a(nrfx_ppi.c.obj)
                0x0000000000008878                nrfx_ppi_channel_alloc
 .text._DoInit  0x0000000000008888       0x60 modules/segger/libmodules__segger.a(SEGGER_RTT.c.obj)
 .text.SEGGER_RTT_WriteSkipNoLock
                0x00000000000088e8       0xc8 modules/segger/libmodules__segger.a(SEGGER_RTT.c.obj)
                0x00000000000088e8                SEGGER_RTT_WriteSkipNoLock
 .text.SEGGER_RTT_HasDataUp
                0x00000000000089b0       0x20 modules/segger/libmodules__segger.a(SEGGER_RTT.c.obj)
                0x00000000000089b0                SEGGER_RTT_HasDataUp
 .text.z_device_state_init
                0x00000000000089d0       0x18 zephyr/kernel/libkernel.a(device.c.obj)
                0x00000000000089d0                z_device_state_init
 .text.z_sys_init_run_level
                0x00000000000089e8       0x50 zephyr/kernel/libkernel.a(device.c.obj)
                0x00000000000089e8                z_sys_init_run_level
 .text.z_impl_device_get_binding
                0x0000000000008a38       0x64 zephyr/kernel/libkernel.a(device.c.obj)
                0x0000000000008a38                z_impl_device_get_binding
 .text.reason_to_str
                0x0000000000008a9c       0x40 zephyr/kernel/libkernel.a(fatal.c.obj)
 .text.thread_name_get
                0x0000000000008adc       0x20 zephyr/kernel/libkernel.a(fatal.c.obj)
 .text.z_fatal_error
                0x0000000000008afc       0xd8 zephyr/kernel/libkernel.a(fatal.c.obj)
                0x0000000000008afc                z_fatal_error
 .text.init_idle_thread
                0x0000000000008bd4       0x60 zephyr/kernel/libkernel.a(init.c.obj)
 .text.bg_thread_main
                0x0000000000008c34       0x34 zephyr/kernel/libkernel.a(init.c.obj)
 .text.switch_to_main_thread
                0x0000000000008c68       0x14 zephyr/kernel/libkernel.a(init.c.obj)
 .text.z_bss_zero
                0x0000000000008c7c       0x18 zephyr/kernel/libkernel.a(init.c.obj)
                0x0000000000008c7c                z_bss_zero
 .text.z_init_cpu
                0x0000000000008c94       0x44 zephyr/kernel/libkernel.a(init.c.obj)
                0x0000000000008c94                z_init_cpu
 .text.prepare_multithreading
                0x0000000000008cd8       0x60 zephyr/kernel/libkernel.a(init.c.obj)
 .text.z_cstart
                0x0000000000008d38       0x90 zephyr/kernel/libkernel.a(init.c.obj)
                0x0000000000008d38                z_cstart
 .text.init_mem_slab_module
                0x0000000000008dc8       0x5c zephyr/kernel/libkernel.a(mem_slab.c.obj)
 .text.k_mem_slab_alloc
                0x0000000000008e24       0xec zephyr/kernel/libkernel.a(mem_slab.c.obj)
                0x0000000000008e24                k_mem_slab_alloc
 .text.k_mem_slab_free
                0x0000000000008f10       0xd0 zephyr/kernel/libkernel.a(mem_slab.c.obj)
                0x0000000000008f10                k_mem_slab_free
 .text.schedule_new_thread
                0x0000000000008fe0       0x1c zephyr/kernel/libkernel.a(thread.c.obj)
 .text.z_spin_lock_valid
                0x0000000000008ffc       0x20 zephyr/kernel/libkernel.a(thread.c.obj)
                0x0000000000008ffc                z_spin_lock_valid
 .text.z_spin_unlock_valid
                0x000000000000901c       0x20 zephyr/kernel/libkernel.a(thread.c.obj)
                0x000000000000901c                z_spin_unlock_valid
 .text.z_spin_lock_set_owner
                0x000000000000903c       0x10 zephyr/kernel/libkernel.a(thread.c.obj)
                0x000000000000903c                z_spin_lock_set_owner
 .text.z_thread_monitor_exit
                0x000000000000904c       0xb4 zephyr/kernel/libkernel.a(thread.c.obj)
                0x000000000000904c                z_thread_monitor_exit
 .text.z_setup_new_thread
                0x0000000000009100      0x18c zephyr/kernel/libkernel.a(thread.c.obj)
                0x0000000000009100                z_setup_new_thread
 .text.z_impl_k_thread_create
                0x000000000000928c       0x94 zephyr/kernel/libkernel.a(thread.c.obj)
                0x000000000000928c                z_impl_k_thread_create
 .text.z_init_static_threads
                0x0000000000009320       0xf4 zephyr/kernel/libkernel.a(thread.c.obj)
                0x0000000000009320                z_init_static_threads
 .text.idle     0x0000000000009414       0x68 zephyr/kernel/libkernel.a(idle.c.obj)
                0x0000000000009414                idle
 .text.z_impl_k_mutex_lock
                0x000000000000947c      0x240 zephyr/kernel/libkernel.a(mutex.c.obj)
                0x000000000000947c                z_impl_k_mutex_lock
 .text.z_impl_k_mutex_unlock
                0x00000000000096bc      0x1a8 zephyr/kernel/libkernel.a(mutex.c.obj)
                0x00000000000096bc                z_impl_k_mutex_unlock
 .text.z_impl_k_sem_give
                0x0000000000009864       0x88 zephyr/kernel/libkernel.a(sem.c.obj)
                0x0000000000009864                z_impl_k_sem_give
 .text.z_impl_k_sem_take
                0x00000000000098ec      0x12c zephyr/kernel/libkernel.a(sem.c.obj)
                0x00000000000098ec                z_impl_k_sem_take
 .text.pended_on_thread
                0x0000000000009a18       0x34 zephyr/kernel/libkernel.a(sched.c.obj)
 .text.add_thread_timeout
                0x0000000000009a4c       0x20 zephyr/kernel/libkernel.a(sched.c.obj)
 .text.z_reset_time_slice
                0x0000000000009a6c       0x28 zephyr/kernel/libkernel.a(sched.c.obj)
                0x0000000000009a6c                z_reset_time_slice
 .text.k_sched_time_slice_set
                0x0000000000009a94       0xec zephyr/kernel/libkernel.a(sched.c.obj)
                0x0000000000009a94                k_sched_time_slice_set
 .text.z_unpend_thread_no_timeout
                0x0000000000009b80       0xb4 zephyr/kernel/libkernel.a(sched.c.obj)
                0x0000000000009b80                z_unpend_thread_no_timeout
 .text.z_reschedule
                0x0000000000009c34       0x9c zephyr/kernel/libkernel.a(sched.c.obj)
                0x0000000000009c34                z_reschedule
 .text.k_sched_lock
                0x0000000000009cd0      0x104 zephyr/kernel/libkernel.a(sched.c.obj)
                0x0000000000009cd0                k_sched_lock
 .text.z_priq_dumb_remove
                0x0000000000009dd4       0x48 zephyr/kernel/libkernel.a(sched.c.obj)
                0x0000000000009dd4                z_priq_dumb_remove
 .text.update_cache
                0x0000000000009e1c       0x84 zephyr/kernel/libkernel.a(sched.c.obj)
 .text.move_thread_to_end_of_prio_q
                0x0000000000009ea0       0xb8 zephyr/kernel/libkernel.a(sched.c.obj)
 .text.slice_expired_locked
                0x0000000000009f58       0x28 zephyr/kernel/libkernel.a(sched.c.obj)
 .text.z_time_slice
                0x0000000000009f80      0x150 zephyr/kernel/libkernel.a(sched.c.obj)
                0x0000000000009f80                z_time_slice
 .text.ready_thread
                0x000000000000a0d0       0xac zephyr/kernel/libkernel.a(sched.c.obj)
 .text.z_ready_thread
                0x000000000000a17c       0xac zephyr/kernel/libkernel.a(sched.c.obj)
                0x000000000000a17c                z_ready_thread
 .text.z_sched_start
                0x000000000000a228       0xb0 zephyr/kernel/libkernel.a(sched.c.obj)
                0x000000000000a228                z_sched_start
 .text.z_impl_k_thread_resume
                0x000000000000a2d8       0xb0 zephyr/kernel/libkernel.a(sched.c.obj)
                0x000000000000a2d8                z_impl_k_thread_resume
 .text.z_thread_timeout
                0x000000000000a388       0xe8 zephyr/kernel/libkernel.a(sched.c.obj)
                0x000000000000a388                z_thread_timeout
 .text.unready_thread
                0x000000000000a470       0x38 zephyr/kernel/libkernel.a(sched.c.obj)
 .text.add_to_waitq_locked
                0x000000000000a4a8       0x84 zephyr/kernel/libkernel.a(sched.c.obj)
 .text.pend     0x000000000000a52c       0xb8 zephyr/kernel/libkernel.a(sched.c.obj)
 .text.z_pend_curr
                0x000000000000a5e4       0x60 zephyr/kernel/libkernel.a(sched.c.obj)
                0x000000000000a5e4                z_pend_curr
 .text.z_set_prio
                0x000000000000a644      0x15c zephyr/kernel/libkernel.a(sched.c.obj)
                0x000000000000a644                z_set_prio
 .text.z_impl_k_thread_suspend
                0x000000000000a7a0       0xf8 zephyr/kernel/libkernel.a(sched.c.obj)
                0x000000000000a7a0                z_impl_k_thread_suspend
 .text.k_sched_unlock
                0x000000000000a898      0x128 zephyr/kernel/libkernel.a(sched.c.obj)
                0x000000000000a898                k_sched_unlock
 .text.end_thread
                0x000000000000a9c0       0x9c zephyr/kernel/libkernel.a(sched.c.obj)
 .text.z_unpend1_no_timeout
                0x000000000000aa5c       0xc0 zephyr/kernel/libkernel.a(sched.c.obj)
                0x000000000000aa5c                z_unpend1_no_timeout
 .text.z_unpend_first_thread
                0x000000000000ab1c       0xc8 zephyr/kernel/libkernel.a(sched.c.obj)
                0x000000000000ab1c                z_unpend_first_thread
 .text.z_sched_init
                0x000000000000abe4       0x18 zephyr/kernel/libkernel.a(sched.c.obj)
                0x000000000000abe4                z_sched_init
 .text.z_impl_k_yield
                0x000000000000abfc      0x15c zephyr/kernel/libkernel.a(sched.c.obj)
                0x000000000000abfc                z_impl_k_yield
 .text.z_tick_sleep
                0x000000000000ad58      0x17c zephyr/kernel/libkernel.a(sched.c.obj)
 .text.z_impl_k_sleep
                0x000000000000aed4       0x98 zephyr/kernel/libkernel.a(sched.c.obj)
                0x000000000000aed4                z_impl_k_sleep
 .text.z_impl_z_current_get
                0x000000000000af6c        0xc zephyr/kernel/libkernel.a(sched.c.obj)
                0x000000000000af6c                z_impl_z_current_get
 .text.z_thread_abort
                0x000000000000af78      0x144 zephyr/kernel/libkernel.a(sched.c.obj)
                0x000000000000af78                z_thread_abort
 .text.z_data_copy
                0x000000000000b0bc       0x34 zephyr/kernel/libkernel.a(xip.c.obj)
                0x000000000000b0bc                z_data_copy
 .text.first    0x000000000000b0f0       0x14 zephyr/kernel/libkernel.a(timeout.c.obj)
 .text.next     0x000000000000b104       0x18 zephyr/kernel/libkernel.a(timeout.c.obj)
 .text.elapsed  0x000000000000b11c       0x18 zephyr/kernel/libkernel.a(timeout.c.obj)
 .text.next_timeout
                0x000000000000b134       0x4c zephyr/kernel/libkernel.a(timeout.c.obj)
 .text.z_add_timeout
                0x000000000000b180      0x1c8 zephyr/kernel/libkernel.a(timeout.c.obj)
                0x000000000000b180                z_add_timeout
 .text.z_abort_timeout
                0x000000000000b348       0xb4 zephyr/kernel/libkernel.a(timeout.c.obj)
                0x000000000000b348                z_abort_timeout
 .text.z_get_next_timeout_expiry
                0x000000000000b3fc       0xa4 zephyr/kernel/libkernel.a(timeout.c.obj)
                0x000000000000b3fc                z_get_next_timeout_expiry
 .text.z_set_timeout_expiry
                0x000000000000b4a0       0xcc zephyr/kernel/libkernel.a(timeout.c.obj)
                0x000000000000b4a0                z_set_timeout_expiry
 .text.sys_clock_announce
                0x000000000000b56c      0x190 zephyr/kernel/libkernel.a(timeout.c.obj)
                0x000000000000b56c                sys_clock_announce
 .text.sys_clock_tick_get
                0x000000000000b6fc       0xb4 zephyr/kernel/libkernel.a(timeout.c.obj)
                0x000000000000b6fc                sys_clock_tick_get
 .text.z_timer_expiration_handler
                0x000000000000b7b0      0x194 zephyr/kernel/libkernel.a(timer.c.obj)
                0x000000000000b7b0                z_timer_expiration_handler
 .text.z_impl_k_timer_start
                0x000000000000b944       0xac zephyr/kernel/libkernel.a(timer.c.obj)
                0x000000000000b944                z_impl_k_timer_start
 .text.k_thread_system_pool_assign
                0x000000000000b9f0        0xc zephyr/kernel/libkernel.a(mempool.c.obj)
                0x000000000000b9f0                k_thread_system_pool_assign
 .text.boot_banner
                0x000000000000b9fc       0x1c zephyr/kernel/libkernel.a(banner.c.obj)
                0x000000000000b9fc                boot_banner
 .text.statics_init
                0x000000000000ba18       0x58 zephyr/kernel/libkernel.a(kheap.c.obj)
 .text.nrf_cc3xx_platform_init_no_rng
                0x000000000000ba70       0x38 /home/rt/ncs/nrfxlib/crypto/nrf_cc310_platform/lib/cortex-m4/soft-float/no-interrupts/libnrf_cc310_platform_0.9.14.a(nrf_cc3xx_platform.c.obj)
                0x000000000000ba70                nrf_cc3xx_platform_init_no_rng
 .text.nrf_cc3xx_platform_abort
                0x000000000000baa8       0x24 /home/rt/ncs/nrfxlib/crypto/nrf_cc310_platform/lib/cortex-m4/soft-float/no-interrupts/libnrf_cc310_platform_0.9.14.a(nrf_cc3xx_platform_abort.c.obj)
 .text.CC_PalAbort
                0x000000000000bacc       0x34 /home/rt/ncs/nrfxlib/crypto/nrf_cc310_platform/lib/cortex-m4/soft-float/no-interrupts/libnrf_cc310_platform_0.9.14.a(nrf_cc3xx_platform_abort.c.obj)
                0x000000000000bacc                CC_PalAbort
 .text.nrf_cc3xx_platform_set_abort
                0x000000000000bb00       0x10 /home/rt/ncs/nrfxlib/crypto/nrf_cc310_platform/lib/cortex-m4/soft-float/no-interrupts/libnrf_cc310_platform_0.9.14.a(nrf_cc3xx_platform_abort.c.obj)
                0x000000000000bb00                nrf_cc3xx_platform_set_abort
 .text.mutex_free
                0x000000000000bb10       0x28 /home/rt/ncs/nrfxlib/crypto/nrf_cc310_platform/lib/cortex-m4/soft-float/no-interrupts/libnrf_cc310_platform_0.9.14.a(nrf_cc3xx_platform_mutex.c.obj)
 .text.mutex_lock
                0x000000000000bb38       0x40 /home/rt/ncs/nrfxlib/crypto/nrf_cc310_platform/lib/cortex-m4/soft-float/no-interrupts/libnrf_cc310_platform_0.9.14.a(nrf_cc3xx_platform_mutex.c.obj)
 .text.mutex_unlock
                0x000000000000bb78       0x2c /home/rt/ncs/nrfxlib/crypto/nrf_cc310_platform/lib/cortex-m4/soft-float/no-interrupts/libnrf_cc310_platform_0.9.14.a(nrf_cc3xx_platform_mutex.c.obj)
 .text.mutex_init
                0x000000000000bba4       0x1c /home/rt/ncs/nrfxlib/crypto/nrf_cc310_platform/lib/cortex-m4/soft-float/no-interrupts/libnrf_cc310_platform_0.9.14.a(nrf_cc3xx_platform_mutex.c.obj)
 .text.nrf_cc3xx_platform_set_mutexes
                0x000000000000bbc0       0x60 /home/rt/ncs/nrfxlib/crypto/nrf_cc310_platform/lib/cortex-m4/soft-float/no-interrupts/libnrf_cc310_platform_0.9.14.a(nrf_cc3xx_platform_mutex.c.obj)
                0x000000000000bbc0                nrf_cc3xx_platform_set_mutexes
 .text.CC_LibInitNoRng
                0x000000000000bc20       0x64 /home/rt/ncs/nrfxlib/crypto/nrf_cc310_platform/lib/cortex-m4/soft-float/no-interrupts/libnrf_cc310_platform_0.9.14.a(cc_lib.c.obj)
                0x000000000000bc20                CC_LibInitNoRng
 .text.CC_HalInit
                0x000000000000bc84        0x4 /home/rt/ncs/nrfxlib/crypto/nrf_cc310_platform/lib/cortex-m4/soft-float/no-interrupts/libnrf_cc310_platform_0.9.14.a(cc_hal.c.obj)
                0x000000000000bc84                CC_HalInit
 .text.CC_HalTerminate
                0x000000000000bc88        0x4 /home/rt/ncs/nrfxlib/crypto/nrf_cc310_platform/lib/cortex-m4/soft-float/no-interrupts/libnrf_cc310_platform_0.9.14.a(cc_hal.c.obj)
                0x000000000000bc88                CC_HalTerminate
 .text.CC_HalMaskInterrupt
                0x000000000000bc8c        0xc /home/rt/ncs/nrfxlib/crypto/nrf_cc310_platform/lib/cortex-m4/soft-float/no-interrupts/libnrf_cc310_platform_0.9.14.a(cc_hal.c.obj)
                0x000000000000bc8c                CC_HalMaskInterrupt
 .text.CC_PalInit
                0x000000000000bc98       0x5c /home/rt/ncs/nrfxlib/crypto/nrf_cc310_platform/lib/cortex-m4/soft-float/no-interrupts/libnrf_cc310_platform_0.9.14.a(cc_pal.c.obj)
                0x000000000000bc98                CC_PalInit
 .text.CC_PalTerminate
                0x000000000000bcf4       0x34 /home/rt/ncs/nrfxlib/crypto/nrf_cc310_platform/lib/cortex-m4/soft-float/no-interrupts/libnrf_cc310_platform_0.9.14.a(cc_pal.c.obj)
                0x000000000000bcf4                CC_PalTerminate
 .text.CC_PalDmaInit
                0x000000000000bd28        0x4 /home/rt/ncs/nrfxlib/crypto/nrf_cc310_platform/lib/cortex-m4/soft-float/no-interrupts/libnrf_cc310_platform_0.9.14.a(cc_pal_dma.c.obj)
                0x000000000000bd28                CC_PalDmaInit
 .text.CC_PalDmaTerminate
                0x000000000000bd2c        0x4 /home/rt/ncs/nrfxlib/crypto/nrf_cc310_platform/lib/cortex-m4/soft-float/no-interrupts/libnrf_cc310_platform_0.9.14.a(cc_pal_dma.c.obj)
                0x000000000000bd2c                CC_PalDmaTerminate
 .text.CC_PalMutexCreate
                0x000000000000bd30       0x14 /home/rt/ncs/nrfxlib/crypto/nrf_cc310_platform/lib/cortex-m4/soft-float/no-interrupts/libnrf_cc310_platform_0.9.14.a(cc_pal_mutex.c.obj)
                0x000000000000bd30                CC_PalMutexCreate
 .text.CC_PalMutexDestroy
                0x000000000000bd44       0x14 /home/rt/ncs/nrfxlib/crypto/nrf_cc310_platform/lib/cortex-m4/soft-float/no-interrupts/libnrf_cc310_platform_0.9.14.a(cc_pal_mutex.c.obj)
                0x000000000000bd44                CC_PalMutexDestroy
 .text.CC_PalPowerSaveModeInit
                0x000000000000bd58       0x3c /home/rt/ncs/nrfxlib/crypto/nrf_cc310_platform/lib/cortex-m4/soft-float/no-interrupts/libnrf_cc310_platform_0.9.14.a(cc_pal_pm.c.obj)
                0x000000000000bd58                CC_PalPowerSaveModeInit
 .text.CC_PalPowerSaveModeSelect
                0x000000000000bd94       0x88 /home/rt/ncs/nrfxlib/crypto/nrf_cc310_platform/lib/cortex-m4/soft-float/no-interrupts/libnrf_cc310_platform_0.9.14.a(cc_pal_pm.c.obj)
                0x000000000000bd94                CC_PalPowerSaveModeSelect
 .text._OffsetAbsSyms
                0x000000000000be1c        0x2 zephyr/CMakeFiles/offsets.dir/./arch/arm/core/offsets/offsets.c.obj
                0x000000000000be1c                _OffsetAbsSyms
 .text.gpio_pin_configure_dt
                0x000000000000be1e       0x16 app/libapp.a(main.c.obj)
 .text.precedentsAverage
                0x000000000000be34       0x30 app/libapp.a(main.c.obj)
                0x000000000000be34                precedentsAverage
 .text.cbprintf_via_va_list
                0x000000000000be64        0xe zephyr/libzephyr.a(cbprintf_packaged.c.obj)
 .text.cbpprintf_external
                0x000000000000be72       0x5e zephyr/libzephyr.a(cbprintf_packaged.c.obj)
                0x000000000000be72                cbpprintf_external
 .text.sys_notify_validate
                0x000000000000bed0       0x2e zephyr/libzephyr.a(notify.c.obj)
                0x000000000000bed0                sys_notify_validate
 .text.arch_printk_char_out
                0x000000000000befe        0x4 zephyr/libzephyr.a(printk.c.obj)
                0x000000000000befe                arch_printk_char_out
 .text.vprintk  0x000000000000bf02        0x8 zephyr/libzephyr.a(printk.c.obj)
                0x000000000000bf02                vprintk
 .text.printk   0x000000000000bf0a       0x1c zephyr/libzephyr.a(printk.c.obj)
                0x000000000000bf0a                printk
 .text.set_state
                0x000000000000bf26       0x10 zephyr/libzephyr.a(onoff.c.obj)
 .text.notify_monitors
                0x000000000000bf36       0x3e zephyr/libzephyr.a(onoff.c.obj)
 .text.process_recheck
                0x000000000000bf74       0x32 zephyr/libzephyr.a(onoff.c.obj)
 .text.validate_args
                0x000000000000bfa6       0x2c zephyr/libzephyr.a(onoff.c.obj)
 .text.notify_one
                0x000000000000bfd2       0x26 zephyr/libzephyr.a(onoff.c.obj)
 .text.notify_all
                0x000000000000bff8       0x2e zephyr/libzephyr.a(onoff.c.obj)
 .text.onoff_manager_init
                0x000000000000c026       0x38 zephyr/libzephyr.a(onoff.c.obj)
                0x000000000000c026                onoff_manager_init
 .text.z_thread_entry
                0x000000000000c05e       0x14 zephyr/libzephyr.a(thread_entry.c.obj)
                0x000000000000c05e                z_thread_entry
 .text.free_list_add_bidx
                0x000000000000c072       0x50 zephyr/libzephyr.a(heap.c.obj)
 .text.free_list_add
                0x000000000000c0c2       0x18 zephyr/libzephyr.a(heap.c.obj)
 .text.extract_decimal
                0x000000000000c0da       0x24 zephyr/libzephyr.a(cbprintf_complete.c.obj)
 .text.encode_uint
                0x000000000000c0fe       0xd4 zephyr/libzephyr.a(cbprintf_complete.c.obj)
 .text.outs     0x000000000000c1d2       0x34 zephyr/libzephyr.a(cbprintf_complete.c.obj)
 .text.assert_post_action
                0x000000000000c206        0xe zephyr/libzephyr.a(assert.c.obj)
                0x000000000000c206                assert_post_action
 .text.assert_print
                0x000000000000c214       0x1c zephyr/libzephyr.a(assert.c.obj)
                0x000000000000c214                assert_print
 .text._ConfigAbsSyms
                0x000000000000c230        0x2 zephyr/libzephyr.a(configs.c.obj)
                0x000000000000c230                _ConfigAbsSyms
 .text.dummy_timestamp
                0x000000000000c232        0x4 zephyr/libzephyr.a(log_core.c.obj)
 .text.msg_filter_check
                0x000000000000c236        0x4 zephyr/libzephyr.a(log_core.c.obj)
 .text.default_get_timestamp
                0x000000000000c23a        0x8 zephyr/libzephyr.a(log_core.c.obj)
 .text.z_log_vprintk
                0x000000000000c242       0x1e zephyr/libzephyr.a(log_core.c.obj)
                0x000000000000c242                z_log_vprintk
 .text.enable_logger
                0x000000000000c260        0xa zephyr/libzephyr.a(log_core.c.obj)
 .text.z_log_get_tag
                0x000000000000c26a        0x4 zephyr/libzephyr.a(log_core.c.obj)
                0x000000000000c26a                z_log_get_tag
 .text.out_func
                0x000000000000c26e       0x1e zephyr/libzephyr.a(log_output.c.obj)
 .text.cr_out_func
                0x000000000000c28c       0x1c zephyr/libzephyr.a(log_output.c.obj)
 .text.buffer_write
                0x000000000000c2a8       0x1a zephyr/libzephyr.a(log_output.c.obj)
 .text.color_prefix
                0x000000000000c2c2        0xc zephyr/libzephyr.a(log_output.c.obj)
 .text.color_postfix
                0x000000000000c2ce        0xc zephyr/libzephyr.a(log_output.c.obj)
 .text.postfix_print
                0x000000000000c2da       0x18 zephyr/libzephyr.a(log_output.c.obj)
 .text.log_msg2_hexdump
                0x000000000000c2f2       0x36 zephyr/libzephyr.a(log_output.c.obj)
 .text.log_output_flush
                0x000000000000c328       0x1a zephyr/libzephyr.a(log_output.c.obj)
                0x000000000000c328                log_output_flush
 .text.z_log_msg2_finalize
                0x000000000000c342       0x32 zephyr/libzephyr.a(log_msg2.c.obj)
                0x000000000000c342                z_log_msg2_finalize
 .text.abort_function
                0x000000000000c374        0x8 zephyr/libzephyr.a(nrf_cc3xx_platform_abort_zephyr.c.obj)
 .text.z_log_msg2_runtime_create
                0x000000000000c37c       0x1e zephyr/arch/arch/arm/core/aarch32/libarch__arm__core__aarch32.a(fatal.c.obj)
 .text.z_arm_fatal_error
                0x000000000000c39a       0x18 zephyr/arch/arch/arm/core/aarch32/libarch__arm__core__aarch32.a(fatal.c.obj)
                0x000000000000c39a                z_arm_fatal_error
 .text.z_do_kernel_oops
                0x000000000000c3b2        0xc zephyr/arch/arch/arm/core/aarch32/libarch__arm__core__aarch32.a(fatal.c.obj)
                0x000000000000c3b2                z_do_kernel_oops
 .text.z_irq_spurious
                0x000000000000c3be        0xc zephyr/arch/arch/arm/core/aarch32/libarch__arm__core__aarch32.a(irq_manage.c.obj)
                0x000000000000c3be                z_irq_spurious
 .text.z_arm_nmi
                0x000000000000c3ca        0xc zephyr/arch/arch/arm/core/aarch32/libarch__arm__core__aarch32.a(nmi.c.obj)
                0x000000000000c3ca                z_arm_nmi
 .text.memory_fault_recoverable
                0x000000000000c3d6        0x4 zephyr/arch/arch/arm/core/aarch32/cortex_m/libarch__arm__core__aarch32__cortex_m.a(fault.c.obj)
 .text.z_log_msg2_runtime_create
                0x000000000000c3da       0x1e zephyr/arch/arch/arm/core/aarch32/cortex_m/libarch__arm__core__aarch32__cortex_m.a(fault.c.obj)
 .text.fault_handle
                0x000000000000c3f8       0x4a zephyr/arch/arch/arm/core/aarch32/cortex_m/libarch__arm__core__aarch32__cortex_m.a(fault.c.obj)
 .text.mpu_partition_is_valid
                0x000000000000c442       0x22 zephyr/arch/arch/arm/core/aarch32/mpu/libarch__arm__core__aarch32__mpu.a(arm_mpu.c.obj)
 .text.z_log_msg2_runtime_create
                0x000000000000c464       0x1e zephyr/arch/arch/arm/core/aarch32/mpu/libarch__arm__core__aarch32__mpu.a(arm_mpu.c.obj)
 .text.mpu_configure_region
                0x000000000000c482       0x3e zephyr/arch/arch/arm/core/aarch32/mpu/libarch__arm__core__aarch32__mpu.a(arm_mpu.c.obj)
 .text.strcpy   0x000000000000c4c0       0x14 zephyr/lib/libc/minimal/liblib__libc__minimal.a(string.c.obj)
                0x000000000000c4c0                strcpy
 .text.strncpy  0x000000000000c4d4       0x34 zephyr/lib/libc/minimal/liblib__libc__minimal.a(string.c.obj)
                0x000000000000c4d4                strncpy
 .text.strlen   0x000000000000c508       0x12 zephyr/lib/libc/minimal/liblib__libc__minimal.a(string.c.obj)
                0x000000000000c508                strlen
 .text.strnlen  0x000000000000c51a       0x14 zephyr/lib/libc/minimal/liblib__libc__minimal.a(string.c.obj)
                0x000000000000c51a                strnlen
 .text.strcmp   0x000000000000c52e       0x16 zephyr/lib/libc/minimal/liblib__libc__minimal.a(string.c.obj)
                0x000000000000c52e                strcmp
 .text.memcpy   0x000000000000c544       0x5e zephyr/lib/libc/minimal/liblib__libc__minimal.a(string.c.obj)
                0x000000000000c544                memcpy
 .text.memset   0x000000000000c5a2       0x3c zephyr/lib/libc/minimal/liblib__libc__minimal.a(string.c.obj)
                0x000000000000c5a2                memset
 .text._stdout_hook_default
                0x000000000000c5de        0x6 zephyr/lib/libc/minimal/liblib__libc__minimal.a(stdout_console.c.obj)
 .text.fputc    0x000000000000c5e4        0x8 zephyr/lib/libc/minimal/liblib__libc__minimal.a(stdout_console.c.obj)
                0x000000000000c5e4                fputc
 .text.nrf52_errata_197
                0x000000000000c5ec       0x20 zephyr/soc/arm/nordic_nrf/nrf52/libsoc__arm__nordic_nrf__nrf52.a(soc.c.obj)
 .text.pm_state_set
                0x000000000000c60c       0x18 zephyr/soc/arm/nordic_nrf/nrf52/libsoc__arm__nordic_nrf__nrf52.a(power.c.obj)
                0x000000000000c60c                pm_state_set
 .text.pm_state_exit_post_ops
                0x000000000000c624        0xc zephyr/soc/arm/nordic_nrf/nrf52/libsoc__arm__nordic_nrf__nrf52.a(power.c.obj)
                0x000000000000c624                pm_state_exit_post_ops
 .text.adc_context_on_timer_expired
                0x000000000000c630       0x2a zephyr/drivers/adc/libdrivers__adc.a(adc_nrfx_saadc.c.obj)
 .text.z_log_msg2_runtime_create
                0x000000000000c65a       0x1e zephyr/drivers/adc/libdrivers__adc.a(adc_nrfx_saadc.c.obj)
 .text.get_sub_data
                0x000000000000c678        0xe zephyr/drivers/clock_control/libdrivers__clock_control.a(clock_control_nrf.c.obj)
 .text.get_sub_config
                0x000000000000c686        0xc zephyr/drivers/clock_control/libdrivers__clock_control.a(clock_control_nrf.c.obj)
 .text.get_onoff_manager
                0x000000000000c692        0x8 zephyr/drivers/clock_control/libdrivers__clock_control.a(clock_control_nrf.c.obj)
 .text.set_off_state
                0x000000000000c69a       0x32 zephyr/drivers/clock_control/libdrivers__clock_control.a(clock_control_nrf.c.obj)
 .text.set_starting_state
                0x000000000000c6cc       0x3c zephyr/drivers/clock_control/libdrivers__clock_control.a(clock_control_nrf.c.obj)
 .text.set_on_state
                0x000000000000c708       0x26 zephyr/drivers/clock_control/libdrivers__clock_control.a(clock_control_nrf.c.obj)
 .text.clkstarted_handle
                0x000000000000c72e       0x24 zephyr/drivers/clock_control/libdrivers__clock_control.a(clock_control_nrf.c.obj)
 .text.async_start
                0x000000000000c752       0x38 zephyr/drivers/clock_control/libdrivers__clock_control.a(clock_control_nrf.c.obj)
 .text.api_start
                0x000000000000c78a       0x10 zephyr/drivers/clock_control/libdrivers__clock_control.a(clock_control_nrf.c.obj)
 .text.onoff_started_callback
                0x000000000000c79a       0x10 zephyr/drivers/clock_control/libdrivers__clock_control.a(clock_control_nrf.c.obj)
 .text.hfclk_start
                0x000000000000c7aa        0xa zephyr/drivers/clock_control/libdrivers__clock_control.a(clock_control_nrf.c.obj)
 .text.lfclk_start
                0x000000000000c7b4        0xa zephyr/drivers/clock_control/libdrivers__clock_control.a(clock_control_nrf.c.obj)
 .text.hfclk_stop
                0x000000000000c7be        0xa zephyr/drivers/clock_control/libdrivers__clock_control.a(clock_control_nrf.c.obj)
 .text.lfclk_stop
                0x000000000000c7c8        0xa zephyr/drivers/clock_control/libdrivers__clock_control.a(clock_control_nrf.c.obj)
 .text.api_stop
                0x000000000000c7d2        0xa zephyr/drivers/clock_control/libdrivers__clock_control.a(clock_control_nrf.c.obj)
 .text.blocking_start_callback
                0x000000000000c7dc        0xa zephyr/drivers/clock_control/libdrivers__clock_control.a(clock_control_nrf.c.obj)
 .text.get_drive
                0x000000000000c7e6       0x8c zephyr/drivers/gpio/libdrivers__gpio.a(gpio_nrfx.c.obj)
 .text.get_pull
                0x000000000000c872       0x18 zephyr/drivers/gpio/libdrivers__gpio.a(gpio_nrfx.c.obj)
 .text.gpio_nrfx_port_get_raw
                0x000000000000c88a        0xe zephyr/drivers/gpio/libdrivers__gpio.a(gpio_nrfx.c.obj)
 .text.gpio_nrfx_port_set_masked_raw
                0x000000000000c898       0x16 zephyr/drivers/gpio/libdrivers__gpio.a(gpio_nrfx.c.obj)
 .text.gpio_nrfx_port_set_bits_raw
                0x000000000000c8ae        0xc zephyr/drivers/gpio/libdrivers__gpio.a(gpio_nrfx.c.obj)
 .text.gpio_nrfx_port_clear_bits_raw
                0x000000000000c8ba        0xc zephyr/drivers/gpio/libdrivers__gpio.a(gpio_nrfx.c.obj)
 .text.gpio_nrfx_port_toggle_bits
                0x000000000000c8c6       0x12 zephyr/drivers/gpio/libdrivers__gpio.a(gpio_nrfx.c.obj)
 .text.get_trigger
                0x000000000000c8d8       0x2c zephyr/drivers/gpio/libdrivers__gpio.a(gpio_nrfx.c.obj)
 .text.endtx_isr
                0x000000000000c904       0x32 zephyr/drivers/serial/libdrivers__serial.a(uart_nrfx_uarte.c.obj)
 .text.uarte_nrfx_isr_int
                0x000000000000c936       0x52 zephyr/drivers/serial/libdrivers__serial.a(uart_nrfx_uarte.c.obj)
 .text.uarte_nrfx_configure
                0x000000000000c988       0xa6 zephyr/drivers/serial/libdrivers__serial.a(uart_nrfx_uarte.c.obj)
 .text.uarte_nrfx_config_get
                0x000000000000ca2e       0x12 zephyr/drivers/serial/libdrivers__serial.a(uart_nrfx_uarte.c.obj)
 .text.uarte_nrfx_err_check
                0x000000000000ca40        0xe zephyr/drivers/serial/libdrivers__serial.a(uart_nrfx_uarte.c.obj)
 .text.is_tx_ready
                0x000000000000ca4e       0x28 zephyr/drivers/serial/libdrivers__serial.a(uart_nrfx_uarte.c.obj)
 .text.uarte_enable
                0x000000000000ca76        0xc zephyr/drivers/serial/libdrivers__serial.a(uart_nrfx_uarte.c.obj)
 .text.tx_start
                0x000000000000ca82       0x3e zephyr/drivers/serial/libdrivers__serial.a(uart_nrfx_uarte.c.obj)
 .text.uarte_nrfx_poll_in
                0x000000000000cac0       0x2a zephyr/drivers/serial/libdrivers__serial.a(uart_nrfx_uarte.c.obj)
 .text.wait_tx_ready
                0x000000000000caea       0x4e zephyr/drivers/serial/libdrivers__serial.a(uart_nrfx_uarte.c.obj)
 .text.z_log_msg2_runtime_create
                0x000000000000cb38       0x1e zephyr/drivers/serial/libdrivers__serial.a(uart_nrfx_uarte.c.obj)
 .text.uarte_instance_init
                0x000000000000cb56       0xc2 zephyr/drivers/serial/libdrivers__serial.a(uart_nrfx_uarte.c.obj)
 .text.uarte_0_init
                0x000000000000cc18       0x1e zephyr/drivers/serial/libdrivers__serial.a(uart_nrfx_uarte.c.obj)
 .text.uarte_1_init
                0x000000000000cc36       0x1e zephyr/drivers/serial/libdrivers__serial.a(uart_nrfx_uarte.c.obj)
 .text.sys_clock_idle_exit
                0x000000000000cc54        0x2 zephyr/drivers/timer/libdrivers__timer.a(sys_clock_init.c.obj)
                0x000000000000cc54                sys_clock_idle_exit
 .text.counter_sub
                0x000000000000cc56        0x8 zephyr/drivers/timer/libdrivers__timer.a(nrf_rtc_timer.c.obj)
 .text.event_clear
                0x000000000000cc5e       0x18 zephyr/drivers/timer/libdrivers__timer.a(nrf_rtc_timer.c.obj)
 .text.absolute_time_to_cc
                0x000000000000cc76        0x6 zephyr/drivers/timer/libdrivers__timer.a(nrf_rtc_timer.c.obj)
 .text.full_int_lock
                0x000000000000cc7c       0x12 zephyr/drivers/timer/libdrivers__timer.a(nrf_rtc_timer.c.obj)
 .text.full_int_unlock
                0x000000000000cc8e        0xa zephyr/drivers/timer/libdrivers__timer.a(nrf_rtc_timer.c.obj)
 .text.set_absolute_alarm
                0x000000000000cc98       0x76 zephyr/drivers/timer/libdrivers__timer.a(nrf_rtc_timer.c.obj)
 .text.compare_set
                0x000000000000cd0e       0x32 zephyr/drivers/timer/libdrivers__timer.a(nrf_rtc_timer.c.obj)
 .text.sys_clock_cycle_get_32
                0x000000000000cd40        0x8 zephyr/drivers/timer/libdrivers__timer.a(nrf_rtc_timer.c.obj)
                0x000000000000cd40                sys_clock_cycle_get_32
 .text.pinctrl_lookup_state
                0x000000000000cd48       0x34 zephyr/drivers/pinctrl/libdrivers__pinctrl.a(common.c.obj)
                0x000000000000cd48                pinctrl_lookup_state
 .text.z_log_msg2_runtime_create
                0x000000000000cd7c       0x1e modules/nrf/lib/fatal_error/lib..__nrf__lib__fatal_error.a(fatal_error.c.obj)
 .text.hw_cc3xx_init_internal
                0x000000000000cd9a        0x8 modules/nrf/drivers/hw_cc310/lib..__nrf__drivers__hw_cc310.a(hw_cc310.c.obj)
 .text.hw_cc3xx_init
                0x000000000000cda2       0x14 modules/nrf/drivers/hw_cc310/lib..__nrf__drivers__hw_cc310.a(hw_cc310.c.obj)
 .text.nrf52_errata_36
                0x000000000000cdb6       0x14 modules/hal_nordic/nrfx/libmodules__hal_nordic__nrfx.a(system_nrf52840.c.obj)
 .text.nrf52_errata_66
                0x000000000000cdca       0x14 modules/hal_nordic/nrfx/libmodules__hal_nordic__nrfx.a(system_nrf52840.c.obj)
 .text.nrf52_errata_98
                0x000000000000cdde       0x26 modules/hal_nordic/nrfx/libmodules__hal_nordic__nrfx.a(system_nrf52840.c.obj)
 .text.nrf52_errata_103
                0x000000000000ce04       0x26 modules/hal_nordic/nrfx/libmodules__hal_nordic__nrfx.a(system_nrf52840.c.obj)
 .text.nrf52_errata_115
                0x000000000000ce2a       0x26 modules/hal_nordic/nrfx/libmodules__hal_nordic__nrfx.a(system_nrf52840.c.obj)
 .text.nrf52_errata_120
                0x000000000000ce50       0x26 modules/hal_nordic/nrfx/libmodules__hal_nordic__nrfx.a(system_nrf52840.c.obj)
 .text.nrf52_errata_136
                0x000000000000ce76       0x14 modules/hal_nordic/nrfx/libmodules__hal_nordic__nrfx.a(system_nrf52840.c.obj)
 .text.nrf52_configuration_249
                0x000000000000ce8a       0x20 modules/hal_nordic/nrfx/libmodules__hal_nordic__nrfx.a(system_nrf52840.c.obj)
 .text.nrfx_isr
                0x000000000000ceaa        0x6 modules/hal_nordic/nrfx/libmodules__hal_nordic__nrfx.a(nrfx_glue.c.obj)
                0x000000000000ceaa                nrfx_isr
 .text.nrfx_busy_wait
                0x000000000000ceb0        0x8 modules/hal_nordic/nrfx/libmodules__hal_nordic__nrfx.a(nrfx_glue.c.obj)
                0x000000000000ceb0                nrfx_busy_wait
 .text.clock_initial_lfclksrc_get
                0x000000000000ceb8        0x4 modules/hal_nordic/nrfx/libmodules__hal_nordic__nrfx.a(nrfx_clock.c.obj)
 .text.clock_lfclksrc_tweak
                0x000000000000cebc       0x2c modules/hal_nordic/nrfx/libmodules__hal_nordic__nrfx.a(nrfx_clock.c.obj)
 .text.pin_is_task_output
                0x000000000000cee8       0x1e modules/hal_nordic/nrfx/libmodules__hal_nordic__nrfx.a(nrfx_gpiote.c.obj)
 .text.pin_is_input
                0x000000000000cf06        0xe modules/hal_nordic/nrfx/libmodules__hal_nordic__nrfx.a(nrfx_gpiote.c.obj)
 .text.gpiote_polarity_to_trigger
                0x000000000000cf14        0x2 modules/hal_nordic/nrfx/libmodules__hal_nordic__nrfx.a(nrfx_gpiote.c.obj)
 .text.gpiote_trigger_to_polarity
                0x000000000000cf16        0x2 modules/hal_nordic/nrfx/libmodules__hal_nordic__nrfx.a(nrfx_gpiote.c.obj)
 .text.is_level
                0x000000000000cf18        0xa modules/hal_nordic/nrfx/libmodules__hal_nordic__nrfx.a(nrfx_gpiote.c.obj)
 .text.SEGGER_RTT_Init
                0x000000000000cf22        0x8 modules/segger/libmodules__segger.a(SEGGER_RTT.c.obj)
                0x000000000000cf22                SEGGER_RTT_Init
 .text.rtt_init
                0x000000000000cf2a        0xa modules/segger/libmodules__segger.a(SEGGER_RTT_zephyr.c.obj)
 .text.z_device_is_ready
                0x000000000000cf34       0x1a zephyr/kernel/libkernel.a(device.c.obj)
                0x000000000000cf34                z_device_is_ready
 .text.z_log_msg2_runtime_create
                0x000000000000cf4e       0x1e zephyr/kernel/libkernel.a(fatal.c.obj)
 .text.z_early_memset
                0x000000000000cf6c        0x8 zephyr/kernel/libkernel.a(init.c.obj)
                0x000000000000cf6c                z_early_memset
 .text.z_early_memcpy
                0x000000000000cf74        0x8 zephyr/kernel/libkernel.a(init.c.obj)
                0x000000000000cf74                z_early_memcpy
 .text.create_free_list
                0x000000000000cf7c       0x2e zephyr/kernel/libkernel.a(mem_slab.c.obj)
 .text.k_mem_slab_init
                0x000000000000cfaa       0x1e zephyr/kernel/libkernel.a(mem_slab.c.obj)
                0x000000000000cfaa                k_mem_slab_init
 .text.setup_thread_stack
                0x000000000000cfc8       0x24 zephyr/kernel/libkernel.a(thread.c.obj)
 .text.k_is_in_isr
                0x000000000000cfec        0xc zephyr/kernel/libkernel.a(thread.c.obj)
                0x000000000000cfec                k_is_in_isr
 .text.k_thread_name_get
                0x000000000000cff8        0x4 zephyr/kernel/libkernel.a(thread.c.obj)
                0x000000000000cff8                k_thread_name_get
 .text.z_impl_k_thread_start
                0x000000000000cffc        0x8 zephyr/kernel/libkernel.a(thread.c.obj)
                0x000000000000cffc                z_impl_k_thread_start
 .text.z_init_thread_base
                0x000000000000d004       0x16 zephyr/kernel/libkernel.a(thread.c.obj)
                0x000000000000d004                z_init_thread_base
 .text.z_pm_save_idle_exit
                0x000000000000d01a        0xc zephyr/kernel/libkernel.a(idle.c.obj)
                0x000000000000d01a                z_pm_save_idle_exit
 .text.new_prio_for_inheritance
                0x000000000000d026       0x16 zephyr/kernel/libkernel.a(mutex.c.obj)
 .text.adjust_owner_prio
                0x000000000000d03c       0x16 zephyr/kernel/libkernel.a(mutex.c.obj)
 .text.z_impl_k_mutex_init
                0x000000000000d052        0xe zephyr/kernel/libkernel.a(mutex.c.obj)
                0x000000000000d052                z_impl_k_mutex_init
 .text.z_impl_k_sem_init
                0x000000000000d060       0x1e zephyr/kernel/libkernel.a(sem.c.obj)
                0x000000000000d060                z_impl_k_sem_init
 .text.thread_active_elsewhere
                0x000000000000d07e        0x4 zephyr/kernel/libkernel.a(sched.c.obj)
 .text.z_sched_prio_cmp
                0x000000000000d082       0x14 zephyr/kernel/libkernel.a(sched.c.obj)
                0x000000000000d082                z_sched_prio_cmp
 .text.z_reschedule_irqlock
                0x000000000000d096       0x2a zephyr/kernel/libkernel.a(sched.c.obj)
                0x000000000000d096                z_reschedule_irqlock
 .text.z_priq_dumb_best
                0x000000000000d0c0        0xe zephyr/kernel/libkernel.a(sched.c.obj)
                0x000000000000d0c0                z_priq_dumb_best
 .text.init_ready_q
                0x000000000000d0ce        0x8 zephyr/kernel/libkernel.a(sched.c.obj)
                0x000000000000d0ce                init_ready_q
 .text.remove_timeout
                0x000000000000d0d6       0x2e zephyr/kernel/libkernel.a(timeout.c.obj)
 .text.sys_clock_tick_get_32
                0x000000000000d104        0x8 zephyr/kernel/libkernel.a(timeout.c.obj)
                0x000000000000d104                sys_clock_tick_get_32
 .text.z_impl_k_uptime_ticks
                0x000000000000d10c        0x8 zephyr/kernel/libkernel.a(timeout.c.obj)
                0x000000000000d10c                z_impl_k_uptime_ticks
 .text.z_impl_k_busy_wait
                0x000000000000d114        0xc zephyr/kernel/libkernel.a(timeout.c.obj)
                0x000000000000d114                z_impl_k_busy_wait
 .text.z_impl_k_timer_stop
                0x000000000000d120       0x36 zephyr/kernel/libkernel.a(timer.c.obj)
                0x000000000000d120                z_impl_k_timer_stop
 .text.k_heap_init
                0x000000000000d156       0x10 zephyr/kernel/libkernel.a(kheap.c.obj)
                0x000000000000d156                k_heap_init
 *(SORT_BY_ALIGNMENT(.TEXT.*))
 *fill*         0x000000000000d166        0x2 
 .TEXT.z_arm_platform_init
                0x000000000000d168        0x4 zephyr/libzephyr.a(soc_nrf_common.S.obj)
                0x000000000000d168                z_arm_platform_init
 *(SORT_BY_ALIGNMENT(.gnu.linkonce.t.*))
 *(SORT_BY_ALIGNMENT(.glue_7t))
 .glue_7t       0x000000000000d16c        0x0 linker stubs
 *(SORT_BY_ALIGNMENT(.glue_7))
 .glue_7        0x000000000000d16c        0x0 linker stubs
 *(SORT_BY_ALIGNMENT(.vfp11_veneer))
 .vfp11_veneer  0x000000000000d16c        0x0 linker stubs
 *(SORT_BY_ALIGNMENT(.v4_bx))
 .v4_bx         0x000000000000d16c        0x0 linker stubs
                0x000000000000d16c                __text_region_end = .

.ARM.exidx      0x000000000000d16c        0x8
                0x000000000000d16c                __exidx_start = .
 *(SORT_BY_ALIGNMENT(.ARM.exidx*) SORT_BY_ALIGNMENT(gnu.linkonce.armexidx.*))
 .ARM.exidx     0x000000000000d16c        0x8 /home/rt/zephyr-sdk-0.14.1/arm-zephyr-eabi/bin/../lib/gcc/arm-zephyr-eabi/10.3.0/thumb/v7e-m/nofp/libgcc.a(_udivmoddi4.o)
                0x000000000000d174                __exidx_end = .
                0x000000000000d174                __rodata_region_start = .

initlevel       0x000000000000d174       0x78
                0x000000000000d174                __init_start = .
                0x000000000000d174                __init_PRE_KERNEL_1_start = .
 *(SORT_BY_NAME(SORT_BY_ALIGNMENT(.z_init_PRE_KERNEL_1[0-9]_*)))
 .z_init_PRE_KERNEL_10_
                0x000000000000d174        0x8 zephyr/soc/arm/nordic_nrf/nrf52/libsoc__arm__nordic_nrf__nrf52.a(soc.c.obj)
 *(SORT_BY_NAME(SORT_BY_ALIGNMENT(.z_init_PRE_KERNEL_1[1-9][0-9]_*)))
 .z_init_PRE_KERNEL_130_
                0x000000000000d17c        0x8 zephyr/drivers/clock_control/libdrivers__clock_control.a(clock_control_nrf.c.obj)
 .z_init_PRE_KERNEL_130_
                0x000000000000d184        0x8 modules/segger/libmodules__segger.a(SEGGER_RTT_zephyr.c.obj)
 .z_init_PRE_KERNEL_130_
                0x000000000000d18c        0x8 zephyr/kernel/libkernel.a(mem_slab.c.obj)
 .z_init_PRE_KERNEL_130_
                0x000000000000d194        0x8 zephyr/kernel/libkernel.a(kheap.c.obj)
 .z_init_PRE_KERNEL_140_
                0x000000000000d19c       0x10 zephyr/drivers/gpio/libdrivers__gpio.a(gpio_nrfx.c.obj)
 .z_init_PRE_KERNEL_140_
                0x000000000000d1ac        0x8 modules/nrf/drivers/hw_cc310/lib..__nrf__drivers__hw_cc310.a(hw_cc310.c.obj)
 .z_init_PRE_KERNEL_155_
                0x000000000000d1b4       0x10 zephyr/drivers/serial/libdrivers__serial.a(uart_nrfx_uarte.c.obj)
 .z_init_PRE_KERNEL_160_
                0x000000000000d1c4        0x8 zephyr/drivers/console/libdrivers__console.a(uart_console.c.obj)
                0x000000000000d1cc                __init_PRE_KERNEL_2_start = .
 *(SORT_BY_NAME(SORT_BY_ALIGNMENT(.z_init_PRE_KERNEL_2[0-9]_*)))
 .z_init_PRE_KERNEL_20_
                0x000000000000d1cc        0x8 zephyr/drivers/timer/libdrivers__timer.a(nrf_rtc_timer.c.obj)
 *(SORT_BY_NAME(SORT_BY_ALIGNMENT(.z_init_PRE_KERNEL_2[1-9][0-9]_*)))
                0x000000000000d1d4                __init_POST_KERNEL_start = .
 *(SORT_BY_NAME(SORT_BY_ALIGNMENT(.z_init_POST_KERNEL[0-9]_*)))
 .z_init_POST_KERNEL0_
                0x000000000000d1d4        0x8 zephyr/libzephyr.a(log_core.c.obj)
 *(SORT_BY_NAME(SORT_BY_ALIGNMENT(.z_init_POST_KERNEL[1-9][0-9]_*)))
 .z_init_POST_KERNEL40_
                0x000000000000d1dc        0x8 modules/nrf/drivers/hw_cc310/lib..__nrf__drivers__hw_cc310.a(hw_cc310.c.obj)
 .z_init_POST_KERNEL50_
                0x000000000000d1e4        0x8 zephyr/drivers/adc/libdrivers__adc.a(adc_nrfx_saadc.c.obj)
                0x000000000000d1ec                __init_APPLICATION_start = .
 *(SORT_BY_NAME(SORT_BY_ALIGNMENT(.z_init_APPLICATION[0-9]_*)))
 *(SORT_BY_NAME(SORT_BY_ALIGNMENT(.z_init_APPLICATION[1-9][0-9]_*)))
                0x000000000000d1ec                __init_SMP_start = .
 *(SORT_BY_NAME(SORT_BY_ALIGNMENT(.z_init_SMP[0-9]_*)))
 *(SORT_BY_NAME(SORT_BY_ALIGNMENT(.z_init_SMP[1-9][0-9]_*)))
                0x000000000000d1ec                __init_end = .

devices         0x000000000000d1ec       0x90
                0x000000000000d1ec                __device_start = .
                0x000000000000d1ec                __device_PRE_KERNEL_1_start = .
 *(SORT_BY_NAME(SORT_BY_ALIGNMENT(.z_device_PRE_KERNEL_1[0-9]_*)))
 *(SORT_BY_NAME(SORT_BY_ALIGNMENT(.z_device_PRE_KERNEL_1[1-9][0-9]_*)))
 .z_device_PRE_KERNEL_130_
                0x000000000000d1ec       0x18 zephyr/drivers/clock_control/libdrivers__clock_control.a(clock_control_nrf.c.obj)
                0x000000000000d1ec                __device_dts_ord_72
 .z_device_PRE_KERNEL_140_
                0x000000000000d204       0x30 zephyr/drivers/gpio/libdrivers__gpio.a(gpio_nrfx.c.obj)
                0x000000000000d204                __device_dts_ord_104
                0x000000000000d21c                __device_dts_ord_11
 .z_device_PRE_KERNEL_155_
                0x000000000000d234       0x30 zephyr/drivers/serial/libdrivers__serial.a(uart_nrfx_uarte.c.obj)
                0x000000000000d234                __device_dts_ord_113
                0x000000000000d24c                __device_dts_ord_112
                0x000000000000d264                __device_PRE_KERNEL_2_start = .
 *(SORT_BY_NAME(SORT_BY_ALIGNMENT(.z_device_PRE_KERNEL_2[0-9]_*)))
 *(SORT_BY_NAME(SORT_BY_ALIGNMENT(.z_device_PRE_KERNEL_2[1-9][0-9]_*)))
                0x000000000000d264                __device_POST_KERNEL_start = .
 *(SORT_BY_NAME(SORT_BY_ALIGNMENT(.z_device_POST_KERNEL[0-9]_*)))
 *(SORT_BY_NAME(SORT_BY_ALIGNMENT(.z_device_POST_KERNEL[1-9][0-9]_*)))
 .z_device_POST_KERNEL50_
                0x000000000000d264       0x18 zephyr/drivers/adc/libdrivers__adc.a(adc_nrfx_saadc.c.obj)
                0x000000000000d264                __device_dts_ord_70
                0x000000000000d27c                __device_APPLICATION_start = .
 *(SORT_BY_NAME(SORT_BY_ALIGNMENT(.z_device_APPLICATION[0-9]_*)))
 *(SORT_BY_NAME(SORT_BY_ALIGNMENT(.z_device_APPLICATION[1-9][0-9]_*)))
                0x000000000000d27c                __device_SMP_start = .
 *(SORT_BY_NAME(SORT_BY_ALIGNMENT(.z_device_SMP[0-9]_*)))
 *(SORT_BY_NAME(SORT_BY_ALIGNMENT(.z_device_SMP[1-9][0-9]_*)))
                0x000000000000d27c                __device_end = .

sw_isr_table    0x000000000000d27c      0x180
                0x000000000000d27c                . = ALIGN (0x0)
 *(SORT_BY_ALIGNMENT(.gnu.linkonce.sw_isr_table*))
 .gnu.linkonce.sw_isr_table
                0x000000000000d27c      0x180 zephyr/arch/common/libisr_tables.a(isr_tables.c.obj)
                0x000000000000d27c                _sw_isr_table

initlevel_error
                0x000000000000d174        0x0
 *(SORT_BY_NAME(SORT_BY_ALIGNMENT(.z_init_[_A-Z0-9]*)))
                0x0000000000000001                ASSERT ((SIZEOF (initlevel_error) == 0x0), Undefined initialization levels used.)

app_shmem_regions
                0x000000000000d3fc        0x0
                0x000000000000d3fc                __app_shmem_regions_start = .
 *(SORT_BY_NAME(SORT_BY_ALIGNMENT(.app_regions.*)))
                0x000000000000d3fc                __app_shmem_regions_end = .

bt_l2cap_fixed_chan_area
                0x000000000000d3fc        0x0
                0x000000000000d3fc                _bt_l2cap_fixed_chan_list_start = .
 *(SORT_BY_NAME(SORT_BY_ALIGNMENT(._bt_l2cap_fixed_chan.static.*)))
                0x000000000000d3fc                _bt_l2cap_fixed_chan_list_end = .

bt_gatt_service_static_area
                0x000000000000d3fc        0x0
                0x000000000000d3fc                _bt_gatt_service_static_list_start = .
 *(SORT_BY_NAME(SORT_BY_ALIGNMENT(._bt_gatt_service_static.static.*)))
                0x000000000000d3fc                _bt_gatt_service_static_list_end = .

k_p4wq_initparam_area
                0x000000000000d3fc        0x0
                0x000000000000d3fc                _k_p4wq_initparam_list_start = .
 *(SORT_BY_NAME(SORT_BY_ALIGNMENT(._k_p4wq_initparam.static.*)))
                0x000000000000d3fc                _k_p4wq_initparam_list_end = .

log_strings_sections
                0x000000000000d3fc        0x0
                0x000000000000d3fc                __log_strings_start = .
 *(SORT_BY_NAME(SORT_BY_ALIGNMENT(.log_strings*)))
                0x000000000000d3fc                __log_strings_end = .

log_const_sections
                0x000000000000d3fc       0x50
                0x000000000000d3fc                __log_const_start = .
 *(SORT_BY_NAME(SORT_BY_ALIGNMENT(.log_const_*)))
 .log_const_adc_nrfx_saadc
                0x000000000000d3fc        0x8 zephyr/drivers/adc/libdrivers__adc.a(adc_nrfx_saadc.c.obj)
                0x000000000000d3fc                log_const_adc_nrfx_saadc
 .log_const_clock_control
                0x000000000000d404        0x8 zephyr/drivers/clock_control/libdrivers__clock_control.a(clock_control_nrf.c.obj)
                0x000000000000d404                log_const_clock_control
 .log_const_fatal_error
                0x000000000000d40c        0x8 modules/nrf/lib/fatal_error/lib..__nrf__lib__fatal_error.a(fatal_error.c.obj)
                0x000000000000d40c                log_const_fatal_error
 .log_const_log
                0x000000000000d414        0x8 zephyr/libzephyr.a(log_core.c.obj)
                0x000000000000d414                log_const_log
 .log_const_log_uart
                0x000000000000d41c        0x8 zephyr/libzephyr.a(log_backend_uart.c.obj)
                0x000000000000d41c                log_const_log_uart
 .log_const_mpu
                0x000000000000d424        0x8 zephyr/arch/arch/arm/core/aarch32/mpu/libarch__arm__core__aarch32__mpu.a(arm_core_mpu.c.obj)
                0x000000000000d424                log_const_mpu
 .log_const_os  0x000000000000d42c        0x8 zephyr/kernel/libkernel.a(init.c.obj)
                0x000000000000d42c                log_const_os
 .log_const_pm  0x000000000000d434        0x8 zephyr/libzephyr.a(pm.c.obj)
                0x000000000000d434                log_const_pm
 .log_const_soc
                0x000000000000d43c        0x8 zephyr/soc/arm/nordic_nrf/nrf52/libsoc__arm__nordic_nrf__nrf52.a(soc.c.obj)
                0x000000000000d43c                log_const_soc
 .log_const_uart_nrfx_uarte
                0x000000000000d444        0x8 zephyr/drivers/serial/libdrivers__serial.a(uart_nrfx_uarte.c.obj)
                0x000000000000d444                log_const_uart_nrfx_uarte
                0x000000000000d44c                __log_const_end = .

log_backends_sections
                0x000000000000d44c       0x20
                0x000000000000d44c                __log_backends_start = .
 *(SORT_BY_ALIGNMENT(._log_backend.*))
 ._log_backend.static.log_backend_uart
                0x000000000000d44c       0x10 zephyr/libzephyr.a(log_backend_uart.c.obj)
 ._log_backend.static.log_backend_rtt
                0x000000000000d45c       0x10 zephyr/libzephyr.a(log_backend_rtt.c.obj)
                0x000000000000d46c                __log_backends_end = .

shell_area      0x000000000000d46c        0x0
                0x000000000000d46c                _shell_list_start = .
 *(SORT_BY_NAME(SORT_BY_ALIGNMENT(._shell.static.*)))
                0x000000000000d46c                _shell_list_end = .

shell_root_cmds_sections
                0x000000000000d46c        0x0
                0x000000000000d46c                __shell_root_cmds_start = .
 *(SORT_BY_NAME(SORT_BY_ALIGNMENT(.shell_root_cmd_*)))
                0x000000000000d46c                __shell_root_cmds_end = .

font_entry_sections
                0x000000000000d46c        0x0
                0x000000000000d46c                __font_entry_start = .