Archive member included to satisfy reference by file (symbol)

app/libapp.a(main.c.obj)      (--whole-archive)
app/libapp.a(cab.c.obj)       (--whole-archive)
zephyr/libzephyr.a(cbprintf.c.obj)
                              (--whole-archive)
zephyr/libzephyr.a(cbprintf_packaged.c.obj)
                              (--whole-archive)
zephyr/libzephyr.a(crc32c_sw.c.obj)
                              (--whole-archive)
zephyr/libzephyr.a(crc32_sw.c.obj)
                              (--whole-archive)
zephyr/libzephyr.a(crc16_sw.c.obj)
                              (--whole-archive)
zephyr/libzephyr.a(crc8_sw.c.obj)
                              (--whole-archive)
zephyr/libzephyr.a(crc7_sw.c.obj)
                              (--whole-archive)
zephyr/libzephyr.a(dec.c.obj)
                              (--whole-archive)
zephyr/libzephyr.a(fdtable.c.obj)
                              (--whole-archive)
zephyr/libzephyr.a(hex.c.obj)
                              (--whole-archive)
zephyr/libzephyr.a(notify.c.obj)
                              (--whole-archive)
zephyr/libzephyr.a(printk.c.obj)
                              (--whole-archive)
zephyr/libzephyr.a(onoff.c.obj)
                              (--whole-archive)
zephyr/libzephyr.a(rb.c.obj)  (--whole-archive)
zephyr/libzephyr.a(sem.c.obj)
                              (--whole-archive)
zephyr/libzephyr.a(thread_entry.c.obj)
                              (--whole-archive)
zephyr/libzephyr.a(timeutil.c.obj)
                              (--whole-archive)
zephyr/libzephyr.a(heap.c.obj)
                              (--whole-archive)
zephyr/libzephyr.a(heap-validate.c.obj)
                              (--whole-archive)
zephyr/libzephyr.a(bitarray.c.obj)
                              (--whole-archive)
zephyr/libzephyr.a(multi_heap.c.obj)
                              (--whole-archive)
zephyr/libzephyr.a(cbprintf_complete.c.obj)
                              (--whole-archive)
zephyr/libzephyr.a(assert.c.obj)
                              (--whole-archive)
zephyr/libzephyr.a(mpsc_pbuf.c.obj)
                              (--whole-archive)
zephyr/libzephyr.a(reboot.c.obj)
                              (--whole-archive)
zephyr/libzephyr.a(configs.c.obj)
                              (--whole-archive)
zephyr/libzephyr.a(soc_nrf_common.S.obj)
                              (--whole-archive)
zephyr/libzephyr.a(validate_base_addresses.c.obj)
                              (--whole-archive)
zephyr/libzephyr.a(validate_enabled_instances.c.obj)
                              (--whole-archive)
zephyr/libzephyr.a(thread_info.c.obj)
                              (--whole-archive)
zephyr/libzephyr.a(log_list.c.obj)
                              (--whole-archive)
zephyr/libzephyr.a(log_core.c.obj)
                              (--whole-archive)
zephyr/libzephyr.a(log_mgmt.c.obj)
                              (--whole-archive)
zephyr/libzephyr.a(log_msg.c.obj)
                              (--whole-archive)
zephyr/libzephyr.a(log_output.c.obj)
                              (--whole-archive)
zephyr/libzephyr.a(log_msg2.c.obj)
                              (--whole-archive)
zephyr/libzephyr.a(log_backend_uart.c.obj)
                              (--whole-archive)
zephyr/libzephyr.a(log_backend_rtt.c.obj)
                              (--whole-archive)
zephyr/libzephyr.a(pm.c.obj)  (--whole-archive)
zephyr/libzephyr.a(policy.c.obj)
                              (--whole-archive)
zephyr/libzephyr.a(state.c.obj)
                              (--whole-archive)
zephyr/libzephyr.a(tracing_none.c.obj)
                              (--whole-archive)
zephyr/libzephyr.a(nrf_cc3xx_platform_abort_zephyr.c.obj)
                              (--whole-archive)
zephyr/libzephyr.a(nrf_cc3xx_platform_mutex_zephyr.c.obj)
                              (--whole-archive)
zephyr/arch/common/libarch__common.a(sw_isr_common.c.obj)
                              (--whole-archive)
zephyr/arch/arch/arm/core/aarch32/libarch__arm__core__aarch32.a(cpu_idle.S.obj)
                              (--whole-archive)
zephyr/arch/arch/arm/core/aarch32/libarch__arm__core__aarch32.a(fatal.c.obj)
                              (--whole-archive)
zephyr/arch/arch/arm/core/aarch32/libarch__arm__core__aarch32.a(irq_manage.c.obj)
                              (--whole-archive)
zephyr/arch/arch/arm/core/aarch32/libarch__arm__core__aarch32.a(nmi.c.obj)
                              (--whole-archive)
zephyr/arch/arch/arm/core/aarch32/libarch__arm__core__aarch32.a(nmi_on_reset.S.obj)
                              (--whole-archive)
zephyr/arch/arch/arm/core/aarch32/libarch__arm__core__aarch32.a(prep_c.c.obj)
                              (--whole-archive)
zephyr/arch/arch/arm/core/aarch32/libarch__arm__core__aarch32.a(swap.c.obj)
                              (--whole-archive)
zephyr/arch/arch/arm/core/aarch32/libarch__arm__core__aarch32.a(swap_helper.S.obj)
                              (--whole-archive)
[...]
Memory Configuration

Name             Origin             Length             Attributes
FLASH            0x0000000000000000 0x0000000000100000 xr
SRAM             0x0000000020000000 0x0000000000040000 xw
IDT_LIST         0x00000000fffff7ff 0x0000000000000800 xw
*default*        0x0000000000000000 0xffffffffffffffff

Linker script and memory map

LOAD zephyr/CMakeFiles/zephyr_pre0.dir/misc/empty_file.c.obj
LOAD zephyr/CMakeFiles/offsets.dir/./arch/arm/core/offsets/offsets.c.obj
                0x0000000000000020                _region_min_align = 0x20

.rel.plt        0x0000000000000000        0x0
 *(SORT_BY_ALIGNMENT(.rel.plt))
                [!provide]                        PROVIDE (__rel_iplt_start = .)
 *(SORT_BY_ALIGNMENT(.rel.iplt))
 .rel.iplt      0x0000000000000000        0x0 app/libapp.a(main.c.obj)
                [!provide]                        PROVIDE (__rel_iplt_end = .)

.rela.plt       0x0000000000000000        0x0
 *(SORT_BY_ALIGNMENT(.rela.plt))
                [!provide]                        PROVIDE (__rela_iplt_start = .)
 *(SORT_BY_ALIGNMENT(.rela.iplt))
                [!provide]                        PROVIDE (__rela_iplt_end = .)

.rel.dyn
 *(SORT_BY_ALIGNMENT(.rel.*))

.rela.dyn
 *(SORT_BY_ALIGNMENT(.rela.*))

/DISCARD/
 *(SORT_BY_ALIGNMENT(.plt))
 *(SORT_BY_ALIGNMENT(.iplt))
 *(SORT_BY_ALIGNMENT(.got.plt))
 *(SORT_BY_ALIGNMENT(.igot.plt))
 *(SORT_BY_ALIGNMENT(.got))
 *(SORT_BY_ALIGNMENT(.igot))
 *(SORT_BY_ALIGNMENT(.note.GNU-stack))
                0x0000000000000000                __rom_region_start = 0x0

rom_start       0x0000000000000000      0x100
                0x0000000000000000                . = 0x0
                0x0000000000000000                . = ALIGN (0x4)
                0x0000000000000000                . = ALIGN (0x80)
                0x0000000000000000                . = ALIGN (0x100)
                0x0000000000000000                _vector_start = .
 *(SORT_BY_ALIGNMENT(.exc_vector_table))
 *(SORT_BY_ALIGNMENT(.exc_vector_table.*))
 .exc_vector_table._vector_table_section
                0x0000000000000000       0x40 zephyr/arch/arch/arm/core/aarch32/cortex_m/libarch__arm__core__aarch32__cortex_m.a(vector_table.S.obj)
                0x0000000000000000                _vector_table
 *(SORT_BY_ALIGNMENT(.gnu.linkonce.irq_vector_table*))
 .gnu.linkonce.irq_vector_table
                0x0000000000000040       0xc0 zephyr/arch/common/libisr_tables.a(isr_tables.c.obj)
                0x0000000000000040                _irq_vector_table
 *(SORT_BY_ALIGNMENT(.vectors))
                0x0000000000000100                _vector_end = .

text            0x0000000000000100     0xbd14
                0x0000000000000100                __text_region_start = .
 *(SORT_BY_ALIGNMENT(.text))
 .text          0x0000000000000100       0x30 /home/rt/zephyr-sdk-0.14.1/arm-zephyr-eabi/bin/../lib/gcc/arm-zephyr-eabi/10.3.0/thumb/v7e-m/nofp/libgcc.a(_aeabi_uldivmod.o)
                0x0000000000000100                __aeabi_uldivmod
 .text          0x0000000000000130        0x4 /home/rt/zephyr-sdk-0.14.1/arm-zephyr-eabi/bin/../lib/gcc/arm-zephyr-eabi/10.3.0/thumb/v7e-m/nofp/libgcc.a(_dvmd_tls.o)
                0x0000000000000130                __aeabi_ldiv0
                0x0000000000000130                __aeabi_idiv0
 .text          0x0000000000000134      0x2a6 /home/rt/zephyr-sdk-0.14.1/arm-zephyr-eabi/bin/../lib/gcc/arm-zephyr-eabi/10.3.0/thumb/v7e-m/nofp/libgcc.a(_udivmoddi4.o)
                0x0000000000000134                __udivmoddi4
 .text          0x00000000000003da       0x10 /home/rt/zephyr-sdk-0.14.1/arm-zephyr-eabi/arm-zephyr-eabi/lib/thumb/v7e-m/nofp/libc_nano.a(lib_a-strlen.o)
                0x00000000000003da                strlen
 *(SORT_BY_ALIGNMENT(.text.*))
 *fill*         0x00000000000003ea        0x2 
 .text.consumers_code
                0x00000000000003ec       0x74 app/libapp.a(main.c.obj)
                0x00000000000003ec                consumers_code
 .text.producers_code
                0x0000000000000460       0x5c app/libapp.a(main.c.obj)
                0x0000000000000460                producers_code
 .text.main     0x00000000000004bc      0x114 app/libapp.a(main.c.obj)
                0x00000000000004bc                main
 .text.cbvprintf_package
                0x00000000000005d0      0x560 zephyr/libzephyr.a(cbprintf_packaged.c.obj)
                0x00000000000005d0                cbvprintf_package
 .text.sys_notify_finalize
                0x0000000000000b30       0x48 zephyr/libzephyr.a(notify.c.obj)
                0x0000000000000b30                sys_notify_finalize
 .text.__printk_hook_install
                0x0000000000000b78        0xc zephyr/libzephyr.a(printk.c.obj)
                0x0000000000000b78                __printk_hook_install
 .text.process_complete
                0x0000000000000b84       0xe8 zephyr/libzephyr.a(onoff.c.obj)
 .text.process_event
                0x0000000000000c6c      0x3d4 zephyr/libzephyr.a(onoff.c.obj)
 .text.transition_complete
                0x0000000000001040       0x6c zephyr/libzephyr.a(onoff.c.obj)
 .text.onoff_request
                0x00000000000010ac      0x17c zephyr/libzephyr.a(onoff.c.obj)
                0x00000000000010ac                onoff_request
 .text.sys_heap_init
                0x0000000000001228      0x158 zephyr/libzephyr.a(heap.c.obj)
                0x0000000000001228                sys_heap_init
 .text.extract_decimal
                0x0000000000001380       0x2c zephyr/libzephyr.a(cbprintf_complete.c.obj)
 .text.extract_conversion
                0x00000000000013ac      0x314 zephyr/libzephyr.a(cbprintf_complete.c.obj)
 .text.encode_uint
                0x00000000000016c0       0xe0 zephyr/libzephyr.a(cbprintf_complete.c.obj)
 .text.cbvprintf
                0x00000000000017a0      0x5d0 zephyr/libzephyr.a(cbprintf_complete.c.obj)
                0x00000000000017a0                cbvprintf
 .text.sys_reboot
                0x0000000000001d70       0x28 zephyr/libzephyr.a(reboot.c.obj)
                0x0000000000001d70                sys_reboot
 .text.msg_process
                0x0000000000001d98       0xc0 zephyr/libzephyr.a(log_core.c.obj)
 .text.log_format_func_t_get
                0x0000000000001e58        0xc zephyr/libzephyr.a(log_core.c.obj)
                0x0000000000001e58                log_format_func_t_get
 .text.log_init
                0x0000000000001e64       0x9c zephyr/libzephyr.a(log_core.c.obj)
                0x0000000000001e64                log_init
 .text.log_set_timestamp_func
                0x0000000000001f00       0x1c zephyr/libzephyr.a(log_core.c.obj)
                0x0000000000001f00                log_set_timestamp_func
 .text.log_core_init
                0x0000000000001f1c       0x24 zephyr/libzephyr.a(log_core.c.obj)
                0x0000000000001f1c                log_core_init
 .text.z_impl_log_panic
                0x0000000000001f40       0x9c zephyr/libzephyr.a(log_core.c.obj)
                0x0000000000001f40                z_impl_log_panic
 .text.z_log_notify_backend_enabled
                0x0000000000001fdc        0xc zephyr/libzephyr.a(log_core.c.obj)
                0x0000000000001fdc                z_log_notify_backend_enabled
 .text.z_log_dropped
                0x0000000000001fe8       0x40 zephyr/libzephyr.a(log_core.c.obj)
                0x0000000000001fe8                z_log_dropped
 .text.z_log_msg2_commit
                0x0000000000002028       0x1c zephyr/libzephyr.a(log_core.c.obj)
                0x0000000000002028                z_log_msg2_commit
 .text.log_source_name_get
                0x0000000000002044       0x20 zephyr/libzephyr.a(log_mgmt.c.obj)
                0x0000000000002044                log_source_name_get
 .text.log_backend_enable
                0x0000000000002064       0x9c zephyr/libzephyr.a(log_mgmt.c.obj)
                0x0000000000002064                log_backend_enable
 .text.print_formatted
                0x0000000000002100       0x24 zephyr/libzephyr.a(log_output.c.obj)
 .text.timestamp_print
                0x0000000000002124       0x8c zephyr/libzephyr.a(log_output.c.obj)
 .text.color_print
                0x00000000000021b0       0x2c zephyr/libzephyr.a(log_output.c.obj)
 .text.newline_print
                0x00000000000021dc       0x28 zephyr/libzephyr.a(log_output.c.obj)
 .text.hexdump_line_print
                0x0000000000002204       0xc4 zephyr/libzephyr.a(log_output.c.obj)
 .text.ids_print
                0x00000000000022c8       0x6c zephyr/libzephyr.a(log_output.c.obj)
 .text.prefix_print
                0x0000000000002334       0x78 zephyr/libzephyr.a(log_output.c.obj)
 .text.log_output_msg2_process
                0x00000000000023ac       0xe8 zephyr/libzephyr.a(log_output.c.obj)
                0x00000000000023ac                log_output_msg2_process
 .text.log_output_timestamp_freq_set
                0x0000000000002494       0x2c zephyr/libzephyr.a(log_output.c.obj)
                0x0000000000002494                log_output_timestamp_freq_set
 .text.z_impl_z_log_msg2_runtime_vcreate
                0x00000000000024c0       0xd8 zephyr/libzephyr.a(log_msg2.c.obj)
                0x00000000000024c0                z_impl_z_log_msg2_runtime_vcreate
 .text.char_out
                0x0000000000002598       0x24 zephyr/libzephyr.a(log_backend_uart.c.obj)
 .text.format_set
                0x00000000000025bc        0xc zephyr/libzephyr.a(log_backend_uart.c.obj)
 .text.log_backend_uart_init
                0x00000000000025c8       0x3c zephyr/libzephyr.a(log_backend_uart.c.obj)
 .text.panic    0x0000000000002604       0x18 zephyr/libzephyr.a(log_backend_uart.c.obj)
 .text.process  0x000000000000261c       0x20 zephyr/libzephyr.a(log_backend_uart.c.obj)
 .text.log_backend_rtt_init
                0x000000000000263c       0x1c zephyr/libzephyr.a(log_backend_rtt.c.obj)
 .text.format_set
                0x0000000000002658        0xc zephyr/libzephyr.a(log_backend_rtt.c.obj)
 .text.on_failed_write
                0x0000000000002664       0x1c zephyr/libzephyr.a(log_backend_rtt.c.obj)
 .text.on_write
                0x0000000000002680       0x38 zephyr/libzephyr.a(log_backend_rtt.c.obj)
 .text.data_out_block_mode
                0x00000000000026b8       0x4c zephyr/libzephyr.a(log_backend_rtt.c.obj)
 .text.panic    0x0000000000002704       0x18 zephyr/libzephyr.a(log_backend_rtt.c.obj)
 .text.process  0x000000000000271c       0x20 zephyr/libzephyr.a(log_backend_rtt.c.obj)
 .text.pm_system_resume
                0x000000000000273c      0x134 zephyr/libzephyr.a(pm.c.obj)
                0x000000000000273c                pm_system_resume
 .text.pm_system_suspend
                0x0000000000002870      0x1f8 zephyr/libzephyr.a(pm.c.obj)
                0x0000000000002870                pm_system_suspend
 .text.pm_policy_state_lock_is_active
                0x0000000000002a68       0x1c zephyr/libzephyr.a(policy.c.obj)
                0x0000000000002a68                pm_policy_state_lock_is_active
 .text.pm_policy_next_state
                0x0000000000002a84       0x94 zephyr/libzephyr.a(policy.c.obj)
                0x0000000000002a84                pm_policy_next_state
 .text.pm_state_cpu_get_all
                0x0000000000002b18       0x10 zephyr/libzephyr.a(state.c.obj)
                0x0000000000002b18                pm_state_cpu_get_all
 .text.nrf_cc3xx_platform_abort_init
                0x0000000000002b28       0x10 zephyr/libzephyr.a(nrf_cc3xx_platform_abort_zephyr.c.obj)
                0x0000000000002b28                nrf_cc3xx_platform_abort_init
 .text.mutex_unlock_platform
                0x0000000000002b38       0x50 zephyr/libzephyr.a(nrf_cc3xx_platform_mutex_zephyr.c.obj)
 .text.mutex_lock_platform
                0x0000000000002b88       0x5c zephyr/libzephyr.a(nrf_cc3xx_platform_mutex_zephyr.c.obj)
 .text.mutex_free_platform
                0x0000000000002be4       0x50 zephyr/libzephyr.a(nrf_cc3xx_platform_mutex_zephyr.c.obj)
 .text.mutex_init_platform
                0x0000000000002c34       0x78 zephyr/libzephyr.a(nrf_cc3xx_platform_mutex_zephyr.c.obj)
 .text.nrf_cc3xx_platform_mutex_init
                0x0000000000002cac       0x28 zephyr/libzephyr.a(nrf_cc3xx_platform_mutex_zephyr.c.obj)
                0x0000000000002cac                nrf_cc3xx_platform_mutex_init
 .text.z_arm_cpu_idle_init
                0x0000000000002cd4        0xc zephyr/arch/arch/arm/core/aarch32/libarch__arm__core__aarch32.a(cpu_idle.S.obj)
                0x0000000000002cd4                z_arm_cpu_idle_init
 .text.arch_cpu_idle
                0x0000000000002ce0       0x1c zephyr/arch/arch/arm/core/aarch32/libarch__arm__core__aarch32.a(cpu_idle.S.obj)
                0x0000000000002ce0                arch_cpu_idle
 .text.arch_cpu_atomic_idle
                0x0000000000002cfc       0x14 zephyr/arch/arch/arm/core/aarch32/libarch__arm__core__aarch32.a(cpu_idle.S.obj)
                0x0000000000002cfc                arch_cpu_atomic_idle
 .text.esf_dump
                0x0000000000002d10       0x94 zephyr/arch/arch/arm/core/aarch32/libarch__arm__core__aarch32.a(fatal.c.obj)
 .text.arch_irq_enable
                0x0000000000002da4       0x1c zephyr/arch/arch/arm/core/aarch32/libarch__arm__core__aarch32.a(irq_manage.c.obj)
                0x0000000000002da4                arch_irq_enable
 .text.arch_irq_is_enabled
                0x0000000000002dc0       0x1c zephyr/arch/arch/arm/core/aarch32/libarch__arm__core__aarch32.a(irq_manage.c.obj)
                0x0000000000002dc0                arch_irq_is_enabled
 .text.z_arm_irq_priority_set
                0x0000000000002ddc       0x6c zephyr/arch/arch/arm/core/aarch32/libarch__arm__core__aarch32.a(irq_manage.c.obj)
                0x0000000000002ddc                z_arm_irq_priority_set
 .text.z_SysNmiOnReset
                0x0000000000002e48        0x8 zephyr/arch/arch/arm/core/aarch32/libarch__arm__core__aarch32.a(nmi_on_reset.S.obj)
                0x0000000000002e48                z_SysNmiOnReset
 .text.z_arm_prep_c
                0x0000000000002e50       0x38 zephyr/arch/arch/arm/core/aarch32/libarch__arm__core__aarch32.a(prep_c.c.obj)
                0x0000000000002e50                z_arm_prep_c
 .text.arch_swap
                0x0000000000002e88       0x38 zephyr/arch/arch/arm/core/aarch32/libarch__arm__core__aarch32.a(swap.c.obj)
                0x0000000000002e88                arch_swap
 .text.z_arm_pendsv
                0x0000000000002ec0       0x58 zephyr/arch/arch/arm/core/aarch32/libarch__arm__core__aarch32.a(swap_helper.S.obj)
                0x0000000000002ec0                z_arm_pendsv
 .text.z_arm_svc
                0x0000000000002f18       0x20 zephyr/arch/arch/arm/core/aarch32/libarch__arm__core__aarch32.a(swap_helper.S.obj)
                0x0000000000002f18                z_arm_svc
 .text.arch_new_thread
                0x0000000000002f38       0x44 zephyr/arch/arch/arm/core/aarch32/libarch__arm__core__aarch32.a(thread.c.obj)
                0x0000000000002f38                arch_new_thread
 .text.z_check_thread_stack_fail
                0x0000000000002f7c       0x50 zephyr/arch/arch/arm/core/aarch32/libarch__arm__core__aarch32.a(thread.c.obj)
                0x0000000000002f7c                z_check_thread_stack_fail
 .text.arch_switch_to_main_thread
                0x0000000000002fcc       0x2c zephyr/arch/arch/arm/core/aarch32/libarch__arm__core__aarch32.a(thread.c.obj)
                0x0000000000002fcc                arch_switch_to_main_thread
 .text._isr_wrapper
                0x0000000000002ff8       0x40 zephyr/arch/arch/arm/core/aarch32/libarch__arm__core__aarch32.a(isr_wrapper.S.obj)
                0x0000000000002ff8                _isr_wrapper
 .text._HandlerModeExit
                0x0000000000003038       0x1c zephyr/arch/arch/arm/core/aarch32/cortex_m/libarch__arm__core__aarch32__cortex_m.a(exc_exit.S.obj)
                0x0000000000003038                z_arm_exc_exit
                0x0000000000003038                z_arm_int_exit
 .text.bus_fault
                0x0000000000003054      0x150 zephyr/arch/arch/arm/core/aarch32/cortex_m/libarch__arm__core__aarch32__cortex_m.a(fault.c.obj)
 .text.usage_fault
                0x00000000000031a4      0x114 zephyr/arch/arch/arm/core/aarch32/cortex_m/libarch__arm__core__aarch32__cortex_m.a(fault.c.obj)
 .text.debug_monitor
                0x00000000000032b8       0x28 zephyr/arch/arch/arm/core/aarch32/cortex_m/libarch__arm__core__aarch32__cortex_m.a(fault.c.obj)
 .text.reserved_exception
                0x00000000000032e0       0x40 zephyr/arch/arch/arm/core/aarch32/cortex_m/libarch__arm__core__aarch32__cortex_m.a(fault.c.obj)
 .text.mem_manage_fault
                0x0000000000003320      0x1bc zephyr/arch/arch/arm/core/aarch32/cortex_m/libarch__arm__core__aarch32__cortex_m.a(fault.c.obj)
 .text.hard_fault
                0x00000000000034dc      0x168 zephyr/arch/arch/arm/core/aarch32/cortex_m/libarch__arm__core__aarch32__cortex_m.a(fault.c.obj)
 .text.z_arm_fault
                0x0000000000003644       0xf8 zephyr/arch/arch/arm/core/aarch32/cortex_m/libarch__arm__core__aarch32__cortex_m.a(fault.c.obj)
                0x0000000000003644                z_arm_fault
 .text.z_arm_fault_init
                0x000000000000373c       0x10 zephyr/arch/arch/arm/core/aarch32/cortex_m/libarch__arm__core__aarch32__cortex_m.a(fault.c.obj)
                0x000000000000373c                z_arm_fault_init
 .text.__fault  0x000000000000374c       0x14 zephyr/arch/arch/arm/core/aarch32/cortex_m/libarch__arm__core__aarch32__cortex_m.a(fault_s.S.obj)
                0x000000000000374c                z_arm_bus_fault
                0x000000000000374c                z_arm_usage_fault
                0x000000000000374c                z_arm_mpu_fault
                0x000000000000374c                z_arm_exc_spurious
                0x000000000000374c                z_arm_debug_monitor
                0x000000000000374c                z_arm_hard_fault
 .text.z_arm_interrupt_init
                0x0000000000003760       0x34 zephyr/arch/arch/arm/core/aarch32/cortex_m/libarch__arm__core__aarch32__cortex_m.a(irq_init.c.obj)
                0x0000000000003760                z_arm_interrupt_init
 .text._reset_section
                0x0000000000003794       0x54 zephyr/arch/arch/arm/core/aarch32/cortex_m/libarch__arm__core__aarch32__cortex_m.a(reset.S.obj)
                0x0000000000003794                z_arm_reset
                0x0000000000003794                __start
 .text.z_arm_clear_arm_mpu_config
                0x00000000000037e8       0x28 zephyr/arch/arch/arm/core/aarch32/cortex_m/libarch__arm__core__aarch32__cortex_m.a(scb.c.obj)
                0x00000000000037e8                z_arm_clear_arm_mpu_config
 .text.z_arm_init_arch_hw_at_boot
                0x0000000000003810       0x54 zephyr/arch/arch/arm/core/aarch32/cortex_m/libarch__arm__core__aarch32__cortex_m.a(scb.c.obj)
                0x0000000000003810                z_arm_init_arch_hw_at_boot
 .text.z_impl_k_thread_abort
                0x0000000000003864       0x34 zephyr/arch/arch/arm/core/aarch32/cortex_m/libarch__arm__core__aarch32__cortex_m.a(thread_abort.c.obj)
                0x0000000000003864                z_impl_k_thread_abort
 .text.z_arm_configure_static_mpu_regions
                0x0000000000003898       0x1c zephyr/arch/arch/arm/core/aarch32/mpu/libarch__arm__core__aarch32__mpu.a(arm_core_mpu.c.obj)
                0x0000000000003898                z_arm_configure_static_mpu_regions
 .text.z_arm_configure_dynamic_mpu_regions
                0x00000000000038b4       0x24 zephyr/arch/arch/arm/core/aarch32/mpu/libarch__arm__core__aarch32__mpu.a(arm_core_mpu.c.obj)
                0x00000000000038b4                z_arm_configure_dynamic_mpu_regions
 .text.region_init
                0x00000000000038d8       0x28 zephyr/arch/arch/arm/core/aarch32/mpu/libarch__arm__core__aarch32__mpu.a(arm_mpu.c.obj)
 .text.region_allocate_and_init
                0x0000000000003900       0x38 zephyr/arch/arch/arm/core/aarch32/mpu/libarch__arm__core__aarch32__mpu.a(arm_mpu.c.obj)
 .text.mpu_configure_regions
                0x0000000000003938       0x70 zephyr/arch/arch/arm/core/aarch32/mpu/libarch__arm__core__aarch32__mpu.a(arm_mpu.c.obj)
 .text.mpu_configure_static_mpu_regions
                0x00000000000039a8       0x14 zephyr/arch/arch/arm/core/aarch32/mpu/libarch__arm__core__aarch32__mpu.a(arm_mpu.c.obj)
 .text.mpu_configure_dynamic_mpu_regions
                0x00000000000039bc       0x34 zephyr/arch/arch/arm/core/aarch32/mpu/libarch__arm__core__aarch32__mpu.a(arm_mpu.c.obj)
 .text.arm_core_mpu_enable
                0x00000000000039f0       0x18 zephyr/arch/arch/arm/core/aarch32/mpu/libarch__arm__core__aarch32__mpu.a(arm_mpu.c.obj)
                0x00000000000039f0                arm_core_mpu_enable
 .text.arm_core_mpu_disable
                0x0000000000003a08       0x14 zephyr/arch/arch/arm/core/aarch32/mpu/libarch__arm__core__aarch32__mpu.a(arm_mpu.c.obj)
                0x0000000000003a08                arm_core_mpu_disable
 .text.arm_core_mpu_configure_static_mpu_regions
                0x0000000000003a1c       0x44 zephyr/arch/arch/arm/core/aarch32/mpu/libarch__arm__core__aarch32__mpu.a(arm_mpu.c.obj)
                0x0000000000003a1c                arm_core_mpu_configure_static_mpu_regions
 .text.arm_core_mpu_configure_dynamic_mpu_regions
                0x0000000000003a60       0x44 zephyr/arch/arch/arm/core/aarch32/mpu/libarch__arm__core__aarch32__mpu.a(arm_mpu.c.obj)
                0x0000000000003a60                arm_core_mpu_configure_dynamic_mpu_regions
 .text.z_arm_mpu_init
                0x0000000000003aa4       0xb8 zephyr/arch/arch/arm/core/aarch32/mpu/libarch__arm__core__aarch32__mpu.a(arm_mpu.c.obj)
                0x0000000000003aa4                z_arm_mpu_init
 .text.malloc_prepare
                0x0000000000003b5c       0x4c zephyr/lib/libc/newlib/liblib__libc__newlib.a(libc-hooks.c.obj)
 .text.__stdout_hook_install
                0x0000000000003ba8        0xc zephyr/lib/libc/newlib/liblib__libc__newlib.a(libc-hooks.c.obj)
                0x0000000000003ba8                __stdout_hook_install
 .text._sbrk    0x0000000000003bb4       0x2c zephyr/lib/libc/newlib/liblib__libc__newlib.a(libc-hooks.c.obj)
                0x0000000000003bb4                _sbrk
                0x0000000000003bb4                sbrk
 .text.__retarget_lock_acquire_recursive
                0x0000000000003be0       0x40 zephyr/lib/libc/newlib/liblib__libc__newlib.a(libc-hooks.c.obj)
                0x0000000000003be0                __retarget_lock_acquire_recursive
 .text.__retarget_lock_release_recursive
                0x0000000000003c20       0x38 zephyr/lib/libc/newlib/liblib__libc__newlib.a(libc-hooks.c.obj)
                0x0000000000003c20                __retarget_lock_release_recursive
 .text.nordicsemi_nrf52_init
                0x0000000000003c58       0x4c zephyr/soc/arm/nordic_nrf/nrf52/libsoc__arm__nordic_nrf__nrf52.a(soc.c.obj)
 .text.sys_arch_reboot
                0x0000000000003ca4       0x2c zephyr/soc/arm/nordic_nrf/nrf52/libsoc__arm__nordic_nrf__nrf52.a(soc.c.obj)
                0x0000000000003ca4                sys_arch_reboot
 .text.arch_busy_wait
                0x0000000000003cd0       0x18 zephyr/soc/arm/nordic_nrf/nrf52/libsoc__arm__nordic_nrf__nrf52.a(soc.c.obj)
                0x0000000000003cd0                arch_busy_wait
 .text.get_hf_flags
                0x0000000000003ce8        0x8 zephyr/drivers/clock_control/libdrivers__clock_control.a(clock_control_nrf.c.obj)
 .text.get_subsys
                0x0000000000003cf0        0xc zephyr/drivers/clock_control/libdrivers__clock_control.a(clock_control_nrf.c.obj)
 .text.onoff_start
                0x0000000000003cfc       0x34 zephyr/drivers/clock_control/libdrivers__clock_control.a(clock_control_nrf.c.obj)
 .text.generic_hfclk_stop
                0x0000000000003d30       0x30 zephyr/drivers/clock_control/libdrivers__clock_control.a(clock_control_nrf.c.obj)
 .text.get_status
                0x0000000000003d60       0x40 zephyr/drivers/clock_control/libdrivers__clock_control.a(clock_control_nrf.c.obj)
 .text.stop     0x0000000000003da0       0x60 zephyr/drivers/clock_control/libdrivers__clock_control.a(clock_control_nrf.c.obj)
 .text.onoff_stop
                0x0000000000003e00       0x20 zephyr/drivers/clock_control/libdrivers__clock_control.a(clock_control_nrf.c.obj)
 .text.clock_event_handler
                0x0000000000003e20       0x78 zephyr/drivers/clock_control/libdrivers__clock_control.a(clock_control_nrf.c.obj)
 .text.api_blocking_start
                0x0000000000003e98       0x38 zephyr/drivers/clock_control/libdrivers__clock_control.a(clock_control_nrf.c.obj)
 .text.clk_init
                0x0000000000003ed0       0x60 zephyr/drivers/clock_control/libdrivers__clock_control.a(clock_control_nrf.c.obj)
 .text.lfclk_spinwait
                0x0000000000003f30       0xe4 zephyr/drivers/clock_control/libdrivers__clock_control.a(clock_control_nrf.c.obj)
 .text.generic_hfclk_start
                0x0000000000004014       0x68 zephyr/drivers/clock_control/libdrivers__clock_control.a(clock_control_nrf.c.obj)
 .text.z_nrf_clock_control_lf_on
                0x000000000000407c       0xa0 zephyr/drivers/clock_control/libdrivers__clock_control.a(clock_control_nrf.c.obj)
                0x000000000000407c                z_nrf_clock_control_lf_on
 .text.console_out
                0x000000000000411c       0x2c zephyr/drivers/console/libdrivers__console.a(uart_console.c.obj)
 .text.uart_console_hook_install
                0x0000000000004148       0x18 zephyr/drivers/console/libdrivers__console.a(uart_console.c.obj)
 .text.uart_console_init
                0x0000000000004160       0x24 zephyr/drivers/console/libdrivers__console.a(uart_console.c.obj)
 .text.get_dev  0x0000000000004184       0x1c zephyr/drivers/gpio/libdrivers__gpio.a(gpio_nrfx.c.obj)
 .text.gpio_nrfx_manage_callback
                0x00000000000041a0       0xcc zephyr/drivers/gpio/libdrivers__gpio.a(gpio_nrfx.c.obj)
 .text.nrfx_gpio_handler
                0x000000000000426c       0x88 zephyr/drivers/gpio/libdrivers__gpio.a(gpio_nrfx.c.obj)
 .text.gpio_nrfx_pin_interrupt_configure
                0x00000000000042f4      0x134 zephyr/drivers/gpio/libdrivers__gpio.a(gpio_nrfx.c.obj)
 .text.pin_uninit
                0x0000000000004428       0x48 zephyr/drivers/gpio/libdrivers__gpio.a(gpio_nrfx.c.obj)
 .text.gpio_nrfx_pin_configure
                0x0000000000004470      0x104 zephyr/drivers/gpio/libdrivers__gpio.a(gpio_nrfx.c.obj)
 .text.gpio_nrfx_init
                0x0000000000004574       0x3c zephyr/drivers/gpio/libdrivers__gpio.a(gpio_nrfx.c.obj)
 .text.baudrate_set
                0x00000000000045b0      0x150 zephyr/drivers/serial/libdrivers__serial.a(uart_nrfx_uarte.c.obj)
 .text.uarte_nrfx_poll_out
                0x0000000000004700       0x90 zephyr/drivers/serial/libdrivers__serial.a(uart_nrfx_uarte.c.obj)
 .text.uarte_nrfx_rx_enable
                0x0000000000004790      0x148 zephyr/drivers/serial/libdrivers__serial.a(uart_nrfx_uarte.c.obj)
 .text.uarte_nrfx_tx
                0x00000000000048d8       0xcc zephyr/drivers/serial/libdrivers__serial.a(uart_nrfx_uarte.c.obj)
 .text.rxstarted_isr
                0x00000000000049a4       0x74 zephyr/drivers/serial/libdrivers__serial.a(uart_nrfx_uarte.c.obj)
 .text.endtx_stoptx_ppi_init
                0x0000000000004a18       0x68 zephyr/drivers/serial/libdrivers__serial.a(uart_nrfx_uarte.c.obj)
 .text.uarte_nrfx_init
                0x0000000000004a80       0x88 zephyr/drivers/serial/libdrivers__serial.a(uart_nrfx_uarte.c.obj)
 .text.set_comparator
                0x0000000000004b08       0x14 zephyr/drivers/timer/libdrivers__timer.a(nrf_rtc_timer.c.obj)
 .text.get_comparator
                0x0000000000004b1c       0x10 zephyr/drivers/timer/libdrivers__timer.a(nrf_rtc_timer.c.obj)
 .text.event_enable
                0x0000000000004b2c       0x14 zephyr/drivers/timer/libdrivers__timer.a(nrf_rtc_timer.c.obj)
 .text.event_disable
                0x0000000000004b40       0x14 zephyr/drivers/timer/libdrivers__timer.a(nrf_rtc_timer.c.obj)
 .text.counter  0x0000000000004b54        0xc zephyr/drivers/timer/libdrivers__timer.a(nrf_rtc_timer.c.obj)
 .text.compare_int_lock
                0x0000000000004b60       0x50 zephyr/drivers/timer/libdrivers__timer.a(nrf_rtc_timer.c.obj)
 .text.channel_processing_check_and_clear
                0x0000000000004bb0       0x78 zephyr/drivers/timer/libdrivers__timer.a(nrf_rtc_timer.c.obj)
 .text.compare_int_unlock
                0x0000000000004c28       0x60 zephyr/drivers/timer/libdrivers__timer.a(nrf_rtc_timer.c.obj)
 .text.sys_clock_timeout_handler
                0x0000000000004c88       0x78 zephyr/drivers/timer/libdrivers__timer.a(nrf_rtc_timer.c.obj)
 .text.z_nrf_rtc_timer_read
                0x0000000000004d00       0x40 zephyr/drivers/timer/libdrivers__timer.a(nrf_rtc_timer.c.obj)
                0x0000000000004d00                z_nrf_rtc_timer_read
 .text.compare_set_nolocks
                0x0000000000004d40       0xa0 zephyr/drivers/timer/libdrivers__timer.a(nrf_rtc_timer.c.obj)
 .text.sys_clock_driver_init
                0x0000000000004de0       0x94 zephyr/drivers/timer/libdrivers__timer.a(nrf_rtc_timer.c.obj)
 .text.process_channel
                0x0000000000004e74       0x74 zephyr/drivers/timer/libdrivers__timer.a(nrf_rtc_timer.c.obj)
 .text.rtc_nrf_isr
                0x0000000000004ee8       0x44 zephyr/drivers/timer/libdrivers__timer.a(nrf_rtc_timer.c.obj)
                0x0000000000004ee8                rtc_nrf_isr
 .text.sys_clock_set_timeout
                0x0000000000004f2c       0x64 zephyr/drivers/timer/libdrivers__timer.a(nrf_rtc_timer.c.obj)
                0x0000000000004f2c                sys_clock_set_timeout
 .text.sys_clock_elapsed
                0x0000000000004f90       0x14 zephyr/drivers/timer/libdrivers__timer.a(nrf_rtc_timer.c.obj)
                0x0000000000004f90                sys_clock_elapsed
 .text.nrf_pin_configure
                0x0000000000004fa4       0xc0 zephyr/drivers/pinctrl/libdrivers__pinctrl.a(pinctrl_nrf.c.obj)
 .text.pinctrl_configure_pins
                0x0000000000005064      0x910 zephyr/drivers/pinctrl/libdrivers__pinctrl.a(pinctrl_nrf.c.obj)
                0x0000000000005064                pinctrl_configure_pins
 .text.k_sys_fatal_error_handler
                0x0000000000005974       0x2c modules/nrf/lib/fatal_error/lib..__nrf__lib__fatal_error.a(fatal_error.c.obj)
                0x0000000000005974                k_sys_fatal_error_handler
 .text.nvmc_wait
                0x00000000000059a0       0x10 modules/hal_nordic/nrfx/libmodules__hal_nordic__nrfx.a(system_nrf52840.c.obj)
                0x00000000000059a0                nvmc_wait
 .text.nvmc_config
                0x00000000000059b0       0x14 modules/hal_nordic/nrfx/libmodules__hal_nordic__nrfx.a(system_nrf52840.c.obj)
                0x00000000000059b0                nvmc_config
 .text.SystemCoreClockUpdate
                0x00000000000059c4       0x10 modules/hal_nordic/nrfx/libmodules__hal_nordic__nrfx.a(system_nrf52840.c.obj)
                0x00000000000059c4                SystemCoreClockUpdate
 .text.SystemInit
                0x00000000000059d4      0x1ac modules/hal_nordic/nrfx/libmodules__hal_nordic__nrfx.a(system_nrf52840.c.obj)
                0x00000000000059d4                SystemInit
 .text.nrfx_flag32_alloc
                0x0000000000005b80       0x50 modules/hal_nordic/nrfx/libmodules__hal_nordic__nrfx.a(nrfx_flag32_allocator.c.obj)
                0x0000000000005b80                nrfx_flag32_alloc
 .text.nrfx_flag32_free
                0x0000000000005bd0       0x44 modules/hal_nordic/nrfx/libmodules__hal_nordic__nrfx.a(nrfx_flag32_allocator.c.obj)
                0x0000000000005bd0                nrfx_flag32_free
 .text.clock_stop
                0x0000000000005c14      0x118 modules/hal_nordic/nrfx/libmodules__hal_nordic__nrfx.a(nrfx_clock.c.obj)
 .text.nrfx_clock_init
                0x0000000000005d2c       0x54 modules/hal_nordic/nrfx/libmodules__hal_nordic__nrfx.a(nrfx_clock.c.obj)
                0x0000000000005d2c                nrfx_clock_init
 .text.nrfx_clock_enable
                0x0000000000005d80       0x50 modules/hal_nordic/nrfx/libmodules__hal_nordic__nrfx.a(nrfx_clock.c.obj)
                0x0000000000005d80                nrfx_clock_enable
 .text.nrfx_clock_start
                0x0000000000005dd0       0xec modules/hal_nordic/nrfx/libmodules__hal_nordic__nrfx.a(nrfx_clock.c.obj)
                0x0000000000005dd0                nrfx_clock_start
 .text.nrfx_clock_stop
                0x0000000000005ebc       0x40 modules/hal_nordic/nrfx/libmodules__hal_nordic__nrfx.a(nrfx_clock.c.obj)
                0x0000000000005ebc                nrfx_clock_stop
 .text.nrfx_power_clock_irq_handler
                0x0000000000005efc       0x7c modules/hal_nordic/nrfx/libmodules__hal_nordic__nrfx.a(nrfx_clock.c.obj)
                0x0000000000005efc                nrfx_power_clock_irq_handler
 .text.pin_in_use
                0x0000000000005f78       0x14 modules/hal_nordic/nrfx/libmodules__hal_nordic__nrfx.a(nrfx_gpiote.c.obj)
 .text.pin_in_use_by_te
                0x0000000000005f8c       0x14 modules/hal_nordic/nrfx/libmodules__hal_nordic__nrfx.a(nrfx_gpiote.c.obj)
 .text.pin_has_trigger
                0x0000000000005fa0       0x18 modules/hal_nordic/nrfx/libmodules__hal_nordic__nrfx.a(nrfx_gpiote.c.obj)
 .text.pin_is_output
                0x0000000000005fb8       0x14 modules/hal_nordic/nrfx/libmodules__hal_nordic__nrfx.a(nrfx_gpiote.c.obj)
 .text.pin_te_get
                0x0000000000005fcc       0x10 modules/hal_nordic/nrfx/libmodules__hal_nordic__nrfx.a(nrfx_gpiote.c.obj)
 .text.handler_in_use
                0x0000000000005fdc       0x34 modules/hal_nordic/nrfx/libmodules__hal_nordic__nrfx.a(nrfx_gpiote.c.obj)
 .text.find_handler
                0x0000000000006010       0x2c modules/hal_nordic/nrfx/libmodules__hal_nordic__nrfx.a(nrfx_gpiote.c.obj)
 .text.channel_handler_get
                0x000000000000603c       0x20 modules/hal_nordic/nrfx/libmodules__hal_nordic__nrfx.a(nrfx_gpiote.c.obj)
 .text.call_handler
                0x000000000000605c       0x2c modules/hal_nordic/nrfx/libmodules__hal_nordic__nrfx.a(nrfx_gpiote.c.obj)
 .text.release_handler
                0x0000000000006088       0x74 modules/hal_nordic/nrfx/libmodules__hal_nordic__nrfx.a(nrfx_gpiote.c.obj)
 .text.pin_handler_trigger_uninit
                0x00000000000060fc       0x38 modules/hal_nordic/nrfx/libmodules__hal_nordic__nrfx.a(nrfx_gpiote.c.obj)
 .text.pin_handler_set
                0x0000000000006134       0x6c modules/hal_nordic/nrfx/libmodules__hal_nordic__nrfx.a(nrfx_gpiote.c.obj)
 .text.gpiote_evt_handle
                0x00000000000061a0       0x44 modules/hal_nordic/nrfx/libmodules__hal_nordic__nrfx.a(nrfx_gpiote.c.obj)
 .text.latch_pending_read_and_check
                0x00000000000061e4       0x50 modules/hal_nordic/nrfx/libmodules__hal_nordic__nrfx.a(nrfx_gpiote.c.obj)
 .text.next_sense_cond_call_handler
                0x0000000000006234      0x284 modules/hal_nordic/nrfx/libmodules__hal_nordic__nrfx.a(nrfx_gpiote.c.obj)
 .text.port_event_handle
                0x00000000000064b8      0x1bc modules/hal_nordic/nrfx/libmodules__hal_nordic__nrfx.a(nrfx_gpiote.c.obj)
 .text.nrfx_gpiote_input_configure
                0x0000000000006674      0x1e8 modules/hal_nordic/nrfx/libmodules__hal_nordic__nrfx.a(nrfx_gpiote.c.obj)
                0x0000000000006674                nrfx_gpiote_input_configure
 .text.nrfx_gpiote_output_configure
                0x000000000000685c      0x1f4 modules/hal_nordic/nrfx/libmodules__hal_nordic__nrfx.a(nrfx_gpiote.c.obj)
                0x000000000000685c                nrfx_gpiote_output_configure
 .text.nrfx_gpiote_global_callback_set
                0x0000000000006a50        0xc modules/hal_nordic/nrfx/libmodules__hal_nordic__nrfx.a(nrfx_gpiote.c.obj)
                0x0000000000006a50                nrfx_gpiote_global_callback_set
 .text.nrfx_gpiote_channel_get
                0x0000000000006a5c       0x58 modules/hal_nordic/nrfx/libmodules__hal_nordic__nrfx.a(nrfx_gpiote.c.obj)
                0x0000000000006a5c                nrfx_gpiote_channel_get
 .text.nrfx_gpiote_init
                0x0000000000006ab4       0x54 modules/hal_nordic/nrfx/libmodules__hal_nordic__nrfx.a(nrfx_gpiote.c.obj)
                0x0000000000006ab4                nrfx_gpiote_init
 .text.nrfx_gpiote_is_init
                0x0000000000006b08       0x14 modules/hal_nordic/nrfx/libmodules__hal_nordic__nrfx.a(nrfx_gpiote.c.obj)
                0x0000000000006b08                nrfx_gpiote_is_init
 .text.nrfx_gpiote_channel_free
                0x0000000000006b1c       0x10 modules/hal_nordic/nrfx/libmodules__hal_nordic__nrfx.a(nrfx_gpiote.c.obj)
                0x0000000000006b1c                nrfx_gpiote_channel_free
 .text.nrfx_gpiote_channel_alloc
                0x0000000000006b2c       0x10 modules/hal_nordic/nrfx/libmodules__hal_nordic__nrfx.a(nrfx_gpiote.c.obj)
                0x0000000000006b2c                nrfx_gpiote_channel_alloc
 .text.nrfx_gpiote_trigger_enable
                0x0000000000006b3c      0x218 modules/hal_nordic/nrfx/libmodules__hal_nordic__nrfx.a(nrfx_gpiote.c.obj)
                0x0000000000006b3c                nrfx_gpiote_trigger_enable
 .text.nrfx_gpiote_trigger_disable
                0x0000000000006d54       0xd0 modules/hal_nordic/nrfx/libmodules__hal_nordic__nrfx.a(nrfx_gpiote.c.obj)
                0x0000000000006d54                nrfx_gpiote_trigger_disable
 .text.nrfx_gpiote_pin_uninit
                0x0000000000006e24       0xb8 modules/hal_nordic/nrfx/libmodules__hal_nordic__nrfx.a(nrfx_gpiote.c.obj)
                0x0000000000006e24                nrfx_gpiote_pin_uninit
 .text.nrfx_gpiote_irq_handler
                0x0000000000006edc       0x60 modules/hal_nordic/nrfx/libmodules__hal_nordic__nrfx.a(nrfx_gpiote.c.obj)
                0x0000000000006edc                nrfx_gpiote_irq_handler
 .text.nrfx_ppi_channel_alloc
                0x0000000000006f3c       0x10 modules/hal_nordic/nrfx/libmodules__hal_nordic__nrfx.a(nrfx_ppi.c.obj)
                0x0000000000006f3c                nrfx_ppi_channel_alloc
 .text._DoInit  0x0000000000006f4c       0x64 modules/segger/libmodules__segger.a(SEGGER_RTT.c.obj)
 .text.SEGGER_RTT_WriteSkipNoLock
                0x0000000000006fb0       0xc8 modules/segger/libmodules__segger.a(SEGGER_RTT.c.obj)
                0x0000000000006fb0                SEGGER_RTT_WriteSkipNoLock
 .text.SEGGER_RTT_HasDataUp
                0x0000000000007078       0x20 modules/segger/libmodules__segger.a(SEGGER_RTT.c.obj)
                0x0000000000007078                SEGGER_RTT_HasDataUp
 .text.z_device_state_init
                0x0000000000007098       0x18 zephyr/kernel/libkernel.a(device.c.obj)
                0x0000000000007098                z_device_state_init
 .text.z_sys_init_run_level
                0x00000000000070b0       0x50 zephyr/kernel/libkernel.a(device.c.obj)
                0x00000000000070b0                z_sys_init_run_level
 .text.reason_to_str
                0x0000000000007100       0x40 zephyr/kernel/libkernel.a(fatal.c.obj)
 .text.thread_name_get
                0x0000000000007140       0x20 zephyr/kernel/libkernel.a(fatal.c.obj)
 .text.z_fatal_error
                0x0000000000007160       0xd8 zephyr/kernel/libkernel.a(fatal.c.obj)
                0x0000000000007160                z_fatal_error
 .text.init_idle_thread
                0x0000000000007238       0x60 zephyr/kernel/libkernel.a(init.c.obj)
 .text.bg_thread_main
                0x0000000000007298       0x34 zephyr/kernel/libkernel.a(init.c.obj)
 .text.switch_to_main_thread
                0x00000000000072cc       0x14 zephyr/kernel/libkernel.a(init.c.obj)
 .text.z_bss_zero
                0x00000000000072e0       0x18 zephyr/kernel/libkernel.a(init.c.obj)
                0x00000000000072e0                z_bss_zero
 .text.z_init_cpu
                0x00000000000072f8       0x44 zephyr/kernel/libkernel.a(init.c.obj)
                0x00000000000072f8                z_init_cpu
 .text.prepare_multithreading
                0x000000000000733c       0x60 zephyr/kernel/libkernel.a(init.c.obj)
 .text.z_cstart
                0x000000000000739c       0x90 zephyr/kernel/libkernel.a(init.c.obj)
                0x000000000000739c                z_cstart
 .text.init_mem_slab_module
                0x000000000000742c       0x5c zephyr/kernel/libkernel.a(mem_slab.c.obj)
 .text.k_mem_slab_alloc
                0x0000000000007488       0xec zephyr/kernel/libkernel.a(mem_slab.c.obj)
                0x0000000000007488                k_mem_slab_alloc
 .text.k_mem_slab_free
                0x0000000000007574       0xd0 zephyr/kernel/libkernel.a(mem_slab.c.obj)
                0x0000000000007574                k_mem_slab_free
 .text.schedule_new_thread
                0x0000000000007644       0x1c zephyr/kernel/libkernel.a(thread.c.obj)
 .text.z_spin_lock_valid
                0x0000000000007660       0x20 zephyr/kernel/libkernel.a(thread.c.obj)
                0x0000000000007660                z_spin_lock_valid
 .text.z_spin_unlock_valid
                0x0000000000007680       0x20 zephyr/kernel/libkernel.a(thread.c.obj)
                0x0000000000007680                z_spin_unlock_valid
 .text.z_spin_lock_set_owner
                0x00000000000076a0       0x10 zephyr/kernel/libkernel.a(thread.c.obj)
                0x00000000000076a0                z_spin_lock_set_owner
 .text.z_thread_monitor_exit
                0x00000000000076b0       0xb4 zephyr/kernel/libkernel.a(thread.c.obj)
                0x00000000000076b0                z_thread_monitor_exit
 .text.z_setup_new_thread
                0x0000000000007764      0x18c zephyr/kernel/libkernel.a(thread.c.obj)
                0x0000000000007764                z_setup_new_thread
 .text.z_impl_k_thread_create
                0x00000000000078f0       0x94 zephyr/kernel/libkernel.a(thread.c.obj)
                0x00000000000078f0                z_impl_k_thread_create
 .text.z_init_static_threads
                0x0000000000007984       0xf4 zephyr/kernel/libkernel.a(thread.c.obj)
                0x0000000000007984                z_init_static_threads
 .text.idle     0x0000000000007a78       0x68 zephyr/kernel/libkernel.a(idle.c.obj)
                0x0000000000007a78                idle
 .text.z_impl_k_mutex_lock
                0x0000000000007ae0      0x240 zephyr/kernel/libkernel.a(mutex.c.obj)
                0x0000000000007ae0                z_impl_k_mutex_lock
 .text.z_impl_k_mutex_unlock
                0x0000000000007d20      0x1a8 zephyr/kernel/libkernel.a(mutex.c.obj)
                0x0000000000007d20                z_impl_k_mutex_unlock
 .text.z_impl_k_sem_give
                0x0000000000007ec8       0x88 zephyr/kernel/libkernel.a(sem.c.obj)
                0x0000000000007ec8                z_impl_k_sem_give
 .text.z_impl_k_sem_take
                0x0000000000007f50      0x12c zephyr/kernel/libkernel.a(sem.c.obj)
                0x0000000000007f50                z_impl_k_sem_take
 .text.pended_on_thread
                0x000000000000807c       0x34 zephyr/kernel/libkernel.a(sched.c.obj)
 .text.add_thread_timeout
                0x00000000000080b0       0x20 zephyr/kernel/libkernel.a(sched.c.obj)
 .text.z_reset_time_slice
                0x00000000000080d0       0x28 zephyr/kernel/libkernel.a(sched.c.obj)
                0x00000000000080d0                z_reset_time_slice
 .text.k_sched_time_slice_set
                0x00000000000080f8       0xec zephyr/kernel/libkernel.a(sched.c.obj)
                0x00000000000080f8                k_sched_time_slice_set
 .text.z_unpend_thread_no_timeout
                0x00000000000081e4       0xb4 zephyr/kernel/libkernel.a(sched.c.obj)
                0x00000000000081e4                z_unpend_thread_no_timeout
 .text.z_reschedule
                0x0000000000008298       0x9c zephyr/kernel/libkernel.a(sched.c.obj)
                0x0000000000008298                z_reschedule
 .text.k_sched_lock
                0x0000000000008334      0x104 zephyr/kernel/libkernel.a(sched.c.obj)
                0x0000000000008334                k_sched_lock
 .text.z_priq_dumb_remove
                0x0000000000008438       0x48 zephyr/kernel/libkernel.a(sched.c.obj)
                0x0000000000008438                z_priq_dumb_remove
 .text.update_cache
                0x0000000000008480       0x84 zephyr/kernel/libkernel.a(sched.c.obj)
 .text.move_thread_to_end_of_prio_q
                0x0000000000008504       0xb8 zephyr/kernel/libkernel.a(sched.c.obj)
 .text.slice_expired_locked
                0x00000000000085bc       0x28 zephyr/kernel/libkernel.a(sched.c.obj)
 .text.z_time_slice
                0x00000000000085e4      0x150 zephyr/kernel/libkernel.a(sched.c.obj)
                0x00000000000085e4                z_time_slice
 .text.ready_thread
                0x0000000000008734       0xac zephyr/kernel/libkernel.a(sched.c.obj)
 .text.z_ready_thread
                0x00000000000087e0       0xac zephyr/kernel/libkernel.a(sched.c.obj)
                0x00000000000087e0                z_ready_thread
 .text.z_sched_start
                0x000000000000888c       0xb0 zephyr/kernel/libkernel.a(sched.c.obj)
                0x000000000000888c                z_sched_start
 .text.z_thread_timeout
                0x000000000000893c       0xe8 zephyr/kernel/libkernel.a(sched.c.obj)
                0x000000000000893c                z_thread_timeout
 .text.unready_thread
                0x0000000000008a24       0x38 zephyr/kernel/libkernel.a(sched.c.obj)
 .text.add_to_waitq_locked
                0x0000000000008a5c       0x84 zephyr/kernel/libkernel.a(sched.c.obj)
 .text.pend     0x0000000000008ae0       0xb8 zephyr/kernel/libkernel.a(sched.c.obj)
 .text.z_pend_curr
                0x0000000000008b98       0x60 zephyr/kernel/libkernel.a(sched.c.obj)
                0x0000000000008b98                z_pend_curr
 .text.z_set_prio
                0x0000000000008bf8      0x15c zephyr/kernel/libkernel.a(sched.c.obj)
                0x0000000000008bf8                z_set_prio
 .text.z_impl_k_thread_suspend
                0x0000000000008d54       0xf8 zephyr/kernel/libkernel.a(sched.c.obj)
                0x0000000000008d54                z_impl_k_thread_suspend
 .text.k_sched_unlock
                0x0000000000008e4c      0x128 zephyr/kernel/libkernel.a(sched.c.obj)
                0x0000000000008e4c                k_sched_unlock
 .text.end_thread
                0x0000000000008f74       0x9c zephyr/kernel/libkernel.a(sched.c.obj)
 .text.z_unpend1_no_timeout
                0x0000000000009010       0xc0 zephyr/kernel/libkernel.a(sched.c.obj)
                0x0000000000009010                z_unpend1_no_timeout
 .text.z_unpend_first_thread
                0x00000000000090d0       0xc8 zephyr/kernel/libkernel.a(sched.c.obj)
                0x00000000000090d0                z_unpend_first_thread
 .text.z_sched_init
                0x0000000000009198       0x18 zephyr/kernel/libkernel.a(sched.c.obj)
                0x0000000000009198                z_sched_init
 .text.z_impl_k_yield
                0x00000000000091b0      0x15c zephyr/kernel/libkernel.a(sched.c.obj)
                0x00000000000091b0                z_impl_k_yield
 .text.z_tick_sleep
                0x000000000000930c      0x17c zephyr/kernel/libkernel.a(sched.c.obj)
 .text.z_impl_k_sleep
                0x0000000000009488       0x98 zephyr/kernel/libkernel.a(sched.c.obj)
                0x0000000000009488                z_impl_k_sleep
 .text.z_impl_z_current_get
                0x0000000000009520        0xc zephyr/kernel/libkernel.a(sched.c.obj)
                0x0000000000009520                z_impl_z_current_get
 .text.z_thread_abort
                0x000000000000952c      0x144 zephyr/kernel/libkernel.a(sched.c.obj)
                0x000000000000952c                z_thread_abort
 .text.z_data_copy
                0x0000000000009670       0x34 zephyr/kernel/libkernel.a(xip.c.obj)
                0x0000000000009670                z_data_copy
 .text.first    0x00000000000096a4       0x14 zephyr/kernel/libkernel.a(timeout.c.obj)
 .text.next     0x00000000000096b8       0x18 zephyr/kernel/libkernel.a(timeout.c.obj)
 .text.elapsed  0x00000000000096d0       0x18 zephyr/kernel/libkernel.a(timeout.c.obj)
 .text.next_timeout
                0x00000000000096e8       0x4c zephyr/kernel/libkernel.a(timeout.c.obj)
 .text.z_add_timeout
                0x0000000000009734      0x1c8 zephyr/kernel/libkernel.a(timeout.c.obj)
                0x0000000000009734                z_add_timeout
 .text.z_abort_timeout
                0x00000000000098fc       0xb4 zephyr/kernel/libkernel.a(timeout.c.obj)
                0x00000000000098fc                z_abort_timeout
 .text.z_get_next_timeout_expiry
                0x00000000000099b0       0xa4 zephyr/kernel/libkernel.a(timeout.c.obj)
                0x00000000000099b0                z_get_next_timeout_expiry
 .text.z_set_timeout_expiry
                0x0000000000009a54       0xcc zephyr/kernel/libkernel.a(timeout.c.obj)
                0x0000000000009a54                z_set_timeout_expiry
 .text.sys_clock_announce
                0x0000000000009b20      0x190 zephyr/kernel/libkernel.a(timeout.c.obj)
                0x0000000000009b20                sys_clock_announce
 .text.sys_clock_tick_get
                0x0000000000009cb0       0xb4 zephyr/kernel/libkernel.a(timeout.c.obj)
                0x0000000000009cb0                sys_clock_tick_get
 .text.z_timer_expiration_handler
                0x0000000000009d64      0x194 zephyr/kernel/libkernel.a(timer.c.obj)
                0x0000000000009d64                z_timer_expiration_handler
 .text.z_impl_k_timer_start
                0x0000000000009ef8       0xac zephyr/kernel/libkernel.a(timer.c.obj)
                0x0000000000009ef8                z_impl_k_timer_start
 .text.k_thread_system_pool_assign
                0x0000000000009fa4        0xc zephyr/kernel/libkernel.a(mempool.c.obj)
                0x0000000000009fa4                k_thread_system_pool_assign
 .text.boot_banner
                0x0000000000009fb0       0x1c zephyr/kernel/libkernel.a(banner.c.obj)
                0x0000000000009fb0                boot_banner
 .text.statics_init
                0x0000000000009fcc       0x58 zephyr/kernel/libkernel.a(kheap.c.obj)
 .text.calloc   0x000000000000a024       0x10 /home/rt/zephyr-sdk-0.14.1/arm-zephyr-eabi/arm-zephyr-eabi/lib/thumb/v7e-m/nofp/libc_nano.a(lib_a-calloc.o)
                0x000000000000a024                calloc
 .text.malloc   0x000000000000a034       0x10 /home/rt/zephyr-sdk-0.14.1/arm-zephyr-eabi/arm-zephyr-eabi/lib/thumb/v7e-m/nofp/libc_nano.a(lib_a-malloc.o)
                0x000000000000a034                malloc
 .text._malloc_r
                0x000000000000a044       0xb4 /home/rt/zephyr-sdk-0.14.1/arm-zephyr-eabi/arm-zephyr-eabi/lib/thumb/v7e-m/nofp/libc_nano.a(lib_a-nano-mallocr.o)
                0x000000000000a044                _malloc_r
 .text._sbrk_r  0x000000000000a0f8       0x20 /home/rt/zephyr-sdk-0.14.1/arm-zephyr-eabi/arm-zephyr-eabi/lib/thumb/v7e-m/nofp/libc_nano.a(lib_a-sbrkr.o)
                0x000000000000a0f8                _sbrk_r
 .text.__malloc_lock
                0x000000000000a118        0xc /home/rt/zephyr-sdk-0.14.1/arm-zephyr-eabi/arm-zephyr-eabi/lib/thumb/v7e-m/nofp/libc_nano.a(lib_a-mlock.o)
                0x000000000000a118                __malloc_lock
 .text.__malloc_unlock
                0x000000000000a124        0xc /home/rt/zephyr-sdk-0.14.1/arm-zephyr-eabi/arm-zephyr-eabi/lib/thumb/v7e-m/nofp/libc_nano.a(lib_a-mlock.o)
                0x000000000000a124                __malloc_unlock
 .text.nrf_cc3xx_platform_init_no_rng
                0x000000000000a130       0x38 /home/rt/ncs/nrfxlib/crypto/nrf_cc310_platform/lib/cortex-m4/soft-float/no-interrupts/libnrf_cc310_platform_0.9.14.a(nrf_cc3xx_platform.c.obj)
                0x000000000000a130                nrf_cc3xx_platform_init_no_rng
 .text.nrf_cc3xx_platform_abort
                0x000000000000a168       0x24 /home/rt/ncs/nrfxlib/crypto/nrf_cc310_platform/lib/cortex-m4/soft-float/no-interrupts/libnrf_cc310_platform_0.9.14.a(nrf_cc3xx_platform_abort.c.obj)
 .text.CC_PalAbort
                0x000000000000a18c       0x34 /home/rt/ncs/nrfxlib/crypto/nrf_cc310_platform/lib/cortex-m4/soft-float/no-interrupts/libnrf_cc310_platform_0.9.14.a(nrf_cc3xx_platform_abort.c.obj)
                0x000000000000a18c                CC_PalAbort
 .text.nrf_cc3xx_platform_set_abort
                0x000000000000a1c0       0x10 /home/rt/ncs/nrfxlib/crypto/nrf_cc310_platform/lib/cortex-m4/soft-float/no-interrupts/libnrf_cc310_platform_0.9.14.a(nrf_cc3xx_platform_abort.c.obj)
                0x000000000000a1c0                nrf_cc3xx_platform_set_abort
 .text.mutex_free
                0x000000000000a1d0       0x28 /home/rt/ncs/nrfxlib/crypto/nrf_cc310_platform/lib/cortex-m4/soft-float/no-interrupts/libnrf_cc310_platform_0.9.14.a(nrf_cc3xx_platform_mutex.c.obj)
 .text.mutex_lock
                0x000000000000a1f8       0x40 /home/rt/ncs/nrfxlib/crypto/nrf_cc310_platform/lib/cortex-m4/soft-float/no-interrupts/libnrf_cc310_platform_0.9.14.a(nrf_cc3xx_platform_mutex.c.obj)
 .text.mutex_unlock
                0x000000000000a238       0x2c /home/rt/ncs/nrfxlib/crypto/nrf_cc310_platform/lib/cortex-m4/soft-float/no-interrupts/libnrf_cc310_platform_0.9.14.a(nrf_cc3xx_platform_mutex.c.obj)
 .text.mutex_init
                0x000000000000a264       0x1c /home/rt/ncs/nrfxlib/crypto/nrf_cc310_platform/lib/cortex-m4/soft-float/no-interrupts/libnrf_cc310_platform_0.9.14.a(nrf_cc3xx_platform_mutex.c.obj)
 .text.nrf_cc3xx_platform_set_mutexes
                0x000000000000a280       0x60 /home/rt/ncs/nrfxlib/crypto/nrf_cc310_platform/lib/cortex-m4/soft-float/no-interrupts/libnrf_cc310_platform_0.9.14.a(nrf_cc3xx_platform_mutex.c.obj)
                0x000000000000a280                nrf_cc3xx_platform_set_mutexes
 .text.CC_LibInitNoRng
                0x000000000000a2e0       0x64 /home/rt/ncs/nrfxlib/crypto/nrf_cc310_platform/lib/cortex-m4/soft-float/no-interrupts/libnrf_cc310_platform_0.9.14.a(cc_lib.c.obj)
                0x000000000000a2e0                CC_LibInitNoRng
 .text.CC_HalInit
                0x000000000000a344        0x4 /home/rt/ncs/nrfxlib/crypto/nrf_cc310_platform/lib/cortex-m4/soft-float/no-interrupts/libnrf_cc310_platform_0.9.14.a(cc_hal.c.obj)
                0x000000000000a344                CC_HalInit
 .text.CC_HalTerminate
                0x000000000000a348        0x4 /home/rt/ncs/nrfxlib/crypto/nrf_cc310_platform/lib/cortex-m4/soft-float/no-interrupts/libnrf_cc310_platform_0.9.14.a(cc_hal.c.obj)
                0x000000000000a348                CC_HalTerminate
 .text.CC_HalMaskInterrupt
                0x000000000000a34c        0xc /home/rt/ncs/nrfxlib/crypto/nrf_cc310_platform/lib/cortex-m4/soft-float/no-interrupts/libnrf_cc310_platform_0.9.14.a(cc_hal.c.obj)
                0x000000000000a34c                CC_HalMaskInterrupt
 .text.CC_PalInit
                0x000000000000a358       0x5c /home/rt/ncs/nrfxlib/crypto/nrf_cc310_platform/lib/cortex-m4/soft-float/no-interrupts/libnrf_cc310_platform_0.9.14.a(cc_pal.c.obj)
                0x000000000000a358                CC_PalInit
 .text.CC_PalTerminate
                0x000000000000a3b4       0x34 /home/rt/ncs/nrfxlib/crypto/nrf_cc310_platform/lib/cortex-m4/soft-float/no-interrupts/libnrf_cc310_platform_0.9.14.a(cc_pal.c.obj)
                0x000000000000a3b4                CC_PalTerminate
 .text.CC_PalDmaInit
                0x000000000000a3e8        0x4 /home/rt/ncs/nrfxlib/crypto/nrf_cc310_platform/lib/cortex-m4/soft-float/no-interrupts/libnrf_cc310_platform_0.9.14.a(cc_pal_dma.c.obj)
                0x000000000000a3e8                CC_PalDmaInit
 .text.CC_PalDmaTerminate
                0x000000000000a3ec        0x4 /home/rt/ncs/nrfxlib/crypto/nrf_cc310_platform/lib/cortex-m4/soft-float/no-interrupts/libnrf_cc310_platform_0.9.14.a(cc_pal_dma.c.obj)
                0x000000000000a3ec                CC_PalDmaTerminate
 .text.CC_PalMutexCreate
                0x000000000000a3f0       0x14 /home/rt/ncs/nrfxlib/crypto/nrf_cc310_platform/lib/cortex-m4/soft-float/no-interrupts/libnrf_cc310_platform_0.9.14.a(cc_pal_mutex.c.obj)
                0x000000000000a3f0                CC_PalMutexCreate
 .text.CC_PalMutexDestroy
                0x000000000000a404       0x14 /home/rt/ncs/nrfxlib/crypto/nrf_cc310_platform/lib/cortex-m4/soft-float/no-interrupts/libnrf_cc310_platform_0.9.14.a(cc_pal_mutex.c.obj)
                0x000000000000a404                CC_PalMutexDestroy
 .text.CC_PalPowerSaveModeInit
                0x000000000000a418       0x3c /home/rt/ncs/nrfxlib/crypto/nrf_cc310_platform/lib/cortex-m4/soft-float/no-interrupts/libnrf_cc310_platform_0.9.14.a(cc_pal_pm.c.obj)
                0x000000000000a418                CC_PalPowerSaveModeInit
 .text.CC_PalPowerSaveModeSelect
                0x000000000000a454       0x88 /home/rt/ncs/nrfxlib/crypto/nrf_cc310_platform/lib/cortex-m4/soft-float/no-interrupts/libnrf_cc310_platform_0.9.14.a(cc_pal_pm.c.obj)
                0x000000000000a454                CC_PalPowerSaveModeSelect
 .text._OffsetAbsSyms
                0x000000000000a4dc        0x2 zephyr/CMakeFiles/offsets.dir/./arch/arm/core/offsets/offsets.c.obj
                0x000000000000a4dc                _OffsetAbsSyms
 .text.open_cab
                0x000000000000a4de       0x80 app/libapp.a(cab.c.obj)
                0x000000000000a4de                open_cab
 .text.reserve  0x000000000000a55e       0x44 app/libapp.a(cab.c.obj)
                0x000000000000a55e                reserve
 .text.put_mes  0x000000000000a5a2       0x42 app/libapp.a(cab.c.obj)
                0x000000000000a5a2                put_mes
 .text.get_mes  0x000000000000a5e4       0x52 app/libapp.a(cab.c.obj)
                0x000000000000a5e4                get_mes
 .text.unget    0x000000000000a636       0x3a app/libapp.a(cab.c.obj)
                0x000000000000a636                unget
 .text.cbprintf_via_va_list
                0x000000000000a670        0xe zephyr/libzephyr.a(cbprintf_packaged.c.obj)
 .text.cbpprintf_external
                0x000000000000a67e       0x5e zephyr/libzephyr.a(cbprintf_packaged.c.obj)
                0x000000000000a67e                cbpprintf_external
 .text.sys_notify_validate
                0x000000000000a6dc       0x2e zephyr/libzephyr.a(notify.c.obj)
                0x000000000000a6dc                sys_notify_validate
 .text.arch_printk_char_out
                0x000000000000a70a        0x4 zephyr/libzephyr.a(printk.c.obj)
                0x000000000000a70a                arch_printk_char_out
 .text.vprintk  0x000000000000a70e        0x8 zephyr/libzephyr.a(printk.c.obj)
                0x000000000000a70e                vprintk
 .text.printk   0x000000000000a716       0x1c zephyr/libzephyr.a(printk.c.obj)
                0x000000000000a716                printk
 .text.set_state
                0x000000000000a732       0x10 zephyr/libzephyr.a(onoff.c.obj)
 .text.notify_monitors
                0x000000000000a742       0x3e zephyr/libzephyr.a(onoff.c.obj)
 .text.process_recheck
                0x000000000000a780       0x32 zephyr/libzephyr.a(onoff.c.obj)
 .text.validate_args
                0x000000000000a7b2       0x2c zephyr/libzephyr.a(onoff.c.obj)
 .text.notify_one
                0x000000000000a7de       0x26 zephyr/libzephyr.a(onoff.c.obj)
 .text.notify_all
                0x000000000000a804       0x2e zephyr/libzephyr.a(onoff.c.obj)
 .text.onoff_manager_init
                0x000000000000a832       0x38 zephyr/libzephyr.a(onoff.c.obj)
                0x000000000000a832                onoff_manager_init
 .text.z_thread_entry
                0x000000000000a86a       0x14 zephyr/libzephyr.a(thread_entry.c.obj)
                0x000000000000a86a                z_thread_entry
 .text.free_list_add_bidx
                0x000000000000a87e       0x50 zephyr/libzephyr.a(heap.c.obj)
 .text.free_list_add
                0x000000000000a8ce       0x18 zephyr/libzephyr.a(heap.c.obj)
 .text.outs     0x000000000000a8e6       0x34 zephyr/libzephyr.a(cbprintf_complete.c.obj)
 .text.assert_post_action
                0x000000000000a91a        0xe zephyr/libzephyr.a(assert.c.obj)
                0x000000000000a91a                assert_post_action
 .text.assert_print
                0x000000000000a928       0x1c zephyr/libzephyr.a(assert.c.obj)
                0x000000000000a928                assert_print
 .text._ConfigAbsSyms
                0x000000000000a944        0x2 zephyr/libzephyr.a(configs.c.obj)
                0x000000000000a944                _ConfigAbsSyms
 .text.dummy_timestamp
                0x000000000000a946        0x4 zephyr/libzephyr.a(log_core.c.obj)
 .text.msg_filter_check
                0x000000000000a94a        0x4 zephyr/libzephyr.a(log_core.c.obj)
 .text.default_get_timestamp
                0x000000000000a94e        0x8 zephyr/libzephyr.a(log_core.c.obj)
 .text.z_log_vprintk
                0x000000000000a956       0x1e zephyr/libzephyr.a(log_core.c.obj)
                0x000000000000a956                z_log_vprintk
 .text.enable_logger
                0x000000000000a974        0xa zephyr/libzephyr.a(log_core.c.obj)
 .text.z_log_get_tag
                0x000000000000a97e        0x4 zephyr/libzephyr.a(log_core.c.obj)
                0x000000000000a97e                z_log_get_tag
 .text.out_func
                0x000000000000a982       0x1e zephyr/libzephyr.a(log_output.c.obj)
 .text.cr_out_func
                0x000000000000a9a0       0x1c zephyr/libzephyr.a(log_output.c.obj)
 .text.buffer_write
                0x000000000000a9bc       0x1a zephyr/libzephyr.a(log_output.c.obj)
 .text.color_prefix
                0x000000000000a9d6        0xc zephyr/libzephyr.a(log_output.c.obj)
 .text.color_postfix
                0x000000000000a9e2        0xc zephyr/libzephyr.a(log_output.c.obj)
 .text.postfix_print
                0x000000000000a9ee       0x18 zephyr/libzephyr.a(log_output.c.obj)
 .text.log_msg2_hexdump
                0x000000000000aa06       0x36 zephyr/libzephyr.a(log_output.c.obj)
 .text.log_output_flush
                0x000000000000aa3c       0x1a zephyr/libzephyr.a(log_output.c.obj)
                0x000000000000aa3c                log_output_flush
 .text.z_log_msg2_finalize
                0x000000000000aa56       0x32 zephyr/libzephyr.a(log_msg2.c.obj)
                0x000000000000aa56                z_log_msg2_finalize
 .text.abort_function
                0x000000000000aa88        0x8 zephyr/libzephyr.a(nrf_cc3xx_platform_abort_zephyr.c.obj)
 .text.z_log_msg2_runtime_create
                0x000000000000aa90       0x1e zephyr/arch/arch/arm/core/aarch32/libarch__arm__core__aarch32.a(fatal.c.obj)
 .text.z_arm_fatal_error
                0x000000000000aaae       0x18 zephyr/arch/arch/arm/core/aarch32/libarch__arm__core__aarch32.a(fatal.c.obj)
                0x000000000000aaae                z_arm_fatal_error
 .text.z_do_kernel_oops
                0x000000000000aac6        0xc zephyr/arch/arch/arm/core/aarch32/libarch__arm__core__aarch32.a(fatal.c.obj)
                0x000000000000aac6                z_do_kernel_oops
 .text.z_irq_spurious
                0x000000000000aad2        0xc zephyr/arch/arch/arm/core/aarch32/libarch__arm__core__aarch32.a(irq_manage.c.obj)
                0x000000000000aad2                z_irq_spurious
 .text.z_arm_nmi
                0x000000000000aade        0xc zephyr/arch/arch/arm/core/aarch32/libarch__arm__core__aarch32.a(nmi.c.obj)
                0x000000000000aade                z_arm_nmi
 .text.memory_fault_recoverable
                0x000000000000aaea        0x4 zephyr/arch/arch/arm/core/aarch32/cortex_m/libarch__arm__core__aarch32__cortex_m.a(fault.c.obj)
 .text.z_log_msg2_runtime_create
                0x000000000000aaee       0x1e zephyr/arch/arch/arm/core/aarch32/cortex_m/libarch__arm__core__aarch32__cortex_m.a(fault.c.obj)
 .text.fault_handle
                0x000000000000ab0c       0x4a zephyr/arch/arch/arm/core/aarch32/cortex_m/libarch__arm__core__aarch32__cortex_m.a(fault.c.obj)
 .text.mpu_partition_is_valid
                0x000000000000ab56       0x22 zephyr/arch/arch/arm/core/aarch32/mpu/libarch__arm__core__aarch32__mpu.a(arm_mpu.c.obj)
 .text.z_log_msg2_runtime_create
                0x000000000000ab78       0x1e zephyr/arch/arch/arm/core/aarch32/mpu/libarch__arm__core__aarch32__mpu.a(arm_mpu.c.obj)
 .text.mpu_configure_region
                0x000000000000ab96       0x3e zephyr/arch/arch/arm/core/aarch32/mpu/libarch__arm__core__aarch32__mpu.a(arm_mpu.c.obj)
 .text._stdout_hook_default
                0x000000000000abd4        0x6 zephyr/lib/libc/newlib/liblib__libc__newlib.a(libc-hooks.c.obj)
 .text.nrf52_errata_197
                0x000000000000abda       0x20 zephyr/soc/arm/nordic_nrf/nrf52/libsoc__arm__nordic_nrf__nrf52.a(soc.c.obj)
 .text.pm_state_set
                0x000000000000abfa       0x18 zephyr/soc/arm/nordic_nrf/nrf52/libsoc__arm__nordic_nrf__nrf52.a(power.c.obj)
                0x000000000000abfa                pm_state_set
 .text.pm_state_exit_post_ops
                0x000000000000ac12        0xc zephyr/soc/arm/nordic_nrf/nrf52/libsoc__arm__nordic_nrf__nrf52.a(power.c.obj)
                0x000000000000ac12                pm_state_exit_post_ops
 .text.get_sub_data
                0x000000000000ac1e        0xe zephyr/drivers/clock_control/libdrivers__clock_control.a(clock_control_nrf.c.obj)
 .text.get_sub_config
                0x000000000000ac2c        0xc zephyr/drivers/clock_control/libdrivers__clock_control.a(clock_control_nrf.c.obj)
 .text.get_onoff_manager
                0x000000000000ac38        0x8 zephyr/drivers/clock_control/libdrivers__clock_control.a(clock_control_nrf.c.obj)
 .text.set_off_state
                0x000000000000ac40       0x32 zephyr/drivers/clock_control/libdrivers__clock_control.a(clock_control_nrf.c.obj)
 .text.set_starting_state
                0x000000000000ac72       0x3c zephyr/drivers/clock_control/libdrivers__clock_control.a(clock_control_nrf.c.obj)
 .text.set_on_state
                0x000000000000acae       0x26 zephyr/drivers/clock_control/libdrivers__clock_control.a(clock_control_nrf.c.obj)
 .text.clkstarted_handle
                0x000000000000acd4       0x24 zephyr/drivers/clock_control/libdrivers__clock_control.a(clock_control_nrf.c.obj)
 .text.async_start
                0x000000000000acf8       0x38 zephyr/drivers/clock_control/libdrivers__clock_control.a(clock_control_nrf.c.obj)
 .text.api_start
                0x000000000000ad30       0x10 zephyr/drivers/clock_control/libdrivers__clock_control.a(clock_control_nrf.c.obj)
 .text.onoff_started_callback
                0x000000000000ad40       0x10 zephyr/drivers/clock_control/libdrivers__clock_control.a(clock_control_nrf.c.obj)
 .text.hfclk_start
                0x000000000000ad50        0xa zephyr/drivers/clock_control/libdrivers__clock_control.a(clock_control_nrf.c.obj)
 .text.lfclk_start
                0x000000000000ad5a        0xa zephyr/drivers/clock_control/libdrivers__clock_control.a(clock_control_nrf.c.obj)
 .text.hfclk_stop
                0x000000000000ad64        0xa zephyr/drivers/clock_control/libdrivers__clock_control.a(clock_control_nrf.c.obj)
 .text.lfclk_stop
                0x000000000000ad6e        0xa zephyr/drivers/clock_control/libdrivers__clock_control.a(clock_control_nrf.c.obj)
 .text.api_stop
                0x000000000000ad78        0xa zephyr/drivers/clock_control/libdrivers__clock_control.a(clock_control_nrf.c.obj)
 .text.blocking_start_callback
                0x000000000000ad82        0xa zephyr/drivers/clock_control/libdrivers__clock_control.a(clock_control_nrf.c.obj)
 .text.get_drive
                0x000000000000ad8c       0x8c zephyr/drivers/gpio/libdrivers__gpio.a(gpio_nrfx.c.obj)
 .text.get_pull
                0x000000000000ae18       0x18 zephyr/drivers/gpio/libdrivers__gpio.a(gpio_nrfx.c.obj)
 .text.gpio_nrfx_port_get_raw
                0x000000000000ae30        0xe zephyr/drivers/gpio/libdrivers__gpio.a(gpio_nrfx.c.obj)
 .text.gpio_nrfx_port_set_masked_raw
                0x000000000000ae3e       0x16 zephyr/drivers/gpio/libdrivers__gpio.a(gpio_nrfx.c.obj)
 .text.gpio_nrfx_port_set_bits_raw
                0x000000000000ae54        0xc zephyr/drivers/gpio/libdrivers__gpio.a(gpio_nrfx.c.obj)
 .text.gpio_nrfx_port_clear_bits_raw
                0x000000000000ae60        0xc zephyr/drivers/gpio/libdrivers__gpio.a(gpio_nrfx.c.obj)
 .text.gpio_nrfx_port_toggle_bits
                0x000000000000ae6c       0x12 zephyr/drivers/gpio/libdrivers__gpio.a(gpio_nrfx.c.obj)
 .text.get_trigger
                0x000000000000ae7e       0x2c zephyr/drivers/gpio/libdrivers__gpio.a(gpio_nrfx.c.obj)
 .text.endtx_isr
                0x000000000000aeaa       0x32 zephyr/drivers/serial/libdrivers__serial.a(uart_nrfx_uarte.c.obj)
 .text.uarte_nrfx_configure
                0x000000000000aedc       0xa6 zephyr/drivers/serial/libdrivers__serial.a(uart_nrfx_uarte.c.obj)
 .text.uarte_nrfx_config_get
                0x000000000000af82       0x12 zephyr/drivers/serial/libdrivers__serial.a(uart_nrfx_uarte.c.obj)
 .text.uarte_nrfx_err_check
                0x000000000000af94        0xe zephyr/drivers/serial/libdrivers__serial.a(uart_nrfx_uarte.c.obj)
 .text.is_tx_ready
                0x000000000000afa2       0x28 zephyr/drivers/serial/libdrivers__serial.a(uart_nrfx_uarte.c.obj)
 .text.uarte_enable
                0x000000000000afca       0x1c zephyr/drivers/serial/libdrivers__serial.a(uart_nrfx_uarte.c.obj)
 .text.tx_start
                0x000000000000afe6       0x3e zephyr/drivers/serial/libdrivers__serial.a(uart_nrfx_uarte.c.obj)
 .text.uart_disable
                0x000000000000b024        0xc zephyr/drivers/serial/libdrivers__serial.a(uart_nrfx_uarte.c.obj)
 .text.uarte_nrfx_rx_counting_init
                0x000000000000b030        0xe zephyr/drivers/serial/libdrivers__serial.a(uart_nrfx_uarte.c.obj)
 .text.start_tx_locked
                0x000000000000b03e       0x36 zephyr/drivers/serial/libdrivers__serial.a(uart_nrfx_uarte.c.obj)
 .text.user_callback
                0x000000000000b074       0x10 zephyr/drivers/serial/libdrivers__serial.a(uart_nrfx_uarte.c.obj)
 .text.notify_uart_rx_rdy
                0x000000000000b084       0x30 zephyr/drivers/serial/libdrivers__serial.a(uart_nrfx_uarte.c.obj)
 .text.rx_buf_release
                0x000000000000b0b4       0x2e zephyr/drivers/serial/libdrivers__serial.a(uart_nrfx_uarte.c.obj)
 .text.notify_rx_disable
                0x000000000000b0e2       0x22 zephyr/drivers/serial/libdrivers__serial.a(uart_nrfx_uarte.c.obj)
 .text.uarte_nrfx_rx_buf_rsp
                0x000000000000b104       0x56 zephyr/drivers/serial/libdrivers__serial.a(uart_nrfx_uarte.c.obj)
 .text.uarte_nrfx_callback_set
                0x000000000000b15a       0x16 zephyr/drivers/serial/libdrivers__serial.a(uart_nrfx_uarte.c.obj)
 .text.uarte_nrfx_poll_in
                0x000000000000b170       0x30 zephyr/drivers/serial/libdrivers__serial.a(uart_nrfx_uarte.c.obj)
 .text.wait_tx_ready
                0x000000000000b1a0       0x4e zephyr/drivers/serial/libdrivers__serial.a(uart_nrfx_uarte.c.obj)
 .text.uarte_nrfx_rx_disable
                0x000000000000b1ee       0x44 zephyr/drivers/serial/libdrivers__serial.a(uart_nrfx_uarte.c.obj)
 .text.error_isr
                0x000000000000b232       0x5c zephyr/drivers/serial/libdrivers__serial.a(uart_nrfx_uarte.c.obj)
 .text.uarte_nrfx_tx_abort
                0x000000000000b28e       0x2a zephyr/drivers/serial/libdrivers__serial.a(uart_nrfx_uarte.c.obj)
 .text.tx_timeout
                0x000000000000b2b8        0xc zephyr/drivers/serial/libdrivers__serial.a(uart_nrfx_uarte.c.obj)
 .text.rx_timeout
                0x000000000000b2c4       0xa0 zephyr/drivers/serial/libdrivers__serial.a(uart_nrfx_uarte.c.obj)
 .text.endrx_isr
                0x000000000000b364       0xba zephyr/drivers/serial/libdrivers__serial.a(uart_nrfx_uarte.c.obj)
 .text.setup_tx_cache
                0x000000000000b41e       0x32 zephyr/drivers/serial/libdrivers__serial.a(uart_nrfx_uarte.c.obj)
 .text.z_log_msg2_runtime_create
                0x000000000000b450       0x1e zephyr/drivers/serial/libdrivers__serial.a(uart_nrfx_uarte.c.obj)
 .text.uarte_instance_init
                0x000000000000b46e       0xda zephyr/drivers/serial/libdrivers__serial.a(uart_nrfx_uarte.c.obj)
 .text.uarte_0_init
                0x000000000000b548       0x1e zephyr/drivers/serial/libdrivers__serial.a(uart_nrfx_uarte.c.obj)
 .text.uarte_1_init
                0x000000000000b566       0x1e zephyr/drivers/serial/libdrivers__serial.a(uart_nrfx_uarte.c.obj)
 .text.rx_flush
                0x000000000000b584       0x7e zephyr/drivers/serial/libdrivers__serial.a(uart_nrfx_uarte.c.obj)
 .text.async_uart_release
                0x000000000000b602       0x52 zephyr/drivers/serial/libdrivers__serial.a(uart_nrfx_uarte.c.obj)
 .text.txstopped_isr
                0x000000000000b654      0x11a zephyr/drivers/serial/libdrivers__serial.a(uart_nrfx_uarte.c.obj)
 .text.rxto_isr
                0x000000000000b76e       0x4e zephyr/drivers/serial/libdrivers__serial.a(uart_nrfx_uarte.c.obj)
 .text.uarte_nrfx_isr_async
                0x000000000000b7bc       0xc8 zephyr/drivers/serial/libdrivers__serial.a(uart_nrfx_uarte.c.obj)
 .text.sys_clock_idle_exit
                0x000000000000b884        0x2 zephyr/drivers/timer/libdrivers__timer.a(sys_clock_init.c.obj)
                0x000000000000b884                sys_clock_idle_exit
 .text.counter_sub
                0x000000000000b886        0x8 zephyr/drivers/timer/libdrivers__timer.a(nrf_rtc_timer.c.obj)
 .text.event_clear
                0x000000000000b88e       0x18 zephyr/drivers/timer/libdrivers__timer.a(nrf_rtc_timer.c.obj)
 .text.absolute_time_to_cc
                0x000000000000b8a6        0x6 zephyr/drivers/timer/libdrivers__timer.a(nrf_rtc_timer.c.obj)
 .text.full_int_lock
                0x000000000000b8ac       0x12 zephyr/drivers/timer/libdrivers__timer.a(nrf_rtc_timer.c.obj)
 .text.full_int_unlock
                0x000000000000b8be        0xa zephyr/drivers/timer/libdrivers__timer.a(nrf_rtc_timer.c.obj)
 .text.set_absolute_alarm
                0x000000000000b8c8       0x76 zephyr/drivers/timer/libdrivers__timer.a(nrf_rtc_timer.c.obj)
 .text.compare_set
                0x000000000000b93e       0x32 zephyr/drivers/timer/libdrivers__timer.a(nrf_rtc_timer.c.obj)
 .text.sys_clock_cycle_get_32
                0x000000000000b970        0x8 zephyr/drivers/timer/libdrivers__timer.a(nrf_rtc_timer.c.obj)
                0x000000000000b970                sys_clock_cycle_get_32
 .text.pinctrl_lookup_state
                0x000000000000b978       0x34 zephyr/drivers/pinctrl/libdrivers__pinctrl.a(common.c.obj)
                0x000000000000b978                pinctrl_lookup_state
 .text.z_log_msg2_runtime_create
                0x000000000000b9ac       0x1e modules/nrf/lib/fatal_error/lib..__nrf__lib__fatal_error.a(fatal_error.c.obj)
 .text.hw_cc3xx_init_internal
                0x000000000000b9ca        0x8 modules/nrf/drivers/hw_cc310/lib..__nrf__drivers__hw_cc310.a(hw_cc310.c.obj)
 .text.hw_cc3xx_init
                0x000000000000b9d2       0x14 modules/nrf/drivers/hw_cc310/lib..__nrf__drivers__hw_cc310.a(hw_cc310.c.obj)
 .text.nrf52_errata_36
                0x000000000000b9e6       0x14 modules/hal_nordic/nrfx/libmodules__hal_nordic__nrfx.a(system_nrf52840.c.obj)
 .text.nrf52_errata_66
                0x000000000000b9fa       0x14 modules/hal_nordic/nrfx/libmodules__hal_nordic__nrfx.a(system_nrf52840.c.obj)
 .text.nrf52_errata_98
                0x000000000000ba0e       0x26 modules/hal_nordic/nrfx/libmodules__hal_nordic__nrfx.a(system_nrf52840.c.obj)
 .text.nrf52_errata_103
                0x000000000000ba34       0x26 modules/hal_nordic/nrfx/libmodules__hal_nordic__nrfx.a(system_nrf52840.c.obj)
 .text.nrf52_errata_115
                0x000000000000ba5a       0x26 modules/hal_nordic/nrfx/libmodules__hal_nordic__nrfx.a(system_nrf52840.c.obj)
 .text.nrf52_errata_120
                0x000000000000ba80       0x26 modules/hal_nordic/nrfx/libmodules__hal_nordic__nrfx.a(system_nrf52840.c.obj)
 .text.nrf52_errata_136
                0x000000000000baa6       0x14 modules/hal_nordic/nrfx/libmodules__hal_nordic__nrfx.a(system_nrf52840.c.obj)
 .text.nrf52_configuration_249
                0x000000000000baba       0x20 modules/hal_nordic/nrfx/libmodules__hal_nordic__nrfx.a(system_nrf52840.c.obj)
 .text.nrfx_isr
                0x000000000000bada        0x6 modules/hal_nordic/nrfx/libmodules__hal_nordic__nrfx.a(nrfx_glue.c.obj)
                0x000000000000bada                nrfx_isr
 .text.nrfx_busy_wait
                0x000000000000bae0        0x8 modules/hal_nordic/nrfx/libmodules__hal_nordic__nrfx.a(nrfx_glue.c.obj)
                0x000000000000bae0                nrfx_busy_wait
 .text.clock_initial_lfclksrc_get
                0x000000000000bae8        0x4 modules/hal_nordic/nrfx/libmodules__hal_nordic__nrfx.a(nrfx_clock.c.obj)
 .text.clock_lfclksrc_tweak
                0x000000000000baec       0x2c modules/hal_nordic/nrfx/libmodules__hal_nordic__nrfx.a(nrfx_clock.c.obj)
 .text.pin_is_task_output
                0x000000000000bb18       0x1e modules/hal_nordic/nrfx/libmodules__hal_nordic__nrfx.a(nrfx_gpiote.c.obj)
 .text.pin_is_input
                0x000000000000bb36        0xe modules/hal_nordic/nrfx/libmodules__hal_nordic__nrfx.a(nrfx_gpiote.c.obj)
 .text.gpiote_polarity_to_trigger
                0x000000000000bb44        0x2 modules/hal_nordic/nrfx/libmodules__hal_nordic__nrfx.a(nrfx_gpiote.c.obj)
 .text.gpiote_trigger_to_polarity
                0x000000000000bb46        0x2 modules/hal_nordic/nrfx/libmodules__hal_nordic__nrfx.a(nrfx_gpiote.c.obj)
 .text.is_level
                0x000000000000bb48        0xa modules/hal_nordic/nrfx/libmodules__hal_nordic__nrfx.a(nrfx_gpiote.c.obj)
 .text.SEGGER_RTT_Init
                0x000000000000bb52        0x8 modules/segger/libmodules__segger.a(SEGGER_RTT.c.obj)
                0x000000000000bb52                SEGGER_RTT_Init
 .text.rtt_init
                0x000000000000bb5a        0xa modules/segger/libmodules__segger.a(SEGGER_RTT_zephyr.c.obj)
 .text.z_device_is_ready
                0x000000000000bb64       0x1a zephyr/kernel/libkernel.a(device.c.obj)
                0x000000000000bb64                z_device_is_ready
 .text.z_log_msg2_runtime_create
                0x000000000000bb7e       0x1e zephyr/kernel/libkernel.a(fatal.c.obj)
 .text.z_early_memset
                0x000000000000bb9c        0x8 zephyr/kernel/libkernel.a(init.c.obj)
                0x000000000000bb9c                z_early_memset
 .text.z_early_memcpy
                0x000000000000bba4        0x8 zephyr/kernel/libkernel.a(init.c.obj)
                0x000000000000bba4                z_early_memcpy
 .text.create_free_list
                0x000000000000bbac       0x2e zephyr/kernel/libkernel.a(mem_slab.c.obj)
 .text.k_mem_slab_init
                0x000000000000bbda       0x1e zephyr/kernel/libkernel.a(mem_slab.c.obj)
                0x000000000000bbda                k_mem_slab_init
 .text.setup_thread_stack
                0x000000000000bbf8       0x24 zephyr/kernel/libkernel.a(thread.c.obj)
 .text.k_is_in_isr
                0x000000000000bc1c        0xc zephyr/kernel/libkernel.a(thread.c.obj)
                0x000000000000bc1c                k_is_in_isr
 .text.k_thread_name_get
                0x000000000000bc28        0x4 zephyr/kernel/libkernel.a(thread.c.obj)
                0x000000000000bc28                k_thread_name_get
 .text.z_impl_k_thread_start
                0x000000000000bc2c        0x8 zephyr/kernel/libkernel.a(thread.c.obj)
                0x000000000000bc2c                z_impl_k_thread_start
 .text.z_init_thread_base
                0x000000000000bc34       0x16 zephyr/kernel/libkernel.a(thread.c.obj)
                0x000000000000bc34                z_init_thread_base
 .text.z_pm_save_idle_exit
                0x000000000000bc4a        0xc zephyr/kernel/libkernel.a(idle.c.obj)
                0x000000000000bc4a                z_pm_save_idle_exit
 .text.new_prio_for_inheritance
                0x000000000000bc56       0x16 zephyr/kernel/libkernel.a(mutex.c.obj)
 .text.adjust_owner_prio
                0x000000000000bc6c       0x16 zephyr/kernel/libkernel.a(mutex.c.obj)
 .text.z_impl_k_mutex_init
                0x000000000000bc82        0xe zephyr/kernel/libkernel.a(mutex.c.obj)
                0x000000000000bc82                z_impl_k_mutex_init
 .text.thread_active_elsewhere
                0x000000000000bc90        0x4 zephyr/kernel/libkernel.a(sched.c.obj)
 .text.z_sched_prio_cmp
                0x000000000000bc94       0x14 zephyr/kernel/libkernel.a(sched.c.obj)
                0x000000000000bc94                z_sched_prio_cmp
 .text.z_reschedule_irqlock
                0x000000000000bca8       0x2a zephyr/kernel/libkernel.a(sched.c.obj)
                0x000000000000bca8                z_reschedule_irqlock
 .text.z_priq_dumb_best
                0x000000000000bcd2        0xe zephyr/kernel/libkernel.a(sched.c.obj)
                0x000000000000bcd2                z_priq_dumb_best
 .text.init_ready_q
                0x000000000000bce0        0x8 zephyr/kernel/libkernel.a(sched.c.obj)
                0x000000000000bce0                init_ready_q
 .text.remove_timeout
                0x000000000000bce8       0x2e zephyr/kernel/libkernel.a(timeout.c.obj)
 .text.sys_clock_tick_get_32
                0x000000000000bd16        0x8 zephyr/kernel/libkernel.a(timeout.c.obj)
                0x000000000000bd16                sys_clock_tick_get_32
 .text.z_impl_k_busy_wait
                0x000000000000bd1e        0xc zephyr/kernel/libkernel.a(timeout.c.obj)
                0x000000000000bd1e                z_impl_k_busy_wait
 .text.k_timer_init
                0x000000000000bd2a       0x18 zephyr/kernel/libkernel.a(timer.c.obj)
                0x000000000000bd2a                k_timer_init
 .text.z_impl_k_timer_stop
                0x000000000000bd42       0x36 zephyr/kernel/libkernel.a(timer.c.obj)
                0x000000000000bd42                z_impl_k_timer_stop
 .text.k_heap_init
                0x000000000000bd78       0x10 zephyr/kernel/libkernel.a(kheap.c.obj)
                0x000000000000bd78                k_heap_init
 .text.memcpy   0x000000000000bd88       0x1c /home/rt/zephyr-sdk-0.14.1/arm-zephyr-eabi/arm-zephyr-eabi/lib/thumb/v7e-m/nofp/libc_nano.a(lib_a-memcpy-stub.o)
                0x000000000000bd88                memcpy
 .text.memset   0x000000000000bda4       0x10 /home/rt/zephyr-sdk-0.14.1/arm-zephyr-eabi/arm-zephyr-eabi/lib/thumb/v7e-m/nofp/libc_nano.a(lib_a-memset.o)
                0x000000000000bda4                memset
 .text._calloc_r
                0x000000000000bdb4       0x1c /home/rt/zephyr-sdk-0.14.1/arm-zephyr-eabi/arm-zephyr-eabi/lib/thumb/v7e-m/nofp/libc_nano.a(lib_a-nano-callocr.o)
                0x000000000000bdb4                _calloc_r
 .text.strncpy  0x000000000000bdd0       0x26 /home/rt/zephyr-sdk-0.14.1/arm-zephyr-eabi/arm-zephyr-eabi/lib/thumb/v7e-m/nofp/libc_nano.a(lib_a-strncpy.o)
                0x000000000000bdd0                strncpy
 .text.strnlen  0x000000000000bdf6       0x18 /home/rt/zephyr-sdk-0.14.1/arm-zephyr-eabi/arm-zephyr-eabi/lib/thumb/v7e-m/nofp/libc_nano.a(lib_a-strnlen.o)
                0x000000000000bdf6                strnlen
 *(SORT_BY_ALIGNMENT(.TEXT.*))
 *fill*         0x000000000000be0e        0x2 
 .TEXT.z_arm_platform_init
                0x000000000000be10        0x4 zephyr/libzephyr.a(soc_nrf_common.S.obj)
                0x000000000000be10                z_arm_platform_init
 *(SORT_BY_ALIGNMENT(.gnu.linkonce.t.*))
 *(SORT_BY_ALIGNMENT(.glue_7t))
 .glue_7t       0x000000000000be14        0x0 linker stubs
 *(SORT_BY_ALIGNMENT(.glue_7))
 .glue_7        0x000000000000be14        0x0 linker stubs
 *(SORT_BY_ALIGNMENT(.vfp11_veneer))
 .vfp11_veneer  0x000000000000be14        0x0 linker stubs
 *(SORT_BY_ALIGNMENT(.v4_bx))
 .v4_bx         0x000000000000be14        0x0 linker stubs
                0x000000000000be14                __text_region_end = .

.ARM.exidx      0x000000000000be14        0x8
                0x000000000000be14                __exidx_start = .
 *(SORT_BY_ALIGNMENT(.ARM.exidx*) SORT_BY_ALIGNMENT(gnu.linkonce.armexidx.*))
 .ARM.exidx     0x000000000000be14        0x8 /home/rt/zephyr-sdk-0.14.1/arm-zephyr-eabi/bin/../lib/gcc/arm-zephyr-eabi/10.3.0/thumb/v7e-m/nofp/libgcc.a(_udivmoddi4.o)
                0x000000000000be1c                __exidx_end = .
                0x000000000000be1c                __rodata_region_start = .

initlevel       0x000000000000be1c       0x78
                0x000000000000be1c                __init_start = .
                0x000000000000be1c                __init_PRE_KERNEL_1_start = .
 *(SORT_BY_NAME(SORT_BY_ALIGNMENT(.z_init_PRE_KERNEL_1[0-9]_*)))
 .z_init_PRE_KERNEL_10_
                0x000000000000be1c        0x8 zephyr/soc/arm/nordic_nrf/nrf52/libsoc__arm__nordic_nrf__nrf52.a(soc.c.obj)
 *(SORT_BY_NAME(SORT_BY_ALIGNMENT(.z_init_PRE_KERNEL_1[1-9][0-9]_*)))
 .z_init_PRE_KERNEL_130_
                0x000000000000be24        0x8 zephyr/drivers/clock_control/libdrivers__clock_control.a(clock_control_nrf.c.obj)
 .z_init_PRE_KERNEL_130_
                0x000000000000be2c        0x8 modules/segger/libmodules__segger.a(SEGGER_RTT_zephyr.c.obj)
 .z_init_PRE_KERNEL_130_
                0x000000000000be34        0x8 zephyr/kernel/libkernel.a(mem_slab.c.obj)
 .z_init_PRE_KERNEL_130_
                0x000000000000be3c        0x8 zephyr/kernel/libkernel.a(kheap.c.obj)
 .z_init_PRE_KERNEL_140_
                0x000000000000be44       0x10 zephyr/drivers/gpio/libdrivers__gpio.a(gpio_nrfx.c.obj)
 .z_init_PRE_KERNEL_140_
                0x000000000000be54        0x8 modules/nrf/drivers/hw_cc310/lib..__nrf__drivers__hw_cc310.a(hw_cc310.c.obj)
 .z_init_PRE_KERNEL_155_
                0x000000000000be5c       0x10 zephyr/drivers/serial/libdrivers__serial.a(uart_nrfx_uarte.c.obj)
 .z_init_PRE_KERNEL_160_
                0x000000000000be6c        0x8 zephyr/drivers/console/libdrivers__console.a(uart_console.c.obj)
                0x000000000000be74                __init_PRE_KERNEL_2_start = .
 *(SORT_BY_NAME(SORT_BY_ALIGNMENT(.z_init_PRE_KERNEL_2[0-9]_*)))
 .z_init_PRE_KERNEL_20_
                0x000000000000be74        0x8 zephyr/drivers/timer/libdrivers__timer.a(nrf_rtc_timer.c.obj)
 *(SORT_BY_NAME(SORT_BY_ALIGNMENT(.z_init_PRE_KERNEL_2[1-9][0-9]_*)))
                0x000000000000be7c                __init_POST_KERNEL_start = .
 *(SORT_BY_NAME(SORT_BY_ALIGNMENT(.z_init_POST_KERNEL[0-9]_*)))
 .z_init_POST_KERNEL0_
                0x000000000000be7c        0x8 zephyr/libzephyr.a(log_core.c.obj)
 *(SORT_BY_NAME(SORT_BY_ALIGNMENT(.z_init_POST_KERNEL[1-9][0-9]_*)))
 .z_init_POST_KERNEL40_
                0x000000000000be84        0x8 modules/nrf/drivers/hw_cc310/lib..__nrf__drivers__hw_cc310.a(hw_cc310.c.obj)
                0x000000000000be8c                __init_APPLICATION_start = .
 *(SORT_BY_NAME(SORT_BY_ALIGNMENT(.z_init_APPLICATION[0-9]_*)))
 *(SORT_BY_NAME(SORT_BY_ALIGNMENT(.z_init_APPLICATION[1-9][0-9]_*)))
 .z_init_APPLICATION40_
                0x000000000000be8c        0x8 zephyr/lib/libc/newlib/liblib__libc__newlib.a(libc-hooks.c.obj)
                0x000000000000be94                __init_SMP_start = .
 *(SORT_BY_NAME(SORT_BY_ALIGNMENT(.z_init_SMP[0-9]_*)))
 *(SORT_BY_NAME(SORT_BY_ALIGNMENT(.z_init_SMP[1-9][0-9]_*)))
                0x000000000000be94                __init_end = .

devices         0x000000000000be94       0x78
                0x000000000000be94                __device_start = .
                0x000000000000be94                __device_PRE_KERNEL_1_start = .
 *(SORT_BY_NAME(SORT_BY_ALIGNMENT(.z_device_PRE_KERNEL_1[0-9]_*)))
 *(SORT_BY_NAME(SORT_BY_ALIGNMENT(.z_device_PRE_KERNEL_1[1-9][0-9]_*)))
 .z_device_PRE_KERNEL_130_
                0x000000000000be94       0x18 zephyr/drivers/clock_control/libdrivers__clock_control.a(clock_control_nrf.c.obj)
                0x000000000000be94                __device_dts_ord_72
 .z_device_PRE_KERNEL_140_
                0x000000000000beac       0x30 zephyr/drivers/gpio/libdrivers__gpio.a(gpio_nrfx.c.obj)
                0x000000000000beac                __device_dts_ord_104
                0x000000000000bec4                __device_dts_ord_11
 .z_device_PRE_KERNEL_155_
                0x000000000000bedc       0x30 zephyr/drivers/serial/libdrivers__serial.a(uart_nrfx_uarte.c.obj)
                0x000000000000bedc                __device_dts_ord_113
                0x000000000000bef4                __device_dts_ord_112
                0x000000000000bf0c                __device_PRE_KERNEL_2_start = .
 *(SORT_BY_NAME(SORT_BY_ALIGNMENT(.z_device_PRE_KERNEL_2[0-9]_*)))
 *(SORT_BY_NAME(SORT_BY_ALIGNMENT(.z_device_PRE_KERNEL_2[1-9][0-9]_*)))
                0x000000000000bf0c                __device_POST_KERNEL_start = .
 *(SORT_BY_NAME(SORT_BY_ALIGNMENT(.z_device_POST_KERNEL[0-9]_*)))
 *(SORT_BY_NAME(SORT_BY_ALIGNMENT(.z_device_POST_KERNEL[1-9][0-9]_*)))
                0x000000000000bf0c                __device_APPLICATION_start = .
 *(SORT_BY_NAME(SORT_BY_ALIGNMENT(.z_device_APPLICATION[0-9]_*)))
 *(SORT_BY_NAME(SORT_BY_ALIGNMENT(.z_device_APPLICATION[1-9][0-9]_*)))
                0x000000000000bf0c                __device_SMP_start = .
 *(SORT_BY_NAME(SORT_BY_ALIGNMENT(.z_device_SMP[0-9]_*)))
 *(SORT_BY_NAME(SORT_BY_ALIGNMENT(.z_device_SMP[1-9][0-9]_*)))
                0x000000000000bf0c                __device_end = .

sw_isr_table    0x000000000000bf0c      0x180
                0x000000000000bf0c                . = ALIGN (0x0)
 *(SORT_BY_ALIGNMENT(.gnu.linkonce.sw_isr_table*))
 .gnu.linkonce.sw_isr_table
                0x000000000000bf0c      0x180 zephyr/arch/common/libisr_tables.a(isr_tables.c.obj)
                0x000000000000bf0c                _sw_isr_table

initlevel_error
                0x000000000000be1c        0x0
 *(SORT_BY_NAME(SORT_BY_ALIGNMENT(.z_init_[_A-Z0-9]*)))
                0x0000000000000001                ASSERT ((SIZEOF (initlevel_error) == 0x0), Undefined initialization levels used.)

app_shmem_regions
                0x000000000000c08c        0x0
                0x000000000000c08c                __app_shmem_regions_start = .
 *(SORT_BY_NAME(SORT_BY_ALIGNMENT(.app_regions.*)))
                0x000000000000c08c                __app_shmem_regions_end = .

bt_l2cap_fixed_chan_area
                0x000000000000c08c        0x0
                0x000000000000c08c                _bt_l2cap_fixed_chan_list_start = .
 *(SORT_BY_NAME(SORT_BY_ALIGNMENT(._bt_l2cap_fixed_chan.static.*)))
                0x000000000000c08c                _bt_l2cap_fixed_chan_list_end = .

bt_gatt_service_static_area
                0x000000000000c08c        0x0
                0x000000000000c08c                _bt_gatt_service_static_list_start = .
 *(SORT_BY_NAME(SORT_BY_ALIGNMENT(._bt_gatt_service_static.static.*)))
                0x000000000000c08c                _bt_gatt_service_static_list_end = .

k_p4wq_initparam_area
                0x000000000000c08c        0x0
                0x000000000000c08c                _k_p4wq_initparam_list_start = .
 *(SORT_BY_NAME(SORT_BY_ALIGNMENT(._k_p4wq_initparam.static.*)))
                0x000000000000c08c                _k_p4wq_initparam_list_end = .

log_strings_sections
                0x000000000000c08c        0x0
                0x000000000000c08c                __log_strings_start = .
 *(SORT_BY_NAME(SORT_BY_ALIGNMENT(.log_strings*)))
                0x000000000000c08c                __log_strings_end = .

log_const_sections
                0x000000000000c08c       0x48
                0x000000000000c08c                __log_const_start = .
 *(SORT_BY_NAME(SORT_BY_ALIGNMENT(.log_const_*)))
 .log_const_clock_control
                0x000000000000c08c        0x8 zephyr/drivers/clock_control/libdrivers__clock_control.a(clock_control_nrf.c.obj)
                0x000000000000c08c                log_const_clock_control
 .log_const_fatal_error
                0x000000000000c094        0x8 modules/nrf/lib/fatal_error/lib..__nrf__lib__fatal_error.a(fatal_error.c.obj)
                0x000000000000c094                log_const_fatal_error
 .log_const_log
                0x000000000000c09c        0x8 zephyr/libzephyr.a(log_core.c.obj)
                0x000000000000c09c                log_const_log
 .log_const_log_uart
                0x000000000000c0a4        0x8 zephyr/libzephyr.a(log_backend_uart.c.obj)
                0x000000000000c0a4                log_const_log_uart
 .log_const_mpu
                0x000000000000c0ac        0x8 zephyr/arch/arch/arm/core/aarch32/mpu/libarch__arm__core__aarch32__mpu.a(arm_core_mpu.c.obj)
                0x000000000000c0ac                log_const_mpu
 .log_const_os  0x000000000000c0b4        0x8 zephyr/kernel/libkernel.a(init.c.obj)
                0x000000000000c0b4                log_const_os
 .log_const_pm  0x000000000000c0bc        0x8 zephyr/libzephyr.a(pm.c.obj)
                0x000000000000c0bc                log_const_pm
 .log_const_soc
                0x000000000000c0c4        0x8 zephyr/soc/arm/nordic_nrf/nrf52/libsoc__arm__nordic_nrf__nrf52.a(soc.c.obj)
                0x000000000000c0c4                log_const_soc
 .log_const_uart_nrfx_uarte
                0x000000000000c0cc        0x8 zephyr/drivers/serial/libdrivers__serial.a(uart_nrfx_uarte.c.obj)
                0x000000000000c0cc                log_const_uart_nrfx_uarte
                0x000000000000c0d4                __log_const_end = .

log_backends_sections
                0x000000000000c0d4       0x20
                0x000000000000c0d4                __log_backends_start = .
 *(SORT_BY_ALIGNMENT(._log_backend.*))
 ._log_backend.static.log_backend_uart
                0x000000000000c0d4       0x10 zephyr/libzephyr.a(log_backend_uart.c.obj)
 ._log_backend.static.log_backend_rtt
                0x000000000000c0e4       0x10 zephyr/libzephyr.a(log_backend_rtt.c.obj)
                0x000000000000c0f4                __log_backends_end = .

shell_area      0x000000000000c0f4        0x0
                0x000000000000c0f4                _shell_list_start = .