Archive member included to satisfy reference by file (symbol)

app/libapp.a(main.c.obj)      (--whole-archive)
app/libapp.a(cab.c.obj)       (--whole-archive)
zephyr/libzephyr.a(cbprintf.c.obj)
                              (--whole-archive)
zephyr/libzephyr.a(cbprintf_packaged.c.obj)
                              (--whole-archive)
zephyr/libzephyr.a(crc32c_sw.c.obj)
                              (--whole-archive)
zephyr/libzephyr.a(crc32_sw.c.obj)
                              (--whole-archive)
zephyr/libzephyr.a(crc16_sw.c.obj)
                              (--whole-archive)
zephyr/libzephyr.a(crc8_sw.c.obj)
                              (--whole-archive)
zephyr/libzephyr.a(crc7_sw.c.obj)
                              (--whole-archive)
zephyr/libzephyr.a(dec.c.obj)
                              (--whole-archive)
zephyr/libzephyr.a(fdtable.c.obj)
                              (--whole-archive)
zephyr/libzephyr.a(hex.c.obj)
                              (--whole-archive)
zephyr/libzephyr.a(notify.c.obj)
                              (--whole-archive)
zephyr/libzephyr.a(printk.c.obj)
                              (--whole-archive)
zephyr/libzephyr.a(onoff.c.obj)
                              (--whole-archive)
zephyr/libzephyr.a(rb.c.obj)  (--whole-archive)
zephyr/libzephyr.a(sem.c.obj)
                              (--whole-archive)
zephyr/libzephyr.a(thread_entry.c.obj)
                              (--whole-archive)
zephyr/libzephyr.a(timeutil.c.obj)
                              (--whole-archive)
zephyr/libzephyr.a(heap.c.obj)
                              (--whole-archive)
zephyr/libzephyr.a(heap-validate.c.obj)
                              (--whole-archive)
zephyr/libzephyr.a(bitarray.c.obj)
                              (--whole-archive)
zephyr/libzephyr.a(multi_heap.c.obj)
                              (--whole-archive)
zephyr/libzephyr.a(cbprintf_complete.c.obj)
                              (--whole-archive)
zephyr/libzephyr.a(assert.c.obj)
                              (--whole-archive)
zephyr/libzephyr.a(reboot.c.obj)
                              (--whole-archive)
zephyr/libzephyr.a(configs.c.obj)
                              (--whole-archive)
zephyr/libzephyr.a(soc_nrf_common.S.obj)
                              (--whole-archive)
zephyr/libzephyr.a(validate_base_addresses.c.obj)
                              (--whole-archive)
zephyr/libzephyr.a(validate_enabled_instances.c.obj)
                              (--whole-archive)
zephyr/libzephyr.a(thread_info.c.obj)
                              (--whole-archive)
zephyr/libzephyr.a(pm.c.obj)  (--whole-archive)
zephyr/libzephyr.a(policy.c.obj)
                              (--whole-archive)
zephyr/libzephyr.a(state.c.obj)
                              (--whole-archive)
zephyr/libzephyr.a(tracing_none.c.obj)
                              (--whole-archive)
zephyr/libzephyr.a(nrf_cc3xx_platform_abort_zephyr.c.obj)
                              (--whole-archive)
zephyr/libzephyr.a(nrf_cc3xx_platform_mutex_zephyr.c.obj)
                              (--whole-archive)
zephyr/arch/common/libarch__common.a(sw_isr_common.c.obj)
                              (--whole-archive)
zephyr/arch/arch/arm/core/aarch32/libarch__arm__core__aarch32.a(cpu_idle.S.obj)
                              (--whole-archive)
zephyr/arch/arch/arm/core/aarch32/libarch__arm__core__aarch32.a(fatal.c.obj)
                              (--whole-archive)
zephyr/arch/arch/arm/core/aarch32/libarch__arm__core__aarch32.a(irq_manage.c.obj)
                              (--whole-archive)
zephyr/arch/arch/arm/core/aarch32/libarch__arm__core__aarch32.a(nmi.c.obj)
                              (--whole-archive)
zephyr/arch/arch/arm/core/aarch32/libarch__arm__core__aarch32.a(nmi_on_reset.S.obj)
                              (--whole-archive)
zephyr/arch/arch/arm/core/aarch32/libarch__arm__core__aarch32.a(prep_c.c.obj)
                              (--whole-archive)
zephyr/arch/arch/arm/core/aarch32/libarch__arm__core__aarch32.a(swap.c.obj)
                              (--whole-archive)
zephyr/arch/arch/arm/core/aarch32/libarch__arm__core__aarch32.a(swap_helper.S.obj)
                              (--whole-archive)
zephyr/arch/arch/arm/core/aarch32/libarch__arm__core__aarch32.a(thread.c.obj)
                              (--whole-archive)
zephyr/arch/arch/arm/core/aarch32/libarch__arm__core__aarch32.a(isr_wrapper.S.obj)
                              (--whole-archive)
zephyr/arch/arch/arm/core/aarch32/cortex_m/libarch__arm__core__aarch32__cortex_m.a(exc_exit.S.obj)
                              (--whole-archive)
zephyr/arch/arch/arm/core/aarch32/cortex_m/libarch__arm__core__aarch32__cortex_m.a(fault.c.obj)
                              (--whole-archive)
zephyr/arch/arch/arm/core/aarch32/cortex_m/libarch__arm__core__aarch32__cortex_m.a(fault_s.S.obj)
                              (--whole-archive)
zephyr/arch/arch/arm/core/aarch32/cortex_m/libarch__arm__core__aarch32__cortex_m.a(fpu.c.obj)
[...]
Memory Configuration

Name             Origin             Length             Attributes
FLASH            0x0000000000000000 0x0000000000100000 xr
SRAM             0x0000000020000000 0x0000000000040000 xw
IDT_LIST         0x00000000fffff7ff 0x0000000000000800 xw
*default*        0x0000000000000000 0xffffffffffffffff

Linker script and memory map

LOAD zephyr/CMakeFiles/zephyr_pre0.dir/misc/empty_file.c.obj
LOAD zephyr/CMakeFiles/offsets.dir/./arch/arm/core/offsets/offsets.c.obj
                0x0000000000000020                _region_min_align = 0x20

.rel.plt        0x0000000000000000        0x0
 *(SORT_BY_ALIGNMENT(.rel.plt))
                [!provide]                        PROVIDE (__rel_iplt_start = .)
 *(SORT_BY_ALIGNMENT(.rel.iplt))
 .rel.iplt      0x0000000000000000        0x0 app/libapp.a(main.c.obj)
                [!provide]                        PROVIDE (__rel_iplt_end = .)

.rela.plt       0x0000000000000000        0x0
 *(SORT_BY_ALIGNMENT(.rela.plt))
                [!provide]                        PROVIDE (__rela_iplt_start = .)
 *(SORT_BY_ALIGNMENT(.rela.iplt))
                [!provide]                        PROVIDE (__rela_iplt_end = .)

.rel.dyn
 *(SORT_BY_ALIGNMENT(.rel.*))

.rela.dyn
 *(SORT_BY_ALIGNMENT(.rela.*))

/DISCARD/
 *(SORT_BY_ALIGNMENT(.plt))
 *(SORT_BY_ALIGNMENT(.iplt))
 *(SORT_BY_ALIGNMENT(.got.plt))
 *(SORT_BY_ALIGNMENT(.igot.plt))
 *(SORT_BY_ALIGNMENT(.got))
 *(SORT_BY_ALIGNMENT(.igot))
 *(SORT_BY_ALIGNMENT(.note.GNU-stack))
                0x0000000000000000                __rom_region_start = 0x0

rom_start       0x0000000000000000      0x100
                0x0000000000000000                . = 0x0
                0x0000000000000000                . = ALIGN (0x4)
                0x0000000000000000                . = ALIGN (0x80)
                0x0000000000000000                . = ALIGN (0x100)
                0x0000000000000000                _vector_start = .
 *(SORT_BY_ALIGNMENT(.exc_vector_table))
 *(SORT_BY_ALIGNMENT(.exc_vector_table.*))
 .exc_vector_table._vector_table_section
                0x0000000000000000       0x40 zephyr/arch/arch/arm/core/aarch32/cortex_m/libarch__arm__core__aarch32__cortex_m.a(vector_table.S.obj)
                0x0000000000000000                _vector_table
 *(SORT_BY_ALIGNMENT(.gnu.linkonce.irq_vector_table*))
 .gnu.linkonce.irq_vector_table
                0x0000000000000040       0xc0 zephyr/arch/common/libisr_tables.a(isr_tables.c.obj)
                0x0000000000000040                _irq_vector_table
 *(SORT_BY_ALIGNMENT(.vectors))
                0x0000000000000100                _vector_end = .

text            0x0000000000000100     0x96b8
                0x0000000000000100                __text_region_start = .
 *(SORT_BY_ALIGNMENT(.text))
 .text          0x0000000000000100       0x30 /home/rt/zephyr-sdk-0.14.1/arm-zephyr-eabi/bin/../lib/gcc/arm-zephyr-eabi/10.3.0/thumb/v7e-m/nofp/libgcc.a(_aeabi_uldivmod.o)
                0x0000000000000100                __aeabi_uldivmod
 .text          0x0000000000000130        0x4 /home/rt/zephyr-sdk-0.14.1/arm-zephyr-eabi/bin/../lib/gcc/arm-zephyr-eabi/10.3.0/thumb/v7e-m/nofp/libgcc.a(_dvmd_tls.o)
                0x0000000000000130                __aeabi_ldiv0
                0x0000000000000130                __aeabi_idiv0
 .text          0x0000000000000134      0x2a6 /home/rt/zephyr-sdk-0.14.1/arm-zephyr-eabi/bin/../lib/gcc/arm-zephyr-eabi/10.3.0/thumb/v7e-m/nofp/libgcc.a(_udivmoddi4.o)
                0x0000000000000134                __udivmoddi4
 *(SORT_BY_ALIGNMENT(.text.*))
 *fill*         0x00000000000003da        0x2 
 .text.thread_A_code
                0x00000000000003dc      0x118 app/libapp.a(main.c.obj)
                0x00000000000003dc                thread_A_code
 .text.thread_B_code
                0x00000000000004f4       0x94 app/libapp.a(main.c.obj)
                0x00000000000004f4                thread_B_code
 .text.thread_C_code
                0x0000000000000588       0x74 app/libapp.a(main.c.obj)
                0x0000000000000588                thread_C_code
 .text.main     0x00000000000005fc      0x140 app/libapp.a(main.c.obj)
                0x00000000000005fc                main
 .text.sys_notify_finalize
                0x000000000000073c       0x48 zephyr/libzephyr.a(notify.c.obj)
                0x000000000000073c                sys_notify_finalize
 .text.char_out
                0x0000000000000784       0x14 zephyr/libzephyr.a(printk.c.obj)
 .text.__printk_hook_install
                0x0000000000000798        0xc zephyr/libzephyr.a(printk.c.obj)
                0x0000000000000798                __printk_hook_install
 .text.vprintk  0x00000000000007a4       0x20 zephyr/libzephyr.a(printk.c.obj)
                0x00000000000007a4                vprintk
 .text.process_complete
                0x00000000000007c4       0xe8 zephyr/libzephyr.a(onoff.c.obj)
 .text.process_event
                0x00000000000008ac      0x3d4 zephyr/libzephyr.a(onoff.c.obj)
 .text.transition_complete
                0x0000000000000c80       0x6c zephyr/libzephyr.a(onoff.c.obj)
 .text.onoff_request
                0x0000000000000cec      0x17c zephyr/libzephyr.a(onoff.c.obj)
                0x0000000000000cec                onoff_request
 .text.sys_heap_init
                0x0000000000000e68      0x158 zephyr/libzephyr.a(heap.c.obj)
                0x0000000000000e68                sys_heap_init
 .text.extract_conversion
                0x0000000000000fc0      0x314 zephyr/libzephyr.a(cbprintf_complete.c.obj)
 .text.cbvprintf
                0x00000000000012d4      0x5d0 zephyr/libzephyr.a(cbprintf_complete.c.obj)
                0x00000000000012d4                cbvprintf
 .text.sys_reboot
                0x00000000000018a4       0x28 zephyr/libzephyr.a(reboot.c.obj)
                0x00000000000018a4                sys_reboot
 .text.pm_system_resume
                0x00000000000018cc      0x134 zephyr/libzephyr.a(pm.c.obj)
                0x00000000000018cc                pm_system_resume
 .text.pm_system_suspend
                0x0000000000001a00      0x1f8 zephyr/libzephyr.a(pm.c.obj)
                0x0000000000001a00                pm_system_suspend
 .text.pm_policy_state_lock_is_active
                0x0000000000001bf8       0x1c zephyr/libzephyr.a(policy.c.obj)
                0x0000000000001bf8                pm_policy_state_lock_is_active
 .text.pm_policy_next_state
                0x0000000000001c14       0x94 zephyr/libzephyr.a(policy.c.obj)
                0x0000000000001c14                pm_policy_next_state
 .text.pm_state_cpu_get_all
                0x0000000000001ca8       0x10 zephyr/libzephyr.a(state.c.obj)
                0x0000000000001ca8                pm_state_cpu_get_all
 .text.nrf_cc3xx_platform_abort_init
                0x0000000000001cb8       0x10 zephyr/libzephyr.a(nrf_cc3xx_platform_abort_zephyr.c.obj)
                0x0000000000001cb8                nrf_cc3xx_platform_abort_init
 .text.mutex_unlock_platform
                0x0000000000001cc8       0x50 zephyr/libzephyr.a(nrf_cc3xx_platform_mutex_zephyr.c.obj)
 .text.mutex_lock_platform
                0x0000000000001d18       0x5c zephyr/libzephyr.a(nrf_cc3xx_platform_mutex_zephyr.c.obj)
 .text.mutex_free_platform
                0x0000000000001d74       0x4c zephyr/libzephyr.a(nrf_cc3xx_platform_mutex_zephyr.c.obj)
 .text.mutex_init_platform
                0x0000000000001dc0       0x74 zephyr/libzephyr.a(nrf_cc3xx_platform_mutex_zephyr.c.obj)
 .text.nrf_cc3xx_platform_mutex_init
                0x0000000000001e34       0x28 zephyr/libzephyr.a(nrf_cc3xx_platform_mutex_zephyr.c.obj)
                0x0000000000001e34                nrf_cc3xx_platform_mutex_init
 .text.z_arm_cpu_idle_init
                0x0000000000001e5c        0xc zephyr/arch/arch/arm/core/aarch32/libarch__arm__core__aarch32.a(cpu_idle.S.obj)
                0x0000000000001e5c                z_arm_cpu_idle_init
 .text.arch_cpu_idle
                0x0000000000001e68       0x1c zephyr/arch/arch/arm/core/aarch32/libarch__arm__core__aarch32.a(cpu_idle.S.obj)
                0x0000000000001e68                arch_cpu_idle
 .text.arch_cpu_atomic_idle
                0x0000000000001e84       0x14 zephyr/arch/arch/arm/core/aarch32/libarch__arm__core__aarch32.a(cpu_idle.S.obj)
                0x0000000000001e84                arch_cpu_atomic_idle
 .text.arch_irq_enable
                0x0000000000001e98       0x1c zephyr/arch/arch/arm/core/aarch32/libarch__arm__core__aarch32.a(irq_manage.c.obj)
                0x0000000000001e98                arch_irq_enable
 .text.arch_irq_is_enabled
                0x0000000000001eb4       0x1c zephyr/arch/arch/arm/core/aarch32/libarch__arm__core__aarch32.a(irq_manage.c.obj)
                0x0000000000001eb4                arch_irq_is_enabled
 .text.z_arm_irq_priority_set
                0x0000000000001ed0       0x6c zephyr/arch/arch/arm/core/aarch32/libarch__arm__core__aarch32.a(irq_manage.c.obj)
                0x0000000000001ed0                z_arm_irq_priority_set
 .text.z_SysNmiOnReset
                0x0000000000001f3c        0x8 zephyr/arch/arch/arm/core/aarch32/libarch__arm__core__aarch32.a(nmi_on_reset.S.obj)
                0x0000000000001f3c                z_SysNmiOnReset
 .text.z_arm_prep_c
                0x0000000000001f44       0x38 zephyr/arch/arch/arm/core/aarch32/libarch__arm__core__aarch32.a(prep_c.c.obj)
                0x0000000000001f44                z_arm_prep_c
 .text.arch_swap
                0x0000000000001f7c       0x38 zephyr/arch/arch/arm/core/aarch32/libarch__arm__core__aarch32.a(swap.c.obj)
                0x0000000000001f7c                arch_swap
 .text.z_arm_pendsv
                0x0000000000001fb4       0x58 zephyr/arch/arch/arm/core/aarch32/libarch__arm__core__aarch32.a(swap_helper.S.obj)
                0x0000000000001fb4                z_arm_pendsv
 .text.z_arm_svc
                0x000000000000200c       0x20 zephyr/arch/arch/arm/core/aarch32/libarch__arm__core__aarch32.a(swap_helper.S.obj)
                0x000000000000200c                z_arm_svc
 .text.arch_new_thread
                0x000000000000202c       0x44 zephyr/arch/arch/arm/core/aarch32/libarch__arm__core__aarch32.a(thread.c.obj)
                0x000000000000202c                arch_new_thread
 .text.z_check_thread_stack_fail
                0x0000000000002070       0x50 zephyr/arch/arch/arm/core/aarch32/libarch__arm__core__aarch32.a(thread.c.obj)
                0x0000000000002070                z_check_thread_stack_fail
 .text.arch_switch_to_main_thread
                0x00000000000020c0       0x2c zephyr/arch/arch/arm/core/aarch32/libarch__arm__core__aarch32.a(thread.c.obj)
                0x00000000000020c0                arch_switch_to_main_thread
 .text._isr_wrapper
                0x00000000000020ec       0x40 zephyr/arch/arch/arm/core/aarch32/libarch__arm__core__aarch32.a(isr_wrapper.S.obj)
                0x00000000000020ec                _isr_wrapper
 .text._HandlerModeExit
                0x000000000000212c       0x1c zephyr/arch/arch/arm/core/aarch32/cortex_m/libarch__arm__core__aarch32__cortex_m.a(exc_exit.S.obj)
                0x000000000000212c                z_arm_exc_exit
                0x000000000000212c                z_arm_int_exit
 .text.bus_fault
                0x0000000000002148       0x54 zephyr/arch/arch/arm/core/aarch32/cortex_m/libarch__arm__core__aarch32__cortex_m.a(fault.c.obj)
 .text.usage_fault
                0x000000000000219c       0x24 zephyr/arch/arch/arm/core/aarch32/cortex_m/libarch__arm__core__aarch32__cortex_m.a(fault.c.obj)
 .text.mem_manage_fault
                0x00000000000021c0       0xdc zephyr/arch/arch/arm/core/aarch32/cortex_m/libarch__arm__core__aarch32__cortex_m.a(fault.c.obj)
 .text.hard_fault
                0x000000000000229c       0xd0 zephyr/arch/arch/arm/core/aarch32/cortex_m/libarch__arm__core__aarch32__cortex_m.a(fault.c.obj)
 .text.z_arm_fault
                0x000000000000236c       0xc8 zephyr/arch/arch/arm/core/aarch32/cortex_m/libarch__arm__core__aarch32__cortex_m.a(fault.c.obj)
                0x000000000000236c                z_arm_fault
 .text.z_arm_fault_init
                0x0000000000002434       0x10 zephyr/arch/arch/arm/core/aarch32/cortex_m/libarch__arm__core__aarch32__cortex_m.a(fault.c.obj)
                0x0000000000002434                z_arm_fault_init
 .text.__fault  0x0000000000002444       0x14 zephyr/arch/arch/arm/core/aarch32/cortex_m/libarch__arm__core__aarch32__cortex_m.a(fault_s.S.obj)
                0x0000000000002444                z_arm_bus_fault
                0x0000000000002444                z_arm_usage_fault
                0x0000000000002444                z_arm_mpu_fault
                0x0000000000002444                z_arm_exc_spurious
                0x0000000000002444                z_arm_debug_monitor
                0x0000000000002444                z_arm_hard_fault
 .text.z_arm_interrupt_init
                0x0000000000002458       0x34 zephyr/arch/arch/arm/core/aarch32/cortex_m/libarch__arm__core__aarch32__cortex_m.a(irq_init.c.obj)
                0x0000000000002458                z_arm_interrupt_init
 .text._reset_section
                0x000000000000248c       0x54 zephyr/arch/arch/arm/core/aarch32/cortex_m/libarch__arm__core__aarch32__cortex_m.a(reset.S.obj)
                0x000000000000248c                z_arm_reset
                0x000000000000248c                __start
 .text.z_arm_clear_arm_mpu_config
                0x00000000000024e0       0x28 zephyr/arch/arch/arm/core/aarch32/cortex_m/libarch__arm__core__aarch32__cortex_m.a(scb.c.obj)
                0x00000000000024e0                z_arm_clear_arm_mpu_config
 .text.z_arm_init_arch_hw_at_boot
                0x0000000000002508       0x54 zephyr/arch/arch/arm/core/aarch32/cortex_m/libarch__arm__core__aarch32__cortex_m.a(scb.c.obj)
                0x0000000000002508                z_arm_init_arch_hw_at_boot
 .text.z_impl_k_thread_abort
                0x000000000000255c       0x34 zephyr/arch/arch/arm/core/aarch32/cortex_m/libarch__arm__core__aarch32__cortex_m.a(thread_abort.c.obj)
                0x000000000000255c                z_impl_k_thread_abort
 .text.z_arm_configure_static_mpu_regions
                0x0000000000002590       0x1c zephyr/arch/arch/arm/core/aarch32/mpu/libarch__arm__core__aarch32__mpu.a(arm_core_mpu.c.obj)
                0x0000000000002590                z_arm_configure_static_mpu_regions
 .text.z_arm_configure_dynamic_mpu_regions
                0x00000000000025ac       0x24 zephyr/arch/arch/arm/core/aarch32/mpu/libarch__arm__core__aarch32__mpu.a(arm_core_mpu.c.obj)
                0x00000000000025ac                z_arm_configure_dynamic_mpu_regions
 .text.region_init
                0x00000000000025d0       0x28 zephyr/arch/arch/arm/core/aarch32/mpu/libarch__arm__core__aarch32__mpu.a(arm_mpu.c.obj)
 .text.mpu_configure_static_mpu_regions
                0x00000000000025f8       0x14 zephyr/arch/arch/arm/core/aarch32/mpu/libarch__arm__core__aarch32__mpu.a(arm_mpu.c.obj)
 .text.mpu_configure_dynamic_mpu_regions
                0x000000000000260c       0x34 zephyr/arch/arch/arm/core/aarch32/mpu/libarch__arm__core__aarch32__mpu.a(arm_mpu.c.obj)
 .text.arm_core_mpu_enable
                0x0000000000002640       0x18 zephyr/arch/arch/arm/core/aarch32/mpu/libarch__arm__core__aarch32__mpu.a(arm_mpu.c.obj)
                0x0000000000002640                arm_core_mpu_enable
 .text.arm_core_mpu_disable
                0x0000000000002658       0x14 zephyr/arch/arch/arm/core/aarch32/mpu/libarch__arm__core__aarch32__mpu.a(arm_mpu.c.obj)
                0x0000000000002658                arm_core_mpu_disable
 .text.arm_core_mpu_configure_static_mpu_regions
                0x000000000000266c       0x44 zephyr/arch/arch/arm/core/aarch32/mpu/libarch__arm__core__aarch32__mpu.a(arm_mpu.c.obj)
                0x000000000000266c                arm_core_mpu_configure_static_mpu_regions
 .text.arm_core_mpu_configure_dynamic_mpu_regions
                0x00000000000026b0       0x44 zephyr/arch/arch/arm/core/aarch32/mpu/libarch__arm__core__aarch32__mpu.a(arm_mpu.c.obj)
                0x00000000000026b0                arm_core_mpu_configure_dynamic_mpu_regions
 .text.z_arm_mpu_init
                0x00000000000026f4       0xb8 zephyr/arch/arch/arm/core/aarch32/mpu/libarch__arm__core__aarch32__mpu.a(arm_mpu.c.obj)
                0x00000000000026f4                z_arm_mpu_init
 .text.__stdout_hook_install
                0x00000000000027ac        0xc zephyr/lib/libc/minimal/liblib__libc__minimal.a(stdout_console.c.obj)
                0x00000000000027ac                __stdout_hook_install
 .text.z_impl_zephyr_fputc
                0x00000000000027b8       0x1c zephyr/lib/libc/minimal/liblib__libc__minimal.a(stdout_console.c.obj)
                0x00000000000027b8                z_impl_zephyr_fputc
 .text.printf   0x00000000000027d4       0x24 zephyr/lib/libc/minimal/liblib__libc__minimal.a(fprintf.c.obj)
                0x00000000000027d4                printf
 .text.nordicsemi_nrf52_init
                0x00000000000027f8       0x4c zephyr/soc/arm/nordic_nrf/nrf52/libsoc__arm__nordic_nrf__nrf52.a(soc.c.obj)
 .text.sys_arch_reboot
                0x0000000000002844       0x2c zephyr/soc/arm/nordic_nrf/nrf52/libsoc__arm__nordic_nrf__nrf52.a(soc.c.obj)
                0x0000000000002844                sys_arch_reboot
 .text.arch_busy_wait
                0x0000000000002870       0x18 zephyr/soc/arm/nordic_nrf/nrf52/libsoc__arm__nordic_nrf__nrf52.a(soc.c.obj)
                0x0000000000002870                arch_busy_wait
 .text.get_hf_flags
                0x0000000000002888        0x8 zephyr/drivers/clock_control/libdrivers__clock_control.a(clock_control_nrf.c.obj)
 .text.get_subsys
                0x0000000000002890        0xc zephyr/drivers/clock_control/libdrivers__clock_control.a(clock_control_nrf.c.obj)
 .text.onoff_start
                0x000000000000289c       0x34 zephyr/drivers/clock_control/libdrivers__clock_control.a(clock_control_nrf.c.obj)
 .text.generic_hfclk_stop
                0x00000000000028d0       0x30 zephyr/drivers/clock_control/libdrivers__clock_control.a(clock_control_nrf.c.obj)
 .text.get_status
                0x0000000000002900       0x40 zephyr/drivers/clock_control/libdrivers__clock_control.a(clock_control_nrf.c.obj)
 .text.stop     0x0000000000002940       0x60 zephyr/drivers/clock_control/libdrivers__clock_control.a(clock_control_nrf.c.obj)
 .text.onoff_stop
                0x00000000000029a0       0x20 zephyr/drivers/clock_control/libdrivers__clock_control.a(clock_control_nrf.c.obj)
 .text.clock_event_handler
                0x00000000000029c0       0x78 zephyr/drivers/clock_control/libdrivers__clock_control.a(clock_control_nrf.c.obj)
 .text.api_blocking_start
                0x0000000000002a38       0x38 zephyr/drivers/clock_control/libdrivers__clock_control.a(clock_control_nrf.c.obj)
 .text.clk_init
                0x0000000000002a70       0x60 zephyr/drivers/clock_control/libdrivers__clock_control.a(clock_control_nrf.c.obj)
 .text.lfclk_spinwait
                0x0000000000002ad0       0xe4 zephyr/drivers/clock_control/libdrivers__clock_control.a(clock_control_nrf.c.obj)
 .text.generic_hfclk_start
                0x0000000000002bb4       0x68 zephyr/drivers/clock_control/libdrivers__clock_control.a(clock_control_nrf.c.obj)
 .text.z_nrf_clock_control_lf_on
                0x0000000000002c1c       0xa0 zephyr/drivers/clock_control/libdrivers__clock_control.a(clock_control_nrf.c.obj)
                0x0000000000002c1c                z_nrf_clock_control_lf_on
 .text.console_out
                0x0000000000002cbc       0x2c zephyr/drivers/console/libdrivers__console.a(uart_console.c.obj)
 .text.uart_console_hook_install
                0x0000000000002ce8       0x18 zephyr/drivers/console/libdrivers__console.a(uart_console.c.obj)
 .text.uart_console_init
                0x0000000000002d00       0x24 zephyr/drivers/console/libdrivers__console.a(uart_console.c.obj)
 .text.get_dev  0x0000000000002d24       0x1c zephyr/drivers/gpio/libdrivers__gpio.a(gpio_nrfx.c.obj)
 .text.gpio_nrfx_manage_callback
                0x0000000000002d40       0xcc zephyr/drivers/gpio/libdrivers__gpio.a(gpio_nrfx.c.obj)
 .text.nrfx_gpio_handler
                0x0000000000002e0c       0x88 zephyr/drivers/gpio/libdrivers__gpio.a(gpio_nrfx.c.obj)
 .text.gpio_nrfx_pin_interrupt_configure
                0x0000000000002e94      0x134 zephyr/drivers/gpio/libdrivers__gpio.a(gpio_nrfx.c.obj)
 .text.pin_uninit
                0x0000000000002fc8       0x48 zephyr/drivers/gpio/libdrivers__gpio.a(gpio_nrfx.c.obj)
 .text.gpio_nrfx_pin_configure
                0x0000000000003010      0x104 zephyr/drivers/gpio/libdrivers__gpio.a(gpio_nrfx.c.obj)
 .text.gpio_nrfx_init
                0x0000000000003114       0x3c zephyr/drivers/gpio/libdrivers__gpio.a(gpio_nrfx.c.obj)
 .text.baudrate_set
                0x0000000000003150      0x150 zephyr/drivers/serial/libdrivers__serial.a(uart_nrfx_uarte.c.obj)
 .text.uarte_nrfx_poll_out
                0x00000000000032a0       0x70 zephyr/drivers/serial/libdrivers__serial.a(uart_nrfx_uarte.c.obj)
 .text.endtx_stoptx_ppi_init
                0x0000000000003310       0x48 zephyr/drivers/serial/libdrivers__serial.a(uart_nrfx_uarte.c.obj)
 .text.set_comparator
                0x0000000000003358       0x14 zephyr/drivers/timer/libdrivers__timer.a(nrf_rtc_timer.c.obj)
 .text.get_comparator
                0x000000000000336c       0x10 zephyr/drivers/timer/libdrivers__timer.a(nrf_rtc_timer.c.obj)
 .text.event_enable
                0x000000000000337c       0x14 zephyr/drivers/timer/libdrivers__timer.a(nrf_rtc_timer.c.obj)
 .text.event_disable
                0x0000000000003390       0x14 zephyr/drivers/timer/libdrivers__timer.a(nrf_rtc_timer.c.obj)
 .text.counter  0x00000000000033a4        0xc zephyr/drivers/timer/libdrivers__timer.a(nrf_rtc_timer.c.obj)
 .text.compare_int_lock
                0x00000000000033b0       0x50 zephyr/drivers/timer/libdrivers__timer.a(nrf_rtc_timer.c.obj)
 .text.channel_processing_check_and_clear
                0x0000000000003400       0x78 zephyr/drivers/timer/libdrivers__timer.a(nrf_rtc_timer.c.obj)
 .text.compare_int_unlock
                0x0000000000003478       0x60 zephyr/drivers/timer/libdrivers__timer.a(nrf_rtc_timer.c.obj)
 .text.sys_clock_timeout_handler
                0x00000000000034d8       0x78 zephyr/drivers/timer/libdrivers__timer.a(nrf_rtc_timer.c.obj)
 .text.z_nrf_rtc_timer_read
                0x0000000000003550       0x40 zephyr/drivers/timer/libdrivers__timer.a(nrf_rtc_timer.c.obj)
                0x0000000000003550                z_nrf_rtc_timer_read
 .text.compare_set_nolocks
                0x0000000000003590       0xa0 zephyr/drivers/timer/libdrivers__timer.a(nrf_rtc_timer.c.obj)
 .text.sys_clock_driver_init
                0x0000000000003630       0x94 zephyr/drivers/timer/libdrivers__timer.a(nrf_rtc_timer.c.obj)
 .text.process_channel
                0x00000000000036c4       0x74 zephyr/drivers/timer/libdrivers__timer.a(nrf_rtc_timer.c.obj)
 .text.rtc_nrf_isr
                0x0000000000003738       0x44 zephyr/drivers/timer/libdrivers__timer.a(nrf_rtc_timer.c.obj)
                0x0000000000003738                rtc_nrf_isr
 .text.sys_clock_set_timeout
                0x000000000000377c       0x64 zephyr/drivers/timer/libdrivers__timer.a(nrf_rtc_timer.c.obj)
                0x000000000000377c                sys_clock_set_timeout
 .text.sys_clock_elapsed
                0x00000000000037e0       0x14 zephyr/drivers/timer/libdrivers__timer.a(nrf_rtc_timer.c.obj)
                0x00000000000037e0                sys_clock_elapsed
 .text.nrf_pin_configure
                0x00000000000037f4       0xc0 zephyr/drivers/pinctrl/libdrivers__pinctrl.a(pinctrl_nrf.c.obj)
 .text.pinctrl_configure_pins
                0x00000000000038b4      0x910 zephyr/drivers/pinctrl/libdrivers__pinctrl.a(pinctrl_nrf.c.obj)
                0x00000000000038b4                pinctrl_configure_pins
 .text.nvmc_wait
                0x00000000000041c4       0x10 modules/hal_nordic/nrfx/libmodules__hal_nordic__nrfx.a(system_nrf52840.c.obj)
                0x00000000000041c4                nvmc_wait
 .text.nvmc_config
                0x00000000000041d4       0x14 modules/hal_nordic/nrfx/libmodules__hal_nordic__nrfx.a(system_nrf52840.c.obj)
                0x00000000000041d4                nvmc_config
 .text.SystemCoreClockUpdate
                0x00000000000041e8       0x10 modules/hal_nordic/nrfx/libmodules__hal_nordic__nrfx.a(system_nrf52840.c.obj)
                0x00000000000041e8                SystemCoreClockUpdate
 .text.SystemInit
                0x00000000000041f8      0x1ac modules/hal_nordic/nrfx/libmodules__hal_nordic__nrfx.a(system_nrf52840.c.obj)
                0x00000000000041f8                SystemInit
 .text.nrfx_flag32_alloc
                0x00000000000043a4       0x50 modules/hal_nordic/nrfx/libmodules__hal_nordic__nrfx.a(nrfx_flag32_allocator.c.obj)
                0x00000000000043a4                nrfx_flag32_alloc
 .text.nrfx_flag32_free
                0x00000000000043f4       0x44 modules/hal_nordic/nrfx/libmodules__hal_nordic__nrfx.a(nrfx_flag32_allocator.c.obj)
                0x00000000000043f4                nrfx_flag32_free
 .text.clock_stop
                0x0000000000004438      0x118 modules/hal_nordic/nrfx/libmodules__hal_nordic__nrfx.a(nrfx_clock.c.obj)
 .text.nrfx_clock_init
                0x0000000000004550       0x54 modules/hal_nordic/nrfx/libmodules__hal_nordic__nrfx.a(nrfx_clock.c.obj)
                0x0000000000004550                nrfx_clock_init
 .text.nrfx_clock_enable
                0x00000000000045a4       0x50 modules/hal_nordic/nrfx/libmodules__hal_nordic__nrfx.a(nrfx_clock.c.obj)
                0x00000000000045a4                nrfx_clock_enable
 .text.nrfx_clock_start
                0x00000000000045f4       0xec modules/hal_nordic/nrfx/libmodules__hal_nordic__nrfx.a(nrfx_clock.c.obj)
                0x00000000000045f4                nrfx_clock_start
 .text.nrfx_clock_stop
                0x00000000000046e0       0x40 modules/hal_nordic/nrfx/libmodules__hal_nordic__nrfx.a(nrfx_clock.c.obj)
                0x00000000000046e0                nrfx_clock_stop
 .text.nrfx_power_clock_irq_handler
                0x0000000000004720       0x7c modules/hal_nordic/nrfx/libmodules__hal_nordic__nrfx.a(nrfx_clock.c.obj)
                0x0000000000004720                nrfx_power_clock_irq_handler
 .text.pin_in_use
                0x000000000000479c       0x14 modules/hal_nordic/nrfx/libmodules__hal_nordic__nrfx.a(nrfx_gpiote.c.obj)
 .text.pin_in_use_by_te
                0x00000000000047b0       0x14 modules/hal_nordic/nrfx/libmodules__hal_nordic__nrfx.a(nrfx_gpiote.c.obj)
 .text.pin_has_trigger
                0x00000000000047c4       0x18 modules/hal_nordic/nrfx/libmodules__hal_nordic__nrfx.a(nrfx_gpiote.c.obj)
 .text.pin_is_output
                0x00000000000047dc       0x14 modules/hal_nordic/nrfx/libmodules__hal_nordic__nrfx.a(nrfx_gpiote.c.obj)
 .text.pin_te_get
                0x00000000000047f0       0x10 modules/hal_nordic/nrfx/libmodules__hal_nordic__nrfx.a(nrfx_gpiote.c.obj)
 .text.handler_in_use
                0x0000000000004800       0x34 modules/hal_nordic/nrfx/libmodules__hal_nordic__nrfx.a(nrfx_gpiote.c.obj)
 .text.find_handler
                0x0000000000004834       0x2c modules/hal_nordic/nrfx/libmodules__hal_nordic__nrfx.a(nrfx_gpiote.c.obj)
 .text.channel_handler_get
                0x0000000000004860       0x20 modules/hal_nordic/nrfx/libmodules__hal_nordic__nrfx.a(nrfx_gpiote.c.obj)
 .text.call_handler
                0x0000000000004880       0x2c modules/hal_nordic/nrfx/libmodules__hal_nordic__nrfx.a(nrfx_gpiote.c.obj)
 .text.release_handler
                0x00000000000048ac       0x74 modules/hal_nordic/nrfx/libmodules__hal_nordic__nrfx.a(nrfx_gpiote.c.obj)
 .text.pin_handler_trigger_uninit
                0x0000000000004920       0x38 modules/hal_nordic/nrfx/libmodules__hal_nordic__nrfx.a(nrfx_gpiote.c.obj)
 .text.pin_handler_set
                0x0000000000004958       0x6c modules/hal_nordic/nrfx/libmodules__hal_nordic__nrfx.a(nrfx_gpiote.c.obj)
 .text.gpiote_evt_handle
                0x00000000000049c4       0x44 modules/hal_nordic/nrfx/libmodules__hal_nordic__nrfx.a(nrfx_gpiote.c.obj)
 .text.latch_pending_read_and_check
                0x0000000000004a08       0x50 modules/hal_nordic/nrfx/libmodules__hal_nordic__nrfx.a(nrfx_gpiote.c.obj)
 .text.next_sense_cond_call_handler
                0x0000000000004a58      0x284 modules/hal_nordic/nrfx/libmodules__hal_nordic__nrfx.a(nrfx_gpiote.c.obj)
 .text.port_event_handle
                0x0000000000004cdc      0x1bc modules/hal_nordic/nrfx/libmodules__hal_nordic__nrfx.a(nrfx_gpiote.c.obj)
 .text.nrfx_gpiote_input_configure
                0x0000000000004e98      0x1e8 modules/hal_nordic/nrfx/libmodules__hal_nordic__nrfx.a(nrfx_gpiote.c.obj)
                0x0000000000004e98                nrfx_gpiote_input_configure
 .text.nrfx_gpiote_output_configure
                0x0000000000005080      0x1f4 modules/hal_nordic/nrfx/libmodules__hal_nordic__nrfx.a(nrfx_gpiote.c.obj)
                0x0000000000005080                nrfx_gpiote_output_configure
 .text.nrfx_gpiote_global_callback_set
                0x0000000000005274        0xc modules/hal_nordic/nrfx/libmodules__hal_nordic__nrfx.a(nrfx_gpiote.c.obj)
                0x0000000000005274                nrfx_gpiote_global_callback_set
 .text.nrfx_gpiote_channel_get
                0x0000000000005280       0x58 modules/hal_nordic/nrfx/libmodules__hal_nordic__nrfx.a(nrfx_gpiote.c.obj)
                0x0000000000005280                nrfx_gpiote_channel_get
 .text.nrfx_gpiote_init
                0x00000000000052d8       0x54 modules/hal_nordic/nrfx/libmodules__hal_nordic__nrfx.a(nrfx_gpiote.c.obj)
                0x00000000000052d8                nrfx_gpiote_init
 .text.nrfx_gpiote_is_init
                0x000000000000532c       0x14 modules/hal_nordic/nrfx/libmodules__hal_nordic__nrfx.a(nrfx_gpiote.c.obj)
                0x000000000000532c                nrfx_gpiote_is_init
 .text.nrfx_gpiote_channel_free
                0x0000000000005340       0x10 modules/hal_nordic/nrfx/libmodules__hal_nordic__nrfx.a(nrfx_gpiote.c.obj)
                0x0000000000005340                nrfx_gpiote_channel_free
 .text.nrfx_gpiote_channel_alloc
                0x0000000000005350       0x10 modules/hal_nordic/nrfx/libmodules__hal_nordic__nrfx.a(nrfx_gpiote.c.obj)
                0x0000000000005350                nrfx_gpiote_channel_alloc
 .text.nrfx_gpiote_trigger_enable
                0x0000000000005360      0x218 modules/hal_nordic/nrfx/libmodules__hal_nordic__nrfx.a(nrfx_gpiote.c.obj)
                0x0000000000005360                nrfx_gpiote_trigger_enable
 .text.nrfx_gpiote_trigger_disable
                0x0000000000005578       0xd0 modules/hal_nordic/nrfx/libmodules__hal_nordic__nrfx.a(nrfx_gpiote.c.obj)
                0x0000000000005578                nrfx_gpiote_trigger_disable
 .text.nrfx_gpiote_pin_uninit
                0x0000000000005648       0xb8 modules/hal_nordic/nrfx/libmodules__hal_nordic__nrfx.a(nrfx_gpiote.c.obj)
                0x0000000000005648                nrfx_gpiote_pin_uninit
 .text.nrfx_gpiote_irq_handler
                0x0000000000005700       0x60 modules/hal_nordic/nrfx/libmodules__hal_nordic__nrfx.a(nrfx_gpiote.c.obj)
                0x0000000000005700                nrfx_gpiote_irq_handler
 .text.nrfx_ppi_channel_alloc
                0x0000000000005760       0x10 modules/hal_nordic/nrfx/libmodules__hal_nordic__nrfx.a(nrfx_ppi.c.obj)
                0x0000000000005760                nrfx_ppi_channel_alloc
 .text._DoInit  0x0000000000005770       0x6c modules/segger/libmodules__segger.a(SEGGER_RTT.c.obj)
 .text.z_device_state_init
                0x00000000000057dc       0x18 zephyr/kernel/libkernel.a(device.c.obj)
                0x00000000000057dc                z_device_state_init
 .text.z_sys_init_run_level
                0x00000000000057f4       0x50 zephyr/kernel/libkernel.a(device.c.obj)
                0x00000000000057f4                z_sys_init_run_level
 .text.z_impl_z_errno
                0x0000000000005844        0xc zephyr/kernel/libkernel.a(errno.c.obj)
                0x0000000000005844                z_impl_z_errno
 .text.z_fatal_error
                0x0000000000005850       0x68 zephyr/kernel/libkernel.a(fatal.c.obj)
                0x0000000000005850                z_fatal_error
 .text.init_idle_thread
                0x00000000000058b8       0x60 zephyr/kernel/libkernel.a(init.c.obj)
 .text.bg_thread_main
                0x0000000000005918       0x34 zephyr/kernel/libkernel.a(init.c.obj)
 .text.switch_to_main_thread
                0x000000000000594c       0x14 zephyr/kernel/libkernel.a(init.c.obj)
 .text.z_bss_zero
                0x0000000000005960       0x18 zephyr/kernel/libkernel.a(init.c.obj)
                0x0000000000005960                z_bss_zero
 .text.z_init_cpu
                0x0000000000005978       0x44 zephyr/kernel/libkernel.a(init.c.obj)
                0x0000000000005978                z_init_cpu
 .text.prepare_multithreading
                0x00000000000059bc       0x60 zephyr/kernel/libkernel.a(init.c.obj)
 .text.z_cstart
                0x0000000000005a1c       0x8c zephyr/kernel/libkernel.a(init.c.obj)
                0x0000000000005a1c                z_cstart
 .text.init_mem_slab_module
                0x0000000000005aa8       0x5c zephyr/kernel/libkernel.a(mem_slab.c.obj)
 .text.k_mem_slab_alloc
                0x0000000000005b04       0xec zephyr/kernel/libkernel.a(mem_slab.c.obj)
                0x0000000000005b04                k_mem_slab_alloc
 .text.k_mem_slab_free
                0x0000000000005bf0       0xd0 zephyr/kernel/libkernel.a(mem_slab.c.obj)
                0x0000000000005bf0                k_mem_slab_free
 .text.schedule_new_thread
                0x0000000000005cc0       0x1c zephyr/kernel/libkernel.a(thread.c.obj)
 .text.z_spin_lock_valid
                0x0000000000005cdc       0x20 zephyr/kernel/libkernel.a(thread.c.obj)
                0x0000000000005cdc                z_spin_lock_valid
 .text.z_spin_unlock_valid
                0x0000000000005cfc       0x20 zephyr/kernel/libkernel.a(thread.c.obj)
                0x0000000000005cfc                z_spin_unlock_valid
 .text.z_spin_lock_set_owner
                0x0000000000005d1c       0x10 zephyr/kernel/libkernel.a(thread.c.obj)
                0x0000000000005d1c                z_spin_lock_set_owner
 .text.z_thread_monitor_exit
                0x0000000000005d2c       0xb4 zephyr/kernel/libkernel.a(thread.c.obj)
                0x0000000000005d2c                z_thread_monitor_exit
 .text.z_setup_new_thread
                0x0000000000005de0      0x18c zephyr/kernel/libkernel.a(thread.c.obj)
                0x0000000000005de0                z_setup_new_thread
 .text.z_impl_k_thread_create
                0x0000000000005f6c       0x94 zephyr/kernel/libkernel.a(thread.c.obj)
                0x0000000000005f6c                z_impl_k_thread_create
 .text.z_init_static_threads
                0x0000000000006000       0xf4 zephyr/kernel/libkernel.a(thread.c.obj)
                0x0000000000006000                z_init_static_threads
 .text.idle     0x00000000000060f4       0x68 zephyr/kernel/libkernel.a(idle.c.obj)
                0x00000000000060f4                idle
 .text.z_impl_k_mutex_lock
                0x000000000000615c      0x240 zephyr/kernel/libkernel.a(mutex.c.obj)
                0x000000000000615c                z_impl_k_mutex_lock
 .text.z_impl_k_mutex_unlock
                0x000000000000639c      0x1a8 zephyr/kernel/libkernel.a(mutex.c.obj)
                0x000000000000639c                z_impl_k_mutex_unlock
 .text.z_impl_k_sem_give
                0x0000000000006544       0x88 zephyr/kernel/libkernel.a(sem.c.obj)
                0x0000000000006544                z_impl_k_sem_give
 .text.z_impl_k_sem_take
                0x00000000000065cc      0x12c zephyr/kernel/libkernel.a(sem.c.obj)
                0x00000000000065cc                z_impl_k_sem_take
 .text.pended_on_thread
                0x00000000000066f8       0x34 zephyr/kernel/libkernel.a(sched.c.obj)
 .text.add_thread_timeout
                0x000000000000672c       0x20 zephyr/kernel/libkernel.a(sched.c.obj)
 .text.z_reset_time_slice
                0x000000000000674c       0x28 zephyr/kernel/libkernel.a(sched.c.obj)
                0x000000000000674c                z_reset_time_slice
 .text.k_sched_time_slice_set
                0x0000000000006774       0xec zephyr/kernel/libkernel.a(sched.c.obj)
                0x0000000000006774                k_sched_time_slice_set
 .text.z_reschedule
                0x0000000000006860       0x9c zephyr/kernel/libkernel.a(sched.c.obj)
                0x0000000000006860                z_reschedule
 .text.k_sched_lock
                0x00000000000068fc      0x104 zephyr/kernel/libkernel.a(sched.c.obj)
                0x00000000000068fc                k_sched_lock
 .text.z_priq_dumb_remove
                0x0000000000006a00       0x48 zephyr/kernel/libkernel.a(sched.c.obj)
                0x0000000000006a00                z_priq_dumb_remove
 .text.update_cache
                0x0000000000006a48       0x84 zephyr/kernel/libkernel.a(sched.c.obj)
 .text.move_thread_to_end_of_prio_q
                0x0000000000006acc       0xb8 zephyr/kernel/libkernel.a(sched.c.obj)
 .text.slice_expired_locked
                0x0000000000006b84       0x28 zephyr/kernel/libkernel.a(sched.c.obj)
 .text.z_time_slice
                0x0000000000006bac      0x150 zephyr/kernel/libkernel.a(sched.c.obj)
                0x0000000000006bac                z_time_slice
 .text.ready_thread
                0x0000000000006cfc       0xac zephyr/kernel/libkernel.a(sched.c.obj)
 .text.z_ready_thread
                0x0000000000006da8       0xac zephyr/kernel/libkernel.a(sched.c.obj)
                0x0000000000006da8                z_ready_thread
 .text.z_sched_start
                0x0000000000006e54       0xb0 zephyr/kernel/libkernel.a(sched.c.obj)
                0x0000000000006e54                z_sched_start
 .text.z_thread_timeout
                0x0000000000006f04       0xe8 zephyr/kernel/libkernel.a(sched.c.obj)
                0x0000000000006f04                z_thread_timeout
 .text.unready_thread
                0x0000000000006fec       0x38 zephyr/kernel/libkernel.a(sched.c.obj)
 .text.add_to_waitq_locked
                0x0000000000007024       0x84 zephyr/kernel/libkernel.a(sched.c.obj)
 .text.pend     0x00000000000070a8       0xb8 zephyr/kernel/libkernel.a(sched.c.obj)
 .text.z_pend_curr
                0x0000000000007160       0x60 zephyr/kernel/libkernel.a(sched.c.obj)
                0x0000000000007160                z_pend_curr
 .text.z_set_prio
                0x00000000000071c0      0x15c zephyr/kernel/libkernel.a(sched.c.obj)
                0x00000000000071c0                z_set_prio
 .text.z_impl_k_thread_suspend
                0x000000000000731c       0xf8 zephyr/kernel/libkernel.a(sched.c.obj)
                0x000000000000731c                z_impl_k_thread_suspend
 .text.k_sched_unlock
                0x0000000000007414      0x128 zephyr/kernel/libkernel.a(sched.c.obj)
                0x0000000000007414                k_sched_unlock
 .text.end_thread
                0x000000000000753c       0x9c zephyr/kernel/libkernel.a(sched.c.obj)
 .text.z_unpend_first_thread
                0x00000000000075d8       0xc8 zephyr/kernel/libkernel.a(sched.c.obj)
                0x00000000000075d8                z_unpend_first_thread
 .text.z_sched_init
                0x00000000000076a0       0x18 zephyr/kernel/libkernel.a(sched.c.obj)
                0x00000000000076a0                z_sched_init
 .text.z_impl_k_yield
                0x00000000000076b8      0x15c zephyr/kernel/libkernel.a(sched.c.obj)
                0x00000000000076b8                z_impl_k_yield
 .text.z_tick_sleep
                0x0000000000007814      0x17c zephyr/kernel/libkernel.a(sched.c.obj)
 .text.z_impl_k_sleep
                0x0000000000007990       0x98 zephyr/kernel/libkernel.a(sched.c.obj)
                0x0000000000007990                z_impl_k_sleep
 .text.z_impl_z_current_get
                0x0000000000007a28        0xc zephyr/kernel/libkernel.a(sched.c.obj)
                0x0000000000007a28                z_impl_z_current_get
 .text.z_thread_abort
                0x0000000000007a34      0x144 zephyr/kernel/libkernel.a(sched.c.obj)
                0x0000000000007a34                z_thread_abort
 .text.z_data_copy
                0x0000000000007b78       0x34 zephyr/kernel/libkernel.a(xip.c.obj)
                0x0000000000007b78                z_data_copy
 .text.first    0x0000000000007bac       0x14 zephyr/kernel/libkernel.a(timeout.c.obj)
 .text.next     0x0000000000007bc0       0x18 zephyr/kernel/libkernel.a(timeout.c.obj)
 .text.elapsed  0x0000000000007bd8       0x18 zephyr/kernel/libkernel.a(timeout.c.obj)
 .text.next_timeout
                0x0000000000007bf0       0x4c zephyr/kernel/libkernel.a(timeout.c.obj)
 .text.z_add_timeout
                0x0000000000007c3c      0x1c8 zephyr/kernel/libkernel.a(timeout.c.obj)
                0x0000000000007c3c                z_add_timeout
 .text.z_abort_timeout
                0x0000000000007e04       0xb4 zephyr/kernel/libkernel.a(timeout.c.obj)
                0x0000000000007e04                z_abort_timeout
 .text.z_get_next_timeout_expiry
                0x0000000000007eb8       0xa4 zephyr/kernel/libkernel.a(timeout.c.obj)
                0x0000000000007eb8                z_get_next_timeout_expiry
 .text.z_set_timeout_expiry
                0x0000000000007f5c       0xcc zephyr/kernel/libkernel.a(timeout.c.obj)
                0x0000000000007f5c                z_set_timeout_expiry
 .text.sys_clock_announce
                0x0000000000008028      0x190 zephyr/kernel/libkernel.a(timeout.c.obj)
                0x0000000000008028                sys_clock_announce
 .text.sys_clock_tick_get
                0x00000000000081b8       0xb4 zephyr/kernel/libkernel.a(timeout.c.obj)
                0x00000000000081b8                sys_clock_tick_get
 .text.k_thread_system_pool_assign
                0x000000000000826c        0xc zephyr/kernel/libkernel.a(mempool.c.obj)
                0x000000000000826c                k_thread_system_pool_assign
 .text.boot_banner
                0x0000000000008278       0x1c zephyr/kernel/libkernel.a(banner.c.obj)
                0x0000000000008278                boot_banner
 .text.statics_init
                0x0000000000008294       0x58 zephyr/kernel/libkernel.a(kheap.c.obj)
 .text.nrf_cc3xx_platform_init_no_rng
                0x00000000000082ec       0x38 /home/rt/ncs/nrfxlib/crypto/nrf_cc310_platform/lib/cortex-m4/soft-float/no-interrupts/libnrf_cc310_platform_0.9.14.a(nrf_cc3xx_platform.c.obj)
                0x00000000000082ec                nrf_cc3xx_platform_init_no_rng
 .text.nrf_cc3xx_platform_abort
                0x0000000000008324       0x24 /home/rt/ncs/nrfxlib/crypto/nrf_cc310_platform/lib/cortex-m4/soft-float/no-interrupts/libnrf_cc310_platform_0.9.14.a(nrf_cc3xx_platform_abort.c.obj)
 .text.CC_PalAbort
                0x0000000000008348       0x34 /home/rt/ncs/nrfxlib/crypto/nrf_cc310_platform/lib/cortex-m4/soft-float/no-interrupts/libnrf_cc310_platform_0.9.14.a(nrf_cc3xx_platform_abort.c.obj)
                0x0000000000008348                CC_PalAbort
 .text.nrf_cc3xx_platform_set_abort
                0x000000000000837c       0x10 /home/rt/ncs/nrfxlib/crypto/nrf_cc310_platform/lib/cortex-m4/soft-float/no-interrupts/libnrf_cc310_platform_0.9.14.a(nrf_cc3xx_platform_abort.c.obj)
                0x000000000000837c                nrf_cc3xx_platform_set_abort
 .text.mutex_free
                0x000000000000838c       0x28 /home/rt/ncs/nrfxlib/crypto/nrf_cc310_platform/lib/cortex-m4/soft-float/no-interrupts/libnrf_cc310_platform_0.9.14.a(nrf_cc3xx_platform_mutex.c.obj)
 .text.mutex_lock
                0x00000000000083b4       0x40 /home/rt/ncs/nrfxlib/crypto/nrf_cc310_platform/lib/cortex-m4/soft-float/no-interrupts/libnrf_cc310_platform_0.9.14.a(nrf_cc3xx_platform_mutex.c.obj)
 .text.mutex_unlock
                0x00000000000083f4       0x2c /home/rt/ncs/nrfxlib/crypto/nrf_cc310_platform/lib/cortex-m4/soft-float/no-interrupts/libnrf_cc310_platform_0.9.14.a(nrf_cc3xx_platform_mutex.c.obj)
 .text.mutex_init
                0x0000000000008420       0x1c /home/rt/ncs/nrfxlib/crypto/nrf_cc310_platform/lib/cortex-m4/soft-float/no-interrupts/libnrf_cc310_platform_0.9.14.a(nrf_cc3xx_platform_mutex.c.obj)
 .text.nrf_cc3xx_platform_set_mutexes
                0x000000000000843c       0x60 /home/rt/ncs/nrfxlib/crypto/nrf_cc310_platform/lib/cortex-m4/soft-float/no-interrupts/libnrf_cc310_platform_0.9.14.a(nrf_cc3xx_platform_mutex.c.obj)
                0x000000000000843c                nrf_cc3xx_platform_set_mutexes
 .text.CC_LibInitNoRng
                0x000000000000849c       0x64 /home/rt/ncs/nrfxlib/crypto/nrf_cc310_platform/lib/cortex-m4/soft-float/no-interrupts/libnrf_cc310_platform_0.9.14.a(cc_lib.c.obj)
                0x000000000000849c                CC_LibInitNoRng
 .text.CC_HalInit
                0x0000000000008500        0x4 /home/rt/ncs/nrfxlib/crypto/nrf_cc310_platform/lib/cortex-m4/soft-float/no-interrupts/libnrf_cc310_platform_0.9.14.a(cc_hal.c.obj)
                0x0000000000008500                CC_HalInit
 .text.CC_HalTerminate
                0x0000000000008504        0x4 /home/rt/ncs/nrfxlib/crypto/nrf_cc310_platform/lib/cortex-m4/soft-float/no-interrupts/libnrf_cc310_platform_0.9.14.a(cc_hal.c.obj)
                0x0000000000008504                CC_HalTerminate
 .text.CC_HalMaskInterrupt
                0x0000000000008508        0xc /home/rt/ncs/nrfxlib/crypto/nrf_cc310_platform/lib/cortex-m4/soft-float/no-interrupts/libnrf_cc310_platform_0.9.14.a(cc_hal.c.obj)
                0x0000000000008508                CC_HalMaskInterrupt
 .text.CC_PalInit
                0x0000000000008514       0x5c /home/rt/ncs/nrfxlib/crypto/nrf_cc310_platform/lib/cortex-m4/soft-float/no-interrupts/libnrf_cc310_platform_0.9.14.a(cc_pal.c.obj)
                0x0000000000008514                CC_PalInit
 .text.CC_PalTerminate
                0x0000000000008570       0x34 /home/rt/ncs/nrfxlib/crypto/nrf_cc310_platform/lib/cortex-m4/soft-float/no-interrupts/libnrf_cc310_platform_0.9.14.a(cc_pal.c.obj)
                0x0000000000008570                CC_PalTerminate
 .text.CC_PalDmaInit
                0x00000000000085a4        0x4 /home/rt/ncs/nrfxlib/crypto/nrf_cc310_platform/lib/cortex-m4/soft-float/no-interrupts/libnrf_cc310_platform_0.9.14.a(cc_pal_dma.c.obj)
                0x00000000000085a4                CC_PalDmaInit
 .text.CC_PalDmaTerminate
                0x00000000000085a8        0x4 /home/rt/ncs/nrfxlib/crypto/nrf_cc310_platform/lib/cortex-m4/soft-float/no-interrupts/libnrf_cc310_platform_0.9.14.a(cc_pal_dma.c.obj)
                0x00000000000085a8                CC_PalDmaTerminate
 .text.CC_PalMutexCreate
                0x00000000000085ac       0x14 /home/rt/ncs/nrfxlib/crypto/nrf_cc310_platform/lib/cortex-m4/soft-float/no-interrupts/libnrf_cc310_platform_0.9.14.a(cc_pal_mutex.c.obj)
                0x00000000000085ac                CC_PalMutexCreate
 .text.CC_PalMutexDestroy
                0x00000000000085c0       0x14 /home/rt/ncs/nrfxlib/crypto/nrf_cc310_platform/lib/cortex-m4/soft-float/no-interrupts/libnrf_cc310_platform_0.9.14.a(cc_pal_mutex.c.obj)
                0x00000000000085c0                CC_PalMutexDestroy
 .text.CC_PalPowerSaveModeInit
                0x00000000000085d4       0x3c /home/rt/ncs/nrfxlib/crypto/nrf_cc310_platform/lib/cortex-m4/soft-float/no-interrupts/libnrf_cc310_platform_0.9.14.a(cc_pal_pm.c.obj)
                0x00000000000085d4                CC_PalPowerSaveModeInit
 .text.CC_PalPowerSaveModeSelect
                0x0000000000008610       0x88 /home/rt/ncs/nrfxlib/crypto/nrf_cc310_platform/lib/cortex-m4/soft-float/no-interrupts/libnrf_cc310_platform_0.9.14.a(cc_pal_pm.c.obj)
                0x0000000000008610                CC_PalPowerSaveModeSelect
 .text._OffsetAbsSyms
                0x0000000000008698        0x2 zephyr/CMakeFiles/offsets.dir/./arch/arm/core/offsets/offsets.c.obj
                0x0000000000008698                _OffsetAbsSyms
 .text.open_cab
                0x000000000000869a       0x84 app/libapp.a(cab.c.obj)
                0x000000000000869a                open_cab
 .text.sys_notify_validate
                0x000000000000871e       0x2e zephyr/libzephyr.a(notify.c.obj)
                0x000000000000871e                sys_notify_validate
 .text.arch_printk_char_out
                0x000000000000874c        0x4 zephyr/libzephyr.a(printk.c.obj)
                0x000000000000874c                arch_printk_char_out
 .text.printk   0x0000000000008750       0x1c zephyr/libzephyr.a(printk.c.obj)
                0x0000000000008750                printk
 .text.set_state
                0x000000000000876c       0x10 zephyr/libzephyr.a(onoff.c.obj)
 .text.notify_monitors
                0x000000000000877c       0x3e zephyr/libzephyr.a(onoff.c.obj)
 .text.process_recheck
                0x00000000000087ba       0x32 zephyr/libzephyr.a(onoff.c.obj)
 .text.validate_args
                0x00000000000087ec       0x2c zephyr/libzephyr.a(onoff.c.obj)
 .text.notify_one
                0x0000000000008818       0x26 zephyr/libzephyr.a(onoff.c.obj)
 .text.notify_all
                0x000000000000883e       0x2e zephyr/libzephyr.a(onoff.c.obj)
 .text.onoff_manager_init
                0x000000000000886c       0x38 zephyr/libzephyr.a(onoff.c.obj)
                0x000000000000886c                onoff_manager_init
 .text.z_thread_entry
                0x00000000000088a4       0x14 zephyr/libzephyr.a(thread_entry.c.obj)
                0x00000000000088a4                z_thread_entry
 .text.free_list_add_bidx
                0x00000000000088b8       0x50 zephyr/libzephyr.a(heap.c.obj)
 .text.free_list_add
                0x0000000000008908       0x18 zephyr/libzephyr.a(heap.c.obj)
 .text.extract_decimal
                0x0000000000008920       0x24 zephyr/libzephyr.a(cbprintf_complete.c.obj)
 .text.encode_uint
                0x0000000000008944       0xd4 zephyr/libzephyr.a(cbprintf_complete.c.obj)
 .text.outs     0x0000000000008a18       0x34 zephyr/libzephyr.a(cbprintf_complete.c.obj)
 .text.assert_post_action
                0x0000000000008a4c        0xe zephyr/libzephyr.a(assert.c.obj)
                0x0000000000008a4c                assert_post_action
 .text.assert_print
                0x0000000000008a5a       0x1c zephyr/libzephyr.a(assert.c.obj)
                0x0000000000008a5a                assert_print
 .text._ConfigAbsSyms
                0x0000000000008a76        0x2 zephyr/libzephyr.a(configs.c.obj)
                0x0000000000008a76                _ConfigAbsSyms
 .text.abort_function
                0x0000000000008a78        0x8 zephyr/libzephyr.a(nrf_cc3xx_platform_abort_zephyr.c.obj)
 .text.z_arm_fatal_error
                0x0000000000008a80        0x8 zephyr/arch/arch/arm/core/aarch32/libarch__arm__core__aarch32.a(fatal.c.obj)
                0x0000000000008a80                z_arm_fatal_error
 .text.z_do_kernel_oops
                0x0000000000008a88        0xc zephyr/arch/arch/arm/core/aarch32/libarch__arm__core__aarch32.a(fatal.c.obj)
                0x0000000000008a88                z_do_kernel_oops
 .text.z_irq_spurious
                0x0000000000008a94        0xc zephyr/arch/arch/arm/core/aarch32/libarch__arm__core__aarch32.a(irq_manage.c.obj)
                0x0000000000008a94                z_irq_spurious
 .text.z_arm_nmi
                0x0000000000008aa0        0xc zephyr/arch/arch/arm/core/aarch32/libarch__arm__core__aarch32.a(nmi.c.obj)
                0x0000000000008aa0                z_arm_nmi
 .text.memory_fault_recoverable
                0x0000000000008aac        0x4 zephyr/arch/arch/arm/core/aarch32/cortex_m/libarch__arm__core__aarch32__cortex_m.a(fault.c.obj)
 .text.debug_monitor
                0x0000000000008ab0        0x6 zephyr/arch/arch/arm/core/aarch32/cortex_m/libarch__arm__core__aarch32__cortex_m.a(fault.c.obj)
 .text.fault_handle
                0x0000000000008ab6       0x46 zephyr/arch/arch/arm/core/aarch32/cortex_m/libarch__arm__core__aarch32__cortex_m.a(fault.c.obj)
 .text.mpu_partition_is_valid
                0x0000000000008afc       0x22 zephyr/arch/arch/arm/core/aarch32/mpu/libarch__arm__core__aarch32__mpu.a(arm_mpu.c.obj)
 .text.region_allocate_and_init
                0x0000000000008b1e       0x16 zephyr/arch/arch/arm/core/aarch32/mpu/libarch__arm__core__aarch32__mpu.a(arm_mpu.c.obj)
 .text.mpu_configure_region
                0x0000000000008b34       0x3e zephyr/arch/arch/arm/core/aarch32/mpu/libarch__arm__core__aarch32__mpu.a(arm_mpu.c.obj)
 .text.mpu_configure_regions
                0x0000000000008b72       0x50 zephyr/arch/arch/arm/core/aarch32/mpu/libarch__arm__core__aarch32__mpu.a(arm_mpu.c.obj)
 .text.malloc   0x0000000000008bc2        0xe zephyr/lib/libc/minimal/liblib__libc__minimal.a(malloc.c.obj)
                0x0000000000008bc2                malloc
 .text.calloc   0x0000000000008bd0       0x32 zephyr/lib/libc/minimal/liblib__libc__minimal.a(malloc.c.obj)
                0x0000000000008bd0                calloc
 .text.strcpy   0x0000000000008c02       0x14 zephyr/lib/libc/minimal/liblib__libc__minimal.a(string.c.obj)
                0x0000000000008c02                strcpy
 .text.strncpy  0x0000000000008c16       0x34 zephyr/lib/libc/minimal/liblib__libc__minimal.a(string.c.obj)
                0x0000000000008c16                strncpy
 .text.strlen   0x0000000000008c4a       0x12 zephyr/lib/libc/minimal/liblib__libc__minimal.a(string.c.obj)
                0x0000000000008c4a                strlen
 .text.strnlen  0x0000000000008c5c       0x14 zephyr/lib/libc/minimal/liblib__libc__minimal.a(string.c.obj)
                0x0000000000008c5c                strnlen
 .text.memcpy   0x0000000000008c70       0x5e zephyr/lib/libc/minimal/liblib__libc__minimal.a(string.c.obj)
                0x0000000000008c70                memcpy
 .text.memset   0x0000000000008cce       0x3c zephyr/lib/libc/minimal/liblib__libc__minimal.a(string.c.obj)
                0x0000000000008cce                memset
 .text._stdout_hook_default
                0x0000000000008d0a        0x6 zephyr/lib/libc/minimal/liblib__libc__minimal.a(stdout_console.c.obj)
 .text.fputc    0x0000000000008d10        0x8 zephyr/lib/libc/minimal/liblib__libc__minimal.a(stdout_console.c.obj)
                0x0000000000008d10                fputc
 .text.nrf52_errata_197
                0x0000000000008d18       0x20 zephyr/soc/arm/nordic_nrf/nrf52/libsoc__arm__nordic_nrf__nrf52.a(soc.c.obj)
 .text.pm_state_set
                0x0000000000008d38       0x18 zephyr/soc/arm/nordic_nrf/nrf52/libsoc__arm__nordic_nrf__nrf52.a(power.c.obj)
                0x0000000000008d38                pm_state_set
 .text.pm_state_exit_post_ops
                0x0000000000008d50        0xc zephyr/soc/arm/nordic_nrf/nrf52/libsoc__arm__nordic_nrf__nrf52.a(power.c.obj)
                0x0000000000008d50                pm_state_exit_post_ops
 .text.get_sub_data
                0x0000000000008d5c        0xe zephyr/drivers/clock_control/libdrivers__clock_control.a(clock_control_nrf.c.obj)
 .text.get_sub_config
                0x0000000000008d6a        0x8 zephyr/drivers/clock_control/libdrivers__clock_control.a(clock_control_nrf.c.obj)
 .text.get_onoff_manager
                0x0000000000008d72        0x8 zephyr/drivers/clock_control/libdrivers__clock_control.a(clock_control_nrf.c.obj)
 .text.set_off_state
                0x0000000000008d7a       0x32 zephyr/drivers/clock_control/libdrivers__clock_control.a(clock_control_nrf.c.obj)
 .text.set_starting_state
                0x0000000000008dac       0x3c zephyr/drivers/clock_control/libdrivers__clock_control.a(clock_control_nrf.c.obj)
 .text.set_on_state
                0x0000000000008de8       0x26 zephyr/drivers/clock_control/libdrivers__clock_control.a(clock_control_nrf.c.obj)
 .text.clkstarted_handle
                0x0000000000008e0e       0x24 zephyr/drivers/clock_control/libdrivers__clock_control.a(clock_control_nrf.c.obj)
 .text.async_start
                0x0000000000008e32       0x38 zephyr/drivers/clock_control/libdrivers__clock_control.a(clock_control_nrf.c.obj)
 .text.api_start
                0x0000000000008e6a       0x10 zephyr/drivers/clock_control/libdrivers__clock_control.a(clock_control_nrf.c.obj)
 .text.onoff_started_callback
                0x0000000000008e7a       0x10 zephyr/drivers/clock_control/libdrivers__clock_control.a(clock_control_nrf.c.obj)
 .text.hfclk_start
                0x0000000000008e8a        0xa zephyr/drivers/clock_control/libdrivers__clock_control.a(clock_control_nrf.c.obj)
 .text.lfclk_start
                0x0000000000008e94        0xa zephyr/drivers/clock_control/libdrivers__clock_control.a(clock_control_nrf.c.obj)
 .text.hfclk_stop
                0x0000000000008e9e        0xa zephyr/drivers/clock_control/libdrivers__clock_control.a(clock_control_nrf.c.obj)
 .text.lfclk_stop
                0x0000000000008ea8        0xa zephyr/drivers/clock_control/libdrivers__clock_control.a(clock_control_nrf.c.obj)
 .text.api_stop
                0x0000000000008eb2        0xa zephyr/drivers/clock_control/libdrivers__clock_control.a(clock_control_nrf.c.obj)
 .text.blocking_start_callback
                0x0000000000008ebc        0xa zephyr/drivers/clock_control/libdrivers__clock_control.a(clock_control_nrf.c.obj)
 .text.get_drive
                0x0000000000008ec6       0x8c zephyr/drivers/gpio/libdrivers__gpio.a(gpio_nrfx.c.obj)
 .text.get_pull
                0x0000000000008f52       0x18 zephyr/drivers/gpio/libdrivers__gpio.a(gpio_nrfx.c.obj)
 .text.gpio_nrfx_port_get_raw
                0x0000000000008f6a        0xe zephyr/drivers/gpio/libdrivers__gpio.a(gpio_nrfx.c.obj)
 .text.gpio_nrfx_port_set_masked_raw
                0x0000000000008f78       0x16 zephyr/drivers/gpio/libdrivers__gpio.a(gpio_nrfx.c.obj)
 .text.gpio_nrfx_port_set_bits_raw
                0x0000000000008f8e        0xc zephyr/drivers/gpio/libdrivers__gpio.a(gpio_nrfx.c.obj)
 .text.gpio_nrfx_port_clear_bits_raw
                0x0000000000008f9a        0xc zephyr/drivers/gpio/libdrivers__gpio.a(gpio_nrfx.c.obj)
 .text.gpio_nrfx_port_toggle_bits
                0x0000000000008fa6       0x12 zephyr/drivers/gpio/libdrivers__gpio.a(gpio_nrfx.c.obj)
 .text.get_trigger
                0x0000000000008fb8       0x2c zephyr/drivers/gpio/libdrivers__gpio.a(gpio_nrfx.c.obj)
 .text.endtx_isr
                0x0000000000008fe4       0x32 zephyr/drivers/serial/libdrivers__serial.a(uart_nrfx_uarte.c.obj)
 .text.uarte_nrfx_isr_int
                0x0000000000009016       0x52 zephyr/drivers/serial/libdrivers__serial.a(uart_nrfx_uarte.c.obj)
 .text.uarte_nrfx_configure
                0x0000000000009068       0xa6 zephyr/drivers/serial/libdrivers__serial.a(uart_nrfx_uarte.c.obj)
 .text.uarte_nrfx_config_get
                0x000000000000910e       0x12 zephyr/drivers/serial/libdrivers__serial.a(uart_nrfx_uarte.c.obj)
 .text.uarte_nrfx_err_check
                0x0000000000009120        0xe zephyr/drivers/serial/libdrivers__serial.a(uart_nrfx_uarte.c.obj)
 .text.is_tx_ready
                0x000000000000912e       0x28 zephyr/drivers/serial/libdrivers__serial.a(uart_nrfx_uarte.c.obj)
 .text.uarte_enable
                0x0000000000009156        0xc zephyr/drivers/serial/libdrivers__serial.a(uart_nrfx_uarte.c.obj)
 .text.tx_start
                0x0000000000009162       0x3e zephyr/drivers/serial/libdrivers__serial.a(uart_nrfx_uarte.c.obj)
 .text.uarte_nrfx_poll_in
                0x00000000000091a0       0x2a zephyr/drivers/serial/libdrivers__serial.a(uart_nrfx_uarte.c.obj)
 .text.wait_tx_ready
                0x00000000000091ca       0x4e zephyr/drivers/serial/libdrivers__serial.a(uart_nrfx_uarte.c.obj)
 .text.uarte_instance_init
                0x0000000000009218       0xc2 zephyr/drivers/serial/libdrivers__serial.a(uart_nrfx_uarte.c.obj)
 .text.uarte_0_init
                0x00000000000092da       0x1e zephyr/drivers/serial/libdrivers__serial.a(uart_nrfx_uarte.c.obj)
 .text.uarte_1_init
                0x00000000000092f8       0x1e zephyr/drivers/serial/libdrivers__serial.a(uart_nrfx_uarte.c.obj)
 .text.sys_clock_idle_exit
                0x0000000000009316        0x2 zephyr/drivers/timer/libdrivers__timer.a(sys_clock_init.c.obj)
                0x0000000000009316                sys_clock_idle_exit
 .text.counter_sub
                0x0000000000009318        0x8 zephyr/drivers/timer/libdrivers__timer.a(nrf_rtc_timer.c.obj)
 .text.event_clear
                0x0000000000009320       0x18 zephyr/drivers/timer/libdrivers__timer.a(nrf_rtc_timer.c.obj)
 .text.absolute_time_to_cc
                0x0000000000009338        0x6 zephyr/drivers/timer/libdrivers__timer.a(nrf_rtc_timer.c.obj)
 .text.full_int_lock
                0x000000000000933e       0x12 zephyr/drivers/timer/libdrivers__timer.a(nrf_rtc_timer.c.obj)
 .text.full_int_unlock
                0x0000000000009350        0xa zephyr/drivers/timer/libdrivers__timer.a(nrf_rtc_timer.c.obj)
 .text.set_absolute_alarm
                0x000000000000935a       0x76 zephyr/drivers/timer/libdrivers__timer.a(nrf_rtc_timer.c.obj)
 .text.compare_set
                0x00000000000093d0       0x32 zephyr/drivers/timer/libdrivers__timer.a(nrf_rtc_timer.c.obj)
 .text.pinctrl_lookup_state
                0x0000000000009402       0x34 zephyr/drivers/pinctrl/libdrivers__pinctrl.a(common.c.obj)
                0x0000000000009402                pinctrl_lookup_state
 .text.k_sys_fatal_error_handler
                0x0000000000009436        0x8 modules/nrf/lib/fatal_error/lib..__nrf__lib__fatal_error.a(fatal_error.c.obj)
                0x0000000000009436                k_sys_fatal_error_handler
 .text.hw_cc3xx_init_internal
                0x000000000000943e        0x8 modules/nrf/drivers/hw_cc310/lib..__nrf__drivers__hw_cc310.a(hw_cc310.c.obj)
 .text.hw_cc3xx_init
                0x0000000000009446       0x14 modules/nrf/drivers/hw_cc310/lib..__nrf__drivers__hw_cc310.a(hw_cc310.c.obj)
 .text.nrf52_errata_36
                0x000000000000945a       0x14 modules/hal_nordic/nrfx/libmodules__hal_nordic__nrfx.a(system_nrf52840.c.obj)
 .text.nrf52_errata_66
                0x000000000000946e       0x14 modules/hal_nordic/nrfx/libmodules__hal_nordic__nrfx.a(system_nrf52840.c.obj)
 .text.nrf52_errata_98
                0x0000000000009482       0x26 modules/hal_nordic/nrfx/libmodules__hal_nordic__nrfx.a(system_nrf52840.c.obj)
 .text.nrf52_errata_103
                0x00000000000094a8       0x26 modules/hal_nordic/nrfx/libmodules__hal_nordic__nrfx.a(system_nrf52840.c.obj)
 .text.nrf52_errata_115
                0x00000000000094ce       0x26 modules/hal_nordic/nrfx/libmodules__hal_nordic__nrfx.a(system_nrf52840.c.obj)
 .text.nrf52_errata_120
                0x00000000000094f4       0x26 modules/hal_nordic/nrfx/libmodules__hal_nordic__nrfx.a(system_nrf52840.c.obj)
 .text.nrf52_errata_136
                0x000000000000951a       0x14 modules/hal_nordic/nrfx/libmodules__hal_nordic__nrfx.a(system_nrf52840.c.obj)
 .text.nrf52_configuration_249
                0x000000000000952e       0x20 modules/hal_nordic/nrfx/libmodules__hal_nordic__nrfx.a(system_nrf52840.c.obj)
 .text.nrfx_isr
                0x000000000000954e        0x6 modules/hal_nordic/nrfx/libmodules__hal_nordic__nrfx.a(nrfx_glue.c.obj)
                0x000000000000954e                nrfx_isr
 .text.nrfx_busy_wait
                0x0000000000009554        0x8 modules/hal_nordic/nrfx/libmodules__hal_nordic__nrfx.a(nrfx_glue.c.obj)
                0x0000000000009554                nrfx_busy_wait
 .text.clock_initial_lfclksrc_get
                0x000000000000955c        0x4 modules/hal_nordic/nrfx/libmodules__hal_nordic__nrfx.a(nrfx_clock.c.obj)
 .text.clock_lfclksrc_tweak
                0x0000000000009560       0x2c modules/hal_nordic/nrfx/libmodules__hal_nordic__nrfx.a(nrfx_clock.c.obj)
 .text.pin_is_task_output
                0x000000000000958c       0x1e modules/hal_nordic/nrfx/libmodules__hal_nordic__nrfx.a(nrfx_gpiote.c.obj)
 .text.pin_is_input
                0x00000000000095aa        0xe modules/hal_nordic/nrfx/libmodules__hal_nordic__nrfx.a(nrfx_gpiote.c.obj)
 .text.gpiote_polarity_to_trigger
                0x00000000000095b8        0x2 modules/hal_nordic/nrfx/libmodules__hal_nordic__nrfx.a(nrfx_gpiote.c.obj)
 .text.gpiote_trigger_to_polarity
                0x00000000000095ba        0x2 modules/hal_nordic/nrfx/libmodules__hal_nordic__nrfx.a(nrfx_gpiote.c.obj)
 .text.is_level
                0x00000000000095bc        0xa modules/hal_nordic/nrfx/libmodules__hal_nordic__nrfx.a(nrfx_gpiote.c.obj)
 .text.SEGGER_RTT_Init
                0x00000000000095c6        0x8 modules/segger/libmodules__segger.a(SEGGER_RTT.c.obj)
                0x00000000000095c6                SEGGER_RTT_Init
 .text.rtt_init
                0x00000000000095ce        0xa modules/segger/libmodules__segger.a(SEGGER_RTT_zephyr.c.obj)
 .text.z_device_is_ready
                0x00000000000095d8       0x1a zephyr/kernel/libkernel.a(device.c.obj)
                0x00000000000095d8                z_device_is_ready
 .text.z_early_memset
                0x00000000000095f2        0x8 zephyr/kernel/libkernel.a(init.c.obj)
                0x00000000000095f2                z_early_memset
 .text.z_early_memcpy
                0x00000000000095fa        0x8 zephyr/kernel/libkernel.a(init.c.obj)
                0x00000000000095fa                z_early_memcpy
 .text.create_free_list
                0x0000000000009602       0x2e zephyr/kernel/libkernel.a(mem_slab.c.obj)
 .text.k_mem_slab_init
                0x0000000000009630       0x1e zephyr/kernel/libkernel.a(mem_slab.c.obj)
                0x0000000000009630                k_mem_slab_init
 .text.setup_thread_stack
                0x000000000000964e       0x24 zephyr/kernel/libkernel.a(thread.c.obj)
 .text.k_is_in_isr
                0x0000000000009672        0xc zephyr/kernel/libkernel.a(thread.c.obj)
                0x0000000000009672                k_is_in_isr
 .text.z_impl_k_thread_start
                0x000000000000967e        0x8 zephyr/kernel/libkernel.a(thread.c.obj)
                0x000000000000967e                z_impl_k_thread_start
 .text.z_init_thread_base
                0x0000000000009686       0x16 zephyr/kernel/libkernel.a(thread.c.obj)
                0x0000000000009686                z_init_thread_base
 .text.z_pm_save_idle_exit
                0x000000000000969c        0xc zephyr/kernel/libkernel.a(idle.c.obj)
                0x000000000000969c                z_pm_save_idle_exit
 .text.new_prio_for_inheritance
                0x00000000000096a8       0x16 zephyr/kernel/libkernel.a(mutex.c.obj)
 .text.adjust_owner_prio
                0x00000000000096be       0x16 zephyr/kernel/libkernel.a(mutex.c.obj)
 .text.z_impl_k_mutex_init
                0x00000000000096d4        0xe zephyr/kernel/libkernel.a(mutex.c.obj)
                0x00000000000096d4                z_impl_k_mutex_init
 .text.z_impl_k_sem_init
                0x00000000000096e2       0x1e zephyr/kernel/libkernel.a(sem.c.obj)
                0x00000000000096e2                z_impl_k_sem_init
 .text.thread_active_elsewhere
                0x0000000000009700        0x4 zephyr/kernel/libkernel.a(sched.c.obj)
 .text.z_sched_prio_cmp
                0x0000000000009704       0x14 zephyr/kernel/libkernel.a(sched.c.obj)
                0x0000000000009704                z_sched_prio_cmp
 .text.z_reschedule_irqlock
                0x0000000000009718       0x2a zephyr/kernel/libkernel.a(sched.c.obj)
                0x0000000000009718                z_reschedule_irqlock
 .text.z_priq_dumb_best
                0x0000000000009742        0xe zephyr/kernel/libkernel.a(sched.c.obj)
                0x0000000000009742                z_priq_dumb_best
 .text.init_ready_q
                0x0000000000009750        0x8 zephyr/kernel/libkernel.a(sched.c.obj)
                0x0000000000009750                init_ready_q
 .text.remove_timeout
                0x0000000000009758       0x2e zephyr/kernel/libkernel.a(timeout.c.obj)
 .text.sys_clock_tick_get_32
                0x0000000000009786        0x8 zephyr/kernel/libkernel.a(timeout.c.obj)
                0x0000000000009786                sys_clock_tick_get_32
 .text.z_impl_k_uptime_ticks
                0x000000000000978e        0x8 zephyr/kernel/libkernel.a(timeout.c.obj)
                0x000000000000978e                z_impl_k_uptime_ticks
 .text.z_impl_k_busy_wait
                0x0000000000009796        0xc zephyr/kernel/libkernel.a(timeout.c.obj)
                0x0000000000009796                z_impl_k_busy_wait
 .text.k_heap_init
                0x00000000000097a2       0x10 zephyr/kernel/libkernel.a(kheap.c.obj)
                0x00000000000097a2                k_heap_init
 *(SORT_BY_ALIGNMENT(.TEXT.*))
 *fill*         0x00000000000097b2        0x2 
 .TEXT.z_arm_platform_init
                0x00000000000097b4        0x4 zephyr/libzephyr.a(soc_nrf_common.S.obj)
                0x00000000000097b4                z_arm_platform_init
 *(SORT_BY_ALIGNMENT(.gnu.linkonce.t.*))
 *(SORT_BY_ALIGNMENT(.glue_7t))
 .glue_7t       0x00000000000097b8        0x0 linker stubs
 *(SORT_BY_ALIGNMENT(.glue_7))
 .glue_7        0x00000000000097b8        0x0 linker stubs
 *(SORT_BY_ALIGNMENT(.vfp11_veneer))
 .vfp11_veneer  0x00000000000097b8        0x0 linker stubs
 *(SORT_BY_ALIGNMENT(.v4_bx))
 .v4_bx         0x00000000000097b8        0x0 linker stubs
                0x00000000000097b8                __text_region_end = .

.ARM.exidx      0x00000000000097b8        0x8
                0x00000000000097b8                __exidx_start = .
 *(SORT_BY_ALIGNMENT(.ARM.exidx*) SORT_BY_ALIGNMENT(gnu.linkonce.armexidx.*))
 .ARM.exidx     0x00000000000097b8        0x8 /home/rt/zephyr-sdk-0.14.1/arm-zephyr-eabi/bin/../lib/gcc/arm-zephyr-eabi/10.3.0/thumb/v7e-m/nofp/libgcc.a(_udivmoddi4.o)
                0x00000000000097c0                __exidx_end = .
                0x00000000000097c0                __rodata_region_start = .

initlevel       0x00000000000097c0       0x68
                0x00000000000097c0                __init_start = .
                0x00000000000097c0                __init_PRE_KERNEL_1_start = .
 *(SORT_BY_NAME(SORT_BY_ALIGNMENT(.z_init_PRE_KERNEL_1[0-9]_*)))
 .z_init_PRE_KERNEL_10_
                0x00000000000097c0        0x8 zephyr/soc/arm/nordic_nrf/nrf52/libsoc__arm__nordic_nrf__nrf52.a(soc.c.obj)
 *(SORT_BY_NAME(SORT_BY_ALIGNMENT(.z_init_PRE_KERNEL_1[1-9][0-9]_*)))
 .z_init_PRE_KERNEL_130_
                0x00000000000097c8        0x8 zephyr/drivers/clock_control/libdrivers__clock_control.a(clock_control_nrf.c.obj)
 .z_init_PRE_KERNEL_130_
                0x00000000000097d0        0x8 modules/segger/libmodules__segger.a(SEGGER_RTT_zephyr.c.obj)
 .z_init_PRE_KERNEL_130_
                0x00000000000097d8        0x8 zephyr/kernel/libkernel.a(mem_slab.c.obj)
 .z_init_PRE_KERNEL_130_
                0x00000000000097e0        0x8 zephyr/kernel/libkernel.a(kheap.c.obj)
 .z_init_PRE_KERNEL_140_
                0x00000000000097e8       0x10 zephyr/drivers/gpio/libdrivers__gpio.a(gpio_nrfx.c.obj)
 .z_init_PRE_KERNEL_140_
                0x00000000000097f8        0x8 modules/nrf/drivers/hw_cc310/lib..__nrf__drivers__hw_cc310.a(hw_cc310.c.obj)
 .z_init_PRE_KERNEL_155_
                0x0000000000009800       0x10 zephyr/drivers/serial/libdrivers__serial.a(uart_nrfx_uarte.c.obj)
 .z_init_PRE_KERNEL_160_
                0x0000000000009810        0x8 zephyr/drivers/console/libdrivers__console.a(uart_console.c.obj)
                0x0000000000009818                __init_PRE_KERNEL_2_start = .
 *(SORT_BY_NAME(SORT_BY_ALIGNMENT(.z_init_PRE_KERNEL_2[0-9]_*)))
 .z_init_PRE_KERNEL_20_
                0x0000000000009818        0x8 zephyr/drivers/timer/libdrivers__timer.a(nrf_rtc_timer.c.obj)
 *(SORT_BY_NAME(SORT_BY_ALIGNMENT(.z_init_PRE_KERNEL_2[1-9][0-9]_*)))
                0x0000000000009820                __init_POST_KERNEL_start = .
 *(SORT_BY_NAME(SORT_BY_ALIGNMENT(.z_init_POST_KERNEL[0-9]_*)))
 *(SORT_BY_NAME(SORT_BY_ALIGNMENT(.z_init_POST_KERNEL[1-9][0-9]_*)))
 .z_init_POST_KERNEL40_
                0x0000000000009820        0x8 modules/nrf/drivers/hw_cc310/lib..__nrf__drivers__hw_cc310.a(hw_cc310.c.obj)
                0x0000000000009828                __init_APPLICATION_start = .
 *(SORT_BY_NAME(SORT_BY_ALIGNMENT(.z_init_APPLICATION[0-9]_*)))
 *(SORT_BY_NAME(SORT_BY_ALIGNMENT(.z_init_APPLICATION[1-9][0-9]_*)))
                0x0000000000009828                __init_SMP_start = .
 *(SORT_BY_NAME(SORT_BY_ALIGNMENT(.z_init_SMP[0-9]_*)))
 *(SORT_BY_NAME(SORT_BY_ALIGNMENT(.z_init_SMP[1-9][0-9]_*)))
                0x0000000000009828                __init_end = .

devices         0x0000000000009828       0x78
                0x0000000000009828                __device_start = .
                0x0000000000009828                __device_PRE_KERNEL_1_start = .
 *(SORT_BY_NAME(SORT_BY_ALIGNMENT(.z_device_PRE_KERNEL_1[0-9]_*)))
 *(SORT_BY_NAME(SORT_BY_ALIGNMENT(.z_device_PRE_KERNEL_1[1-9][0-9]_*)))
 .z_device_PRE_KERNEL_130_
                0x0000000000009828       0x18 zephyr/drivers/clock_control/libdrivers__clock_control.a(clock_control_nrf.c.obj)
                0x0000000000009828                __device_dts_ord_72
 .z_device_PRE_KERNEL_140_
                0x0000000000009840       0x30 zephyr/drivers/gpio/libdrivers__gpio.a(gpio_nrfx.c.obj)
                0x0000000000009840                __device_dts_ord_104
                0x0000000000009858                __device_dts_ord_11
 .z_device_PRE_KERNEL_155_
                0x0000000000009870       0x30 zephyr/drivers/serial/libdrivers__serial.a(uart_nrfx_uarte.c.obj)
                0x0000000000009870                __device_dts_ord_113
                0x0000000000009888                __device_dts_ord_112
                0x00000000000098a0                __device_PRE_KERNEL_2_start = .
 *(SORT_BY_NAME(SORT_BY_ALIGNMENT(.z_device_PRE_KERNEL_2[0-9]_*)))
 *(SORT_BY_NAME(SORT_BY_ALIGNMENT(.z_device_PRE_KERNEL_2[1-9][0-9]_*)))
                0x00000000000098a0                __device_POST_KERNEL_start = .
 *(SORT_BY_NAME(SORT_BY_ALIGNMENT(.z_device_POST_KERNEL[0-9]_*)))
 *(SORT_BY_NAME(SORT_BY_ALIGNMENT(.z_device_POST_KERNEL[1-9][0-9]_*)))
                0x00000000000098a0                __device_APPLICATION_start = .
 *(SORT_BY_NAME(SORT_BY_ALIGNMENT(.z_device_APPLICATION[0-9]_*)))
 *(SORT_BY_NAME(SORT_BY_ALIGNMENT(.z_device_APPLICATION[1-9][0-9]_*)))
                0x00000000000098a0                __device_SMP_start = .
 *(SORT_BY_NAME(SORT_BY_ALIGNMENT(.z_device_SMP[0-9]_*)))
 *(SORT_BY_NAME(SORT_BY_ALIGNMENT(.z_device_SMP[1-9][0-9]_*)))
                0x00000000000098a0                __device_end = .

sw_isr_table    0x00000000000098a0      0x180
                0x00000000000098a0                . = ALIGN (0x0)
 *(SORT_BY_ALIGNMENT(.gnu.linkonce.sw_isr_table*))
 .gnu.linkonce.sw_isr_table
                0x00000000000098a0      0x180 zephyr/arch/common/libisr_tables.a(isr_tables.c.obj)
                0x00000000000098a0                _sw_isr_table

initlevel_error
                0x00000000000097c0        0x0
 *(SORT_BY_NAME(SORT_BY_ALIGNMENT(.z_init_[_A-Z0-9]*)))
                0x0000000000000001                ASSERT ((SIZEOF (initlevel_error) == 0x0), Undefined initialization levels used.)

app_shmem_regions
                0x0000000000009a20        0x0
                0x0000000000009a20                __app_shmem_regions_start = .
 *(SORT_BY_NAME(SORT_BY_ALIGNMENT(.app_regions.*)))
                0x0000000000009a20                __app_shmem_regions_end = .

bt_l2cap_fixed_chan_area
                0x0000000000009a20        0x0
                0x0000000000009a20                _bt_l2cap_fixed_chan_list_start = .
 *(SORT_BY_NAME(SORT_BY_ALIGNMENT(._bt_l2cap_fixed_chan.static.*)))
                0x0000000000009a20                _bt_l2cap_fixed_chan_list_end = .

bt_gatt_service_static_area
                0x0000000000009a20        0x0
                0x0000000000009a20                _bt_gatt_service_static_list_start = .
 *(SORT_BY_NAME(SORT_BY_ALIGNMENT(._bt_gatt_service_static.static.*)))
                0x0000000000009a20                _bt_gatt_service_static_list_end = .

k_p4wq_initparam_area
                0x0000000000009a20        0x0
                0x0000000000009a20                _k_p4wq_initparam_list_start = .
 *(SORT_BY_NAME(SORT_BY_ALIGNMENT(._k_p4wq_initparam.static.*)))
                0x0000000000009a20                _k_p4wq_initparam_list_end = .

log_strings_sections
                0x0000000000009a20        0x0
                0x0000000000009a20                __log_strings_start = .
 *(SORT_BY_NAME(SORT_BY_ALIGNMENT(.log_strings*)))
                0x0000000000009a20                __log_strings_end = .

log_const_sections
                0x0000000000009a20        0x0
                0x0000000000009a20                __log_const_start = .
 *(SORT_BY_NAME(SORT_BY_ALIGNMENT(.log_const_*)))
                0x0000000000009a20                __log_const_end = .

log_backends_sections
                0x0000000000009a20        0x0
                0x0000000000009a20                __log_backends_start = .
 *(SORT_BY_ALIGNMENT(._log_backend.*))
                0x0000000000009a20                __log_backends_end = .

shell_area      0x0000000000009a20        0x0
                0x0000000000009a20                _shell_list_start = .
 *(SORT_BY_NAME(SORT_BY_ALIGNMENT(._shell.static.*)))
                0x0000000000009a20                _shell_list_end = .

shell_root_cmds_sections
                0x0000000000009a20        0x0
                0x0000000000009a20                __shell_root_cmds_start = .
 *(SORT_BY_NAME(SORT_BY_ALIGNMENT(.shell_root_cmd_*)))
                0x0000000000009a20                __shell_root_cmds_end = .

font_entry_sections
                0x0000000000009a20        0x0
                0x0000000000009a20                __font_entry_start = .
 *(SORT_BY_NAME(SORT_BY_ALIGNMENT(._cfb_font.*)))
                0x0000000000009a20                __font_entry_end = .

tracing_backend_area
                0x0000000000009a20        0x0
                0x0000000000009a20                _tracing_backend_list_start = .
 *(SORT_BY_NAME(SORT_BY_ALIGNMENT(._tracing_backend.static.*)))
                0x0000000000009a20                _tracing_backend_list_end = .

zephyr_dbg_info
                0x0000000000009a20       0x3c
 *(SORT_BY_ALIGNMENT(.dbg_thread_info))
 .dbg_thread_info
                0x0000000000009a20       0x3c zephyr/libzephyr.a(thread_info.c.obj)
                0x0000000000009a20                _kernel_openocd_size_t_size
                0x0000000000009a20                _kernel_thread_info_size_t_size
                0x0000000000009a24                _kernel_thread_info_num_offsets
                0x0000000000009a24                _kernel_openocd_num_offsets
                0x0000000000009a28                _kernel_thread_info_offsets
                0x0000000000009a28                _kernel_openocd_offsets

device_handles  0x0000000000009a5c       0x48
                0x0000000000009a5c                __device_handles_start = .
 *(SORT_BY_NAME(SORT_BY_ALIGNMENT(.__device_handles_pass1*)))
 .__device_handles_pass1
                0x0000000000009a5c        0xa zephyr/drivers/clock_control/libdrivers__clock_control.a(clock_control_nrf.c.obj)
                0x0000000000009a5c                __devicehdl_DT_N_S_soc_S_clock_40000000
 .__device_handles_pass1
                0x0000000000009a66       0x22 zephyr/drivers/gpio/libdrivers__gpio.a(gpio_nrfx.c.obj)
                0x0000000000009a66                __devicehdl_DT_N_S_soc_S_gpio_50000300
                0x0000000000009a70                __devicehdl_DT_N_S_soc_S_gpio_50000000
 .__device_handles_pass1
                0x0000000000009a88       0x1c zephyr/drivers/serial/libdrivers__serial.a(uart_nrfx_uarte.c.obj)
                0x0000000000009a88                __devicehdl_DT_N_S_soc_S_uart_40028000
                0x0000000000009a96                __devicehdl_DT_N_S_soc_S_uart_40002000
                0x0000000000009aa4                __device_handles_end = .

rodata          0x0000000000009ab0     0x13f8
 *(SORT_BY_ALIGNMENT(.rodata))
 .rodata        0x0000000000009ab0        0x8 modules/hal_nordic/nrfx/libmodules__hal_nordic__nrfx.a(nrfx_gpiote.c.obj)
 *(SORT_BY_ALIGNMENT(.rodata.*))
 *fill*         0x0000000000009ab8        0x8 
 .rodata.delay_machine_code.0
                0x0000000000009ac0        0x6 zephyr/soc/arm/nordic_nrf/nrf52/libsoc__arm__nordic_nrf__nrf52.a(soc.c.obj)
 *fill*         0x0000000000009ac6        0x2 
 .rodata.thread_A_code.str1.4
                0x0000000000009ac8       0x73 app/libapp.a(main.c.obj)
 *fill*         0x0000000000009b3b        0x1 
 .rodata.thread_B_code.str1.4
                0x0000000000009b3c       0xaf app/libapp.a(main.c.obj)
 *fill*         0x0000000000009beb        0x1 
 .rodata.thread_C_code.str1.4
                0x0000000000009bec       0x8e app/libapp.a(main.c.obj)
 *fill*         0x0000000000009c7a        0x2 
 .rodata.main.str1.4
                0x0000000000009c7c       0x5a app/libapp.a(main.c.obj)
 *fill*         0x0000000000009cd6        0x2 
 .rodata.sys_notify_finalize.str1.4
                0x0000000000009cd8       0x45 zephyr/libzephyr.a(notify.c.obj)
 *fill*         0x0000000000009d1d        0x3 
 .rodata.process_complete.str1.4
                0x0000000000009d20       0x4b zephyr/libzephyr.a(onoff.c.obj)
                                         0x6e (size before relaxing)
 *fill*         0x0000000000009d6b        0x1 
 .rodata.process_event.str1.4
                0x0000000000009d6c      0x13c zephyr/libzephyr.a(onoff.c.obj)
 .rodata.sys_heap_free.str1.4
                0x0000000000009ea8       0xd4 zephyr/libzephyr.a(heap.c.obj)
                                         0xf4 (size before relaxing)
 .rodata.sys_heap_init.str1.4
                0x0000000000009f7c       0xc7 zephyr/libzephyr.a(heap.c.obj)
 *fill*         0x000000000000a043        0x1 
 .rodata.cbvprintf.str1.4
                0x000000000000a044        0x6 zephyr/libzephyr.a(cbprintf_complete.c.obj)
 *fill*         0x000000000000a04a        0x2 
 .rodata.sys_reboot.str1.4
                0x000000000000a04c       0x29 zephyr/libzephyr.a(reboot.c.obj)
 .rodata.pm_system_resume.str1.4
                0x000000000000a075       0xad zephyr/libzephyr.a(pm.c.obj)
 *fill*         0x000000000000a075        0x3 
 .rodata.pmstates_DT_N_S_cpus_S_cpu_0
                0x000000000000a078        0x0 zephyr/libzephyr.a(state.c.obj)
 .rodata.apis   0x000000000000a078        0x8 zephyr/libzephyr.a(nrf_cc3xx_platform_abort_zephyr.c.obj)
 .rodata.mutex_free_platform.str1.4
                0x000000000000a080       0x26 zephyr/libzephyr.a(nrf_cc3xx_platform_mutex_zephyr.c.obj)
 *fill*         0x000000000000a0a6        0x2 
 .rodata.mutex_init_platform.str1.4
                0x000000000000a0a8       0x2d zephyr/libzephyr.a(nrf_cc3xx_platform_mutex_zephyr.c.obj)
 *fill*         0x000000000000a0d5        0x3 
 .rodata.mutex_apis
                0x000000000000a0d8       0x10 zephyr/libzephyr.a(nrf_cc3xx_platform_mutex_zephyr.c.obj)
 .rodata.mutexes
                0x000000000000a0e8       0x14 zephyr/libzephyr.a(nrf_cc3xx_platform_mutex_zephyr.c.obj)
 .rodata.z_arm_irq_priority_set.str1.4
                0x000000000000a0fc       0x94 zephyr/arch/arch/arm/core/aarch32/libarch__arm__core__aarch32.a(irq_manage.c.obj)
                                         0xb4 (size before relaxing)
 .rodata.mem_manage_fault.str1.4
                0x000000000000a190       0xab zephyr/arch/arch/arm/core/aarch32/cortex_m/libarch__arm__core__aarch32__cortex_m.a(fault.c.obj)
                                         0xcb (size before relaxing)
 *fill*         0x000000000000a23b        0x1 
 .rodata.hard_fault.str1.4
                0x000000000000a23c       0x54 zephyr/arch/arch/arm/core/aarch32/cortex_m/libarch__arm__core__aarch32__cortex_m.a(fault.c.obj)
                                         0x58 (size before relaxing)
 .rodata.z_arm_fault.str1.4
                0x000000000000a290       0x52 zephyr/arch/arch/arm/core/aarch32/cortex_m/libarch__arm__core__aarch32__cortex_m.a(fault.c.obj)
 *fill*         0x000000000000a2e2        0x2 
 .rodata.static_regions
                0x000000000000a2e4        0xc zephyr/arch/arch/arm/core/aarch32/mpu/libarch__arm__core__aarch32__mpu.a(arm_core_mpu.c.obj)
 .rodata.arm_core_mpu_configure_static_mpu_regions.str1.4
                0x000000000000a2f0       0x64 zephyr/arch/arch/arm/core/aarch32/mpu/libarch__arm__core__aarch32__mpu.a(arm_mpu.c.obj)
                                         0x88 (size before relaxing)
 .rodata.arm_core_mpu_configure_dynamic_mpu_regions.str1.4
                0x000000000000a354       0x2d zephyr/arch/arch/arm/core/aarch32/mpu/libarch__arm__core__aarch32__mpu.a(arm_mpu.c.obj)
 *fill*         0x000000000000a381        0x3 
 .rodata.z_arm_mpu_init.str1.4
                0x000000000000a384       0xa5 zephyr/arch/arch/arm/core/aarch32/mpu/libarch__arm__core__aarch32__mpu.a(arm_mpu.c.obj)
 *fill*         0x000000000000a429        0x3 
 .rodata.str1.4
                0x000000000000a42c        0xf zephyr/soc/arm/common/cortex_m/libsoc__arm__common__cortex_m.a(arm_mpu_regions.c.obj)
 *fill*         0x000000000000a43b        0x1 
 .rodata.mpu_config
                0x000000000000a43c        0x8 zephyr/soc/arm/common/cortex_m/libsoc__arm__common__cortex_m.a(arm_mpu_regions.c.obj)
                0x000000000000a43c                mpu_config
 .rodata.mpu_regions
                0x000000000000a444       0x18 zephyr/soc/arm/common/cortex_m/libsoc__arm__common__cortex_m.a(arm_mpu_regions.c.obj)
 .rodata.get_status.str1.4
                0x000000000000a45c       0x64 zephyr/drivers/clock_control/libdrivers__clock_control.a(clock_control_nrf.c.obj)
                                         0x81 (size before relaxing)
 .rodata.clock_event_handler.str1.4
                0x000000000000a4c0        0x2 zephyr/drivers/clock_control/libdrivers__clock_control.a(clock_control_nrf.c.obj)
 .rodata.z_nrf_clock_control_lf_on.str1.4
                0x000000000000a4c0        0x9 zephyr/drivers/clock_control/libdrivers__clock_control.a(clock_control_nrf.c.obj)
 *fill*         0x000000000000a4c9        0x3 
 .rodata.str1.4
                0x000000000000a4cc        0x6 zephyr/drivers/clock_control/libdrivers__clock_control.a(clock_control_nrf.c.obj)
 *fill*         0x000000000000a4d2        0x2 
 .rodata.clock_control_api
                0x000000000000a4d4       0x18 zephyr/drivers/clock_control/libdrivers__clock_control.a(clock_control_nrf.c.obj)
 .rodata.config
                0x000000000000a4ec       0x10 zephyr/drivers/clock_control/libdrivers__clock_control.a(clock_control_nrf.c.obj)
 .rodata.transitions.0
                0x000000000000a4fc        0xc zephyr/drivers/clock_control/libdrivers__clock_control.a(clock_control_nrf.c.obj)
 .rodata.gpio_nrfx_manage_callback.str1.4
                0x000000000000a508       0x77 zephyr/drivers/gpio/libdrivers__gpio.a(gpio_nrfx.c.obj)
                                         0x97 (size before relaxing)
 *fill*         0x000000000000a57f        0x1 
 .rodata.nrfx_gpio_handler.str1.4
                0x000000000000a580        0xc zephyr/drivers/gpio/libdrivers__gpio.a(gpio_nrfx.c.obj)
 .rodata.gpio_nrfx_pin_interrupt_configure.str1.4
                0x000000000000a58c       0x57 zephyr/drivers/gpio/libdrivers__gpio.a(gpio_nrfx.c.obj)
                                         0x5a (size before relaxing)
 *fill*         0x000000000000a5e3        0x1 
 .rodata.str1.4
                0x000000000000a5e4        0xf zephyr/drivers/gpio/libdrivers__gpio.a(gpio_nrfx.c.obj)
 *fill*         0x000000000000a5f3        0x1 
 .rodata.gpio_nrfx_drv_api_funcs
                0x000000000000a5f4       0x24 zephyr/drivers/gpio/libdrivers__gpio.a(gpio_nrfx.c.obj)
 .rodata.gpio_nrfx_p0_cfg
                0x000000000000a618       0x10 zephyr/drivers/gpio/libdrivers__gpio.a(gpio_nrfx.c.obj)
 .rodata.gpio_nrfx_p1_cfg
                0x000000000000a628       0x10 zephyr/drivers/gpio/libdrivers__gpio.a(gpio_nrfx.c.obj)
 .rodata.str1.4
                0x000000000000a638        0xf zephyr/drivers/serial/libdrivers__serial.a(uart_nrfx_uarte.c.obj)
 *fill*         0x000000000000a647        0x1 
 .rodata.__pinctrl_dev_config__device_dts_ord_112
                0x000000000000a648        0xc zephyr/drivers/serial/libdrivers__serial.a(uart_nrfx_uarte.c.obj)
 .rodata.__pinctrl_dev_config__device_dts_ord_113
                0x000000000000a654        0xc zephyr/drivers/serial/libdrivers__serial.a(uart_nrfx_uarte.c.obj)
 .rodata.__pinctrl_state_pins_0__device_dts_ord_112
                0x000000000000a660       0x10 zephyr/drivers/serial/libdrivers__serial.a(uart_nrfx_uarte.c.obj)
 .rodata.__pinctrl_state_pins_0__device_dts_ord_113
                0x000000000000a670        0x8 zephyr/drivers/serial/libdrivers__serial.a(uart_nrfx_uarte.c.obj)
 .rodata.__pinctrl_states__device_dts_ord_112
                0x000000000000a678        0x8 zephyr/drivers/serial/libdrivers__serial.a(uart_nrfx_uarte.c.obj)
 .rodata.__pinctrl_states__device_dts_ord_113
                0x000000000000a680        0x8 zephyr/drivers/serial/libdrivers__serial.a(uart_nrfx_uarte.c.obj)
 .rodata.uart_nrfx_uarte_driver_api
                0x000000000000a688       0x14 zephyr/drivers/serial/libdrivers__serial.a(uart_nrfx_uarte.c.obj)
 .rodata.uarte_0z_config
                0x000000000000a69c       0x10 zephyr/drivers/serial/libdrivers__serial.a(uart_nrfx_uarte.c.obj)
 .rodata.uarte_1z_config
                0x000000000000a6ac       0x10 zephyr/drivers/serial/libdrivers__serial.a(uart_nrfx_uarte.c.obj)
 .rodata.nrf_pin_configure.str1.4
                0x000000000000a6bc       0x7a zephyr/drivers/pinctrl/libdrivers__pinctrl.a(pinctrl_nrf.c.obj)
 .rodata.clock_stop.str1.4
                0x000000000000a6bc       0x74 modules/hal_nordic/nrfx/libmodules__hal_nordic__nrfx.a(nrfx_clock.c.obj)
                                         0x98 (size before relaxing)
 .rodata.nrfx_clock_init.str1.4
                0x000000000000a730        0xe modules/hal_nordic/nrfx/libmodules__hal_nordic__nrfx.a(nrfx_clock.c.obj)
 *fill*         0x000000000000a73e        0x2 
 .rodata.nrfx_clock_enable.str1.4
                0x000000000000a740       0x1e modules/hal_nordic/nrfx/libmodules__hal_nordic__nrfx.a(nrfx_clock.c.obj)
 *fill*         0x000000000000a75e        0x2 
 .rodata.release_handler.str1.4
                0x000000000000a760       0x54 modules/hal_nordic/nrfx/libmodules__hal_nordic__nrfx.a(nrfx_gpiote.c.obj)
                                         0x71 (size before relaxing)
 .rodata.next_sense_cond_call_handler.str1.4
                0x000000000000a7b4       0x5a modules/hal_nordic/nrfx/libmodules__hal_nordic__nrfx.a(nrfx_gpiote.c.obj)
 .rodata.nrfx_gpiote_channel_get.str1.4
                0x000000000000a7b4        0xa modules/hal_nordic/nrfx/libmodules__hal_nordic__nrfx.a(nrfx_gpiote.c.obj)
 *fill*         0x000000000000a7be        0x2 
 .rodata.nrfx_gpiote_out_task_get.str1.4
                0x000000000000a7c0       0x42 modules/hal_nordic/nrfx/libmodules__hal_nordic__nrfx.a(nrfx_gpiote.c.obj)
 *fill*         0x000000000000a802        0x2 
 .rodata.nrfx_gpiote_trigger_enable.str1.4
                0x000000000000a804       0x23 modules/hal_nordic/nrfx/libmodules__hal_nordic__nrfx.a(nrfx_gpiote.c.obj)
 *fill*         0x000000000000a827        0x1 
 .rodata._DoInit.str1.4
                0x000000000000a828       0x17 modules/segger/libmodules__segger.a(SEGGER_RTT.c.obj)
 *fill*         0x000000000000a83f        0x1 
 .rodata.levels.0
                0x000000000000a840       0x14 zephyr/kernel/libkernel.a(device.c.obj)
 .rodata._k_neg_eagain
                0x000000000000a854        0x4 zephyr/kernel/libkernel.a(errno.c.obj)
                0x000000000000a854                _k_neg_eagain
 .rodata.z_fatal_error.str1.4
                0x000000000000a858       0x79 zephyr/kernel/libkernel.a(fatal.c.obj)
                                         0x99 (size before relaxing)
 *fill*         0x000000000000a8d1        0x3 
 .rodata.init_idle_thread.str1.4
                0x000000000000a8d4        0x5 zephyr/kernel/libkernel.a(init.c.obj)
 *fill*         0x000000000000a8d9        0x3 
 .rodata.prepare_multithreading.str1.4
                0x000000000000a8dc        0x5 zephyr/kernel/libkernel.a(init.c.obj)
 *fill*         0x000000000000a8e1        0x3 
 .rodata.init_mem_slab_module.str1.4
                0x000000000000a8e4       0x67 zephyr/kernel/libkernel.a(mem_slab.c.obj)
                                         0x87 (size before relaxing)
 .rodata.k_mem_slab_alloc.str1.4
                0x000000000000a94b       0x8d zephyr/kernel/libkernel.a(mem_slab.c.obj)
 *fill*         0x000000000000a94b        0x1 
 .rodata.k_thread_foreach.str1.4
                0x000000000000a94c       0x56 zephyr/kernel/libkernel.a(thread.c.obj)
                                        0x105 (size before relaxing)
 *fill*         0x000000000000a9a2        0x2 
 .rodata.z_setup_new_thread.str1.4
                0x000000000000a9a4       0xb1 zephyr/kernel/libkernel.a(thread.c.obj)
 *fill*         0x000000000000aa55        0x3 
 .rodata.z_impl_k_thread_create.str1.4
                0x000000000000aa58       0x39 zephyr/kernel/libkernel.a(thread.c.obj)
 *fill*         0x000000000000aa91        0x3 
 .rodata.z_init_static_threads.str1.4
                0x000000000000aa94       0x2d zephyr/kernel/libkernel.a(thread.c.obj)
                                         0x4f (size before relaxing)
 *fill*         0x000000000000aac1        0x3 
 .rodata.idle.str1.4
                0x000000000000aac4       0x4c zephyr/kernel/libkernel.a(idle.c.obj)
                                         0x69 (size before relaxing)
 .rodata.z_impl_k_mutex_lock.str1.4
                0x000000000000ab10       0x49 zephyr/kernel/libkernel.a(mutex.c.obj)
                                        0x10d (size before relaxing)
 *fill*         0x000000000000ab59        0x3 
 .rodata.z_impl_k_mutex_unlock.str1.4
                0x000000000000ab5c       0x79 zephyr/kernel/libkernel.a(mutex.c.obj)